Archive member included because of file (symbol)

/cygdrive/c/Eclipse/GNUARM/bin/../lib/gcc/arm-elf/4.3.2/libgcc.a(_udivsi3.o)
                              ./fat/ff.o (__udivsi3)
/cygdrive/c/Eclipse/GNUARM/bin/../lib/gcc/arm-elf/4.3.2/libgcc.a(_divsi3.o)
                              ./fat/ff.o (__divsi3)
/cygdrive/c/Eclipse/GNUARM/bin/../lib/gcc/arm-elf/4.3.2/libgcc.a(_umodsi3.o)
                              ./System/rprintf.o (__umodsi3)
/cygdrive/c/Eclipse/GNUARM/bin/../lib/gcc/arm-elf/4.3.2/libgcc.a(_dvmd_tls.o)
                              /cygdrive/c/Eclipse/GNUARM/bin/../lib/gcc/arm-elf/4.3.2/libgcc.a(_udivsi3.o) (__div0)
/cygdrive/c/Eclipse/GNUARM/bin/../lib/gcc/arm-elf/4.3.2/libgcc.a(_divdi3.o)
                              ./FreeRTOS/tasks.o (__divdi3)
/cygdrive/c/Eclipse/GNUARM/bin/../lib/gcc/arm-elf/4.3.2/libgcc.a(_udivdi3.o)
                              ./FreeRTOS/tasks.o (__udivdi3)
/cygdrive/c/Eclipse/GNUARM/bin/../lib/gcc/arm-elf/4.3.2/libgcc.a(_clz.o)
                              /cygdrive/c/Eclipse/GNUARM/bin/../lib/gcc/arm-elf/4.3.2/libgcc.a(_divdi3.o) (__clz_tab)
/cygdrive/c/Eclipse/GNUARM/bin/../lib/gcc/arm-elf/4.3.2/../../../../arm-elf/lib/libc.a(lib_a-atoi.o)
                              ./General/userInterface.o (atoi)
/cygdrive/c/Eclipse/GNUARM/bin/../lib/gcc/arm-elf/4.3.2/../../../../arm-elf/lib/libc.a(lib_a-iprintf.o)
                              ./General/userInterface.o (iprintf)
/cygdrive/c/Eclipse/GNUARM/bin/../lib/gcc/arm-elf/4.3.2/../../../../arm-elf/lib/libc.a(lib_a-malloc.o)
                              ./FreeRTOS/heap_3.o (free)
/cygdrive/c/Eclipse/GNUARM/bin/../lib/gcc/arm-elf/4.3.2/../../../../arm-elf/lib/libc.a(lib_a-mallocr.o)
                              /cygdrive/c/Eclipse/GNUARM/bin/../lib/gcc/arm-elf/4.3.2/../../../../arm-elf/lib/libc.a(lib_a-malloc.o) (_malloc_r)
/cygdrive/c/Eclipse/GNUARM/bin/../lib/gcc/arm-elf/4.3.2/../../../../arm-elf/lib/libc.a(lib_a-memcmp.o)
                              ./FreeRTOS/tasks.o (memcmp)
/cygdrive/c/Eclipse/GNUARM/bin/../lib/gcc/arm-elf/4.3.2/../../../../arm-elf/lib/libc.a(lib_a-memcpy.o)
                              ./drivers/i2c.o (memcpy)
/cygdrive/c/Eclipse/GNUARM/bin/../lib/gcc/arm-elf/4.3.2/../../../../arm-elf/lib/libc.a(lib_a-memset.o)
                              ./System/crash.o (memset)
/cygdrive/c/Eclipse/GNUARM/bin/../lib/gcc/arm-elf/4.3.2/../../../../arm-elf/lib/libc.a(lib_a-mlock.o)
                              /cygdrive/c/Eclipse/GNUARM/bin/../lib/gcc/arm-elf/4.3.2/../../../../arm-elf/lib/libc.a(lib_a-mallocr.o) (__malloc_lock)
/cygdrive/c/Eclipse/GNUARM/bin/../lib/gcc/arm-elf/4.3.2/../../../../arm-elf/lib/libc.a(lib_a-siprintf.o)
                              ./FreeRTOS/tasks.o (siprintf)
/cygdrive/c/Eclipse/GNUARM/bin/../lib/gcc/arm-elf/4.3.2/../../../../arm-elf/lib/libc.a(lib_a-strcat.o)
                              ./General/userInterface.o (strcat)
/cygdrive/c/Eclipse/GNUARM/bin/../lib/gcc/arm-elf/4.3.2/../../../../arm-elf/lib/libc.a(lib_a-strcmp.o)
                              ./General/userInterface.o (strcmp)
/cygdrive/c/Eclipse/GNUARM/bin/../lib/gcc/arm-elf/4.3.2/../../../../arm-elf/lib/libc.a(lib_a-strcpy.o)
                              ./General/userInterface.o (strcpy)
/cygdrive/c/Eclipse/GNUARM/bin/../lib/gcc/arm-elf/4.3.2/../../../../arm-elf/lib/libc.a(lib_a-strlen.o)
                              ./FreeRTOS/tasks.o (strlen)
/cygdrive/c/Eclipse/GNUARM/bin/../lib/gcc/arm-elf/4.3.2/../../../../arm-elf/lib/libc.a(lib_a-strncpy.o)
                              ./FreeRTOS/tasks.o (strncpy)
/cygdrive/c/Eclipse/GNUARM/bin/../lib/gcc/arm-elf/4.3.2/../../../../arm-elf/lib/libc.a(lib_a-strtok.o)
                              ./General/userInterface.o (strtok)
/cygdrive/c/Eclipse/GNUARM/bin/../lib/gcc/arm-elf/4.3.2/../../../../arm-elf/lib/libc.a(lib_a-strtok_r.o)
                              /cygdrive/c/Eclipse/GNUARM/bin/../lib/gcc/arm-elf/4.3.2/../../../../arm-elf/lib/libc.a(lib_a-strtok.o) (__strtok_r)
/cygdrive/c/Eclipse/GNUARM/bin/../lib/gcc/arm-elf/4.3.2/../../../../arm-elf/lib/libc.a(lib_a-strtol.o)
                              /cygdrive/c/Eclipse/GNUARM/bin/../lib/gcc/arm-elf/4.3.2/../../../../arm-elf/lib/libc.a(lib_a-atoi.o) (_strtol_r)
/cygdrive/c/Eclipse/GNUARM/bin/../lib/gcc/arm-elf/4.3.2/../../../../arm-elf/lib/libc.a(lib_a-vfiprintf.o)
                              /cygdrive/c/Eclipse/GNUARM/bin/../lib/gcc/arm-elf/4.3.2/../../../../arm-elf/lib/libc.a(lib_a-iprintf.o) (_vfiprintf_r)
/cygdrive/c/Eclipse/GNUARM/bin/../lib/gcc/arm-elf/4.3.2/../../../../arm-elf/lib/libc.a(lib_a-wsetup.o)
                              /cygdrive/c/Eclipse/GNUARM/bin/../lib/gcc/arm-elf/4.3.2/../../../../arm-elf/lib/libc.a(lib_a-vfiprintf.o) (__swsetup_r)
/cygdrive/c/Eclipse/GNUARM/bin/../lib/gcc/arm-elf/4.3.2/../../../../arm-elf/lib/libc.a(lib_a-ctype_.o)
                              /cygdrive/c/Eclipse/GNUARM/bin/../lib/gcc/arm-elf/4.3.2/../../../../arm-elf/lib/libc.a(lib_a-strtol.o) (__ctype_ptr)
[...]
Memory Configuration

Name             Origin             Length             Attributes
flash            0x00001000         0x0007c000         xr
ram              0x40000000         0x00007fe0         rw
*default*        0x00000000         0xffffffff

Linker script and memory map

LOAD ./Startup.o
LOAD ./main.o
LOAD ./fat/diskio.o
LOAD ./fat/ff.o
LOAD ./fat/rtc.o
LOAD ./fat/option/ccsbcs.o
LOAD ./fat/option/reentrant.o
LOAD ./drivers/uart/uart0.o
LOAD ./drivers/i2c.o
LOAD ./drivers/pcm1774.o
LOAD ./drivers/ssp_spi.o
LOAD ./drivers/sta013.o
LOAD ./System/cpu.o
LOAD ./System/crash.o
LOAD ./System/fiqISR.o
LOAD ./System/rprintf.o
LOAD ./System/syscalls.o
LOAD ./System/watchdog.o
LOAD ./General/userInterface.o
LOAD ./FreeRTOS/croutine.o
LOAD ./FreeRTOS/heap_3.o
LOAD ./FreeRTOS/list.o
LOAD ./FreeRTOS/port.o
LOAD ./FreeRTOS/portISR.o
LOAD ./FreeRTOS/queue.o
LOAD ./FreeRTOS/tasks.o
LOAD ./FreeRTOS/hooks/hooks.o
START GROUP
LOAD /cygdrive/c/Eclipse/GNUARM/bin/../lib/gcc/arm-elf/4.3.2/libgcc.a
LOAD /cygdrive/c/Eclipse/GNUARM/bin/../lib/gcc/arm-elf/4.3.2/../../../../arm-elf/lib/libc.a
END GROUP
                0x40007fdc                __stack_end__ = 0x40007fdc
                0x00000000                . = 0x0

startup         0x00001000      0x168
                0x00001000                __start_of_startup__ = .
 *(.startup)
 .startup       0x00001000      0x168 ./Startup.o
                0x00001168                __end_of_startup__ = .

.ctors          0x00001168        0x0
                0x00001168                PROVIDE (__ctors_start__, .)
 *(SORT(.ctors.*))
 *(.ctors)
                0x00001168                PROVIDE (__ctors_end__, .)

.dtors          0x00001168        0x0
                0x00001168                PROVIDE (__dtors_start__, .)
 *(SORT(.dtors.*))
 *(.dtors)
                0x00001168                PROVIDE (__dtors_end__, .)
                0x00001168                . = ALIGN (0x4)

prog            0x00001168     0xfa2c
                0x00001168                __start_of_text__ = .
                0x00001168                __start_of_prog__ = .
 *(.text)
 .text          0x00001168      0x144 ./Startup.o
                0x00001168                start
 .text          0x000012ac      0x524 ./main.o
                0x000017bc                diskTimer
                0x00001620                mp3
                0x000012ac                i2cTimer
                0x00001470                main
 .text          0x000017d0      0xcc4 ./fat/diskio.o
                0x000019a8                wait_ready
                0x00002298                disk_initialize
                0x00001864                disk_status
                0x00001f08                disk_ioctl
                0x00001bbc                getSDCardInfo
                0x00001ab8                xmit_datablock
                0x000017d0                diskio_initializeSPIMutex
                0x00001904                rcvr_datablock
                0x00001880                disk_timerproc
                0x00001848                chk_power
                0x00001ed8                power_off
                0x00001b78                get_spi
                0x000019e4                send_cmd
                0x00001cd0                disk_write
                0x000017e0                initialize_SdCardSignals
                0x00001b38                release_spi
                0x00001de8                disk_read
                0x00001844                power_on
 .text          0x00002494     0x3614 ./fat/ff.o
                0x00002eec                get_fat
                0x00004174                f_rename
                0x00004684                f_truncate
                0x000024b8                gen_numname
                0x0000452c                f_unlink
                0x000057d8                f_close
                0x000050fc                f_read
                0x00004980                f_readdir
                0x00004478                f_chmod
                0x000056a8                f_sync
                0x00005a34                f_mount
                0x00004a3c                f_opendir
                0x00002d64                put_fat
                0x00004b08                f_lseek
                0x000048f8                f_stat
                0x00002494                clust2sect
                0x000043bc                f_utime
                0x00004db8                f_write
                0x000057f0                f_open
                0x000053b4                f_mkdir
                0x00004788                f_getfree
 .text          0x00005aa8      0x15c ./fat/rtc.o
                0x00005ad0                rtc_gettime
                0x00005aa8                initialize_RTC
                0x00005bb4                get_fattime
                0x00005b50                rtc_settime
 .text          0x00005c04       0xb4 ./fat/option/ccsbcs.o
                0x00005c78                ff_wtoupper
                0x00005c04                ff_convert
 .text          0x00005cb8       0x5c ./fat/option/reentrant.o
                0x00005cb8                ff_del_syncobj
                0x00005cf8                ff_cre_syncobj
                0x00005cc0                ff_rel_grant
                0x00005cd0                ff_req_grant
 .text          0x00005d14      0x460 ./drivers/uart/uart0.o
                0x00005d70                uart0GetChar
                0x00005d48                uart0PutCharPolling
                0x00005e54                uart0Init
                0x00005d14                uart0Deinit
                0x00005f94                uart0ISR
                0x00005da0                uart0PutChar
 .text          0x00006174      0x780 ./drivers/i2c.o
                0x000066bc                initialize_I2C0
                0x0000657c                i2cWriteDeviceRegister
                0x00006174                i2cStateMachine
                0x000065dc                initPE
                0x00006614                i2cReadDeviceRegister
                0x00006510                i2cKickOffTransfer
 .text          0x000068f4       0xc8 ./drivers/pcm1774.o
                0x000069ac                pcm1774_bassBoost
                0x000068f4                pcm1774_sendByte
                0x00006978                pcm1774_LineOutputConfiguration
                0x00006950                pcm1774_ConnectDigitalOutputs
                0x000068f8                pcm1774_readByte
                0x0000697c                pcm1774_PowerUpVcom
                0x0000695c                pcm1774_DigitalInterfaceSelection
                0x00006958                pcm1774_DigitalDeEmphasisFilter
                0x00006968                pcm1774_PowerUpMixer
                0x00006984                pcm1774_setShortCircuitProtectionRight
                0x000069a4                pcm1774_redirectAnalogInputToLeftOutput
                0x0000696c                pcm1774_PowerUpAnalogBiasControl
                0x000069b8                pcm1774_3dSoundEffect
                0x000069a8                pcm1774_redirectAnalogInputToRightOutput
                0x00006988                pcm1774_readShortCircuitStatusLeft
                0x00006954                pcm1774_DigitalVolume
                0x00006904                initialize_pcm1774
                0x000069b4                pcm1774_trebleBoost
                0x0000690c                pcm1774_Reset
                0x000069b0                pcm1774_middleBoost
                0x00006960                pcm1774_DigitalGainControl
                0x00006998                pcm1774_PowerUpGainAmplifierAnalog
                0x00006900                pcm1774_bitMask
                0x00006974                pcm1774_PowerUpAnalog
                0x00006970                pcm1774_PowerUpDAC
                0x0000699c                pcm1774_selectAnalogInput
                0x00006980                pcm1774_setShortCircuitProtectionLeft
                0x0000694c                pcm1774_OutputVolume
                0x00006964                pcm1774_DigitalOversamplingControl
                0x000069a0                pcm1774_gainAmplifierAnalogInput
                0x00006990                pcm1774_readShortCircuitStatusRight
                0x00006948                pcm1774_LoadDefaultDigitalConfiguration
 .text          0x000069bc       0x88 ./drivers/ssp_spi.o
                0x000069bc                initialize_SSPSPI
                0x00006a30                setSSPSPI_Divider
                0x00006a00                rxTxByteSSPSPI
 .text          0x00006a44      0x158 ./drivers/sta013.o
                0x00006b8c                sta013GetAverageBitrate
                0x00006b94                sta013SetVolume
                0x00006b68                sta013StopDecoder
                0x00006b70                sta013ResumeDecoder
                0x00006b6c                sta013PauseDecoder
                0x00006ac4                sta013DownloadUpdate
                0x00006b64                sta013StartDecoder
                0x00006a44                sta013ReadReg
                0x00006aec                initialize_sta013
                0x00006b74                sta013GetMP3Info
                0x00006a50                sta013HWReset
                0x00006a4c                sta013WriteReg
                0x00006b98                sta013SetTone
 .text          0x00006b9c      0x120 ./System/cpu.o
                0x00006c40                cpuPrintMemoryInfo
                0x00006b9c                cpuSetupHardware
                0x00006c3c                cpuSetupFIQISR
 .text          0x00006cbc      0x4f8 ./System/crash.o
                0x00006d1c                clearCrashInfo
                0x00006cbc                didSystemCrash
                0x00006d00                performPABORTCrash
                0x00006d78                printCrashInfo
                0x00006d0c                performDABORTCrash
                0x00006cf8                performUndefinedInstructionCrash
 .text          0x000071b4        0x4 ./System/fiqISR.o
                0x000071b4                fiqISR
 .text          0x000071b8      0x264 ./System/rprintf.o
                0x000071b8                rprintf_devopen
                0x00007208                rprintf
 .text          0x0000741c      0x128 ./System/syscalls.o
                0x00007424                _lseek_r
                0x00007514                _kill_r
                0x0000742c                _fstat_r
                0x0000743c                isatty
                0x0000752c                _getpid_r
                0x00007444                _sbrk_r
                0x000074d4                _read_r
                0x0000741c                _close_r
                0x00007498                _write_r
 .text          0x00007544       0xd4 ./System/watchdog.o
                0x00007574                watchdog_Start
                0x00007544                watchdog_Reset
                0x0000755c                watchdog_Feed
                0x000075bc                watchdogDelayUs
                0x0000759c                watchdog_Stop
 .text          0x00007618      0xa10 ./General/userInterface.o
                0x00007618                retGlobals
                0x000076a4                getMP3Names
                0x0000783c                printLine
                0x00007848                uartUI
                0x00007798                getUartLine
 .text          0x00008028        0x0 ./FreeRTOS/croutine.o
 .text          0x00008028       0x4c ./FreeRTOS/heap_3.o
                0x00008028                vPortFree
                0x00008048                pvPortMalloc
 .text          0x00008074       0xf4 ./FreeRTOS/list.o
                0x000080a4                vListInsertEnd
                0x0000812c                vListRemove
                0x00008098                vListInitialiseItem
                0x00008074                vListInitialise
                0x000080d8                vListInsert
 .text          0x00008168      0x1c0 ./FreeRTOS/port.o
                0x000082bc                xPortStartScheduler
                0x000082b8                vPortEndScheduler
                0x00008168                pxPortInitialiseStack
 .text          0x00008328      0x228 ./FreeRTOS/portISR.o
                0x00008418                vTickISR
                0x00008504                vPortExitCritical
                0x00008374                vPortYieldProcessor
                0x00008328                vPortISRStartFirstTask
                0x000084d8                vPortEnterCritical
 .text          0x00008550      0x6f8 ./FreeRTOS/queue.o
                0x00008984                xQueueGenericSendFromISR
                0x00008bac                xQueueCreate
                0x00008580                vQueueDelete
                0x000089f4                xQueueGenericSend
                0x000085b8                xQueueReceiveFromISR
                0x00008568                xQueueIsQueueFullFromISR
                0x0000859c                uxQueueMessagesWaiting
                0x00008704                xQueueGenericReceive
                0x00008550                uxQueueMessagesWaitingFromISR
                0x00008558                xQueueIsQueueEmptyFromISR
                0x00008b3c                xQueueCreateMutex
 .text          0x00008c48     0x135c ./FreeRTOS/tasks.o
                0x00009adc                vTaskGetRunTimeStats
                0x00009644                uxTaskPriorityGet
                0x00009558                vTaskPrioritySet
                0x00009c84                vTaskEndScheduler
                0x00009674                vTaskPlaceOnEventList
                0x00009cb8                xTaskGenericCreate
                0x00008c48                xTaskIsTaskSuspended
                0x00008d54                uxTaskGetStackHighWaterMark
                0x0000905c                xTaskResumeFromISR
                0x00008ce8                runTimeStatISRExit
                0x000091c0                xTaskGetTickCount
                0x00008ea0                xTaskRemoveFromEventList
                0x00009124                xTaskCheckForTimeOut
                0x00008c84                vTaskSuspendAll
                0x00008d98                vTaskPriorityDisinherit
                0x00008e00                vTaskPriorityInherit
                0x00009424                vTaskResume
                0x00009850                vTaskSwitchContext
                0x000094e0                vTaskSuspend
                0x00008c9c                uxTaskGetNumberOfTasks
                0x00008f44                vTaskIncrementTick
                0x00009328                uxTaskGetIdlePercentage
                0x00009788                vTaskDelayUntil
                0x00008d88                xTaskGetCurrentTaskHandle
                0x000091e0                xTaskResumeAll
                0x00009f04                vTaskStartScheduler
                0x00008d40                vTaskMissedYield
                0x00008cac                runTimeStatISREntry
                0x00009700                vTaskDelay
                0x00008d20                vTaskSetTimeOutState
 .text          0x00009fa4       0x6c ./FreeRTOS/hooks/hooks.o
                0x00009fbc                vApplicationMallocFailedHook
                0x00009fdc                vApplicationStackOverflowHook
                0x00009fa4                vApplicationIdleHook
 .text          0x0000a010      0x110 /cygdrive/c/Eclipse/GNUARM/bin/../lib/gcc/arm-elf/4.3.2/libgcc.a(_udivsi3.o)
                0x0000a010                __udivsi3
                0x0000a010                __aeabi_uidiv
                0x0000a108                __aeabi_uidivmod
 .text          0x0000a120      0x140 /cygdrive/c/Eclipse/GNUARM/bin/../lib/gcc/arm-elf/4.3.2/libgcc.a(_divsi3.o)
                0x0000a120                __aeabi_idiv
                0x0000a120                __divsi3
                0x0000a248                __aeabi_idivmod
 .text          0x0000a260       0xcc /cygdrive/c/Eclipse/GNUARM/bin/../lib/gcc/arm-elf/4.3.2/libgcc.a(_umodsi3.o)
                0x0000a260                __umodsi3
 .text          0x0000a32c        0x4 /cygdrive/c/Eclipse/GNUARM/bin/../lib/gcc/arm-elf/4.3.2/libgcc.a(_dvmd_tls.o)
                0x0000a32c                __aeabi_ldiv0
                0x0000a32c                __div0
                0x0000a32c                __aeabi_idiv0
 .text          0x0000a330      0x590 /cygdrive/c/Eclipse/GNUARM/bin/../lib/gcc/arm-elf/4.3.2/libgcc.a(_divdi3.o)
                0x0000a330                __divdi3
 .text          0x0000a8c0      0x520 /cygdrive/c/Eclipse/GNUARM/bin/../lib/gcc/arm-elf/4.3.2/libgcc.a(_udivdi3.o)
                0x0000a8c0                __udivdi3
 .text          0x0000ade0        0x0 /cygdrive/c/Eclipse/GNUARM/bin/../lib/gcc/arm-elf/4.3.2/libgcc.a(_clz.o)
 .text          0x0000ade0       0x18 /cygdrive/c/Eclipse/GNUARM/bin/../lib/gcc/arm-elf/4.3.2/../../../../arm-elf/lib/libc.a(lib_a-atoi.o)
                0x0000ade0                _atoi_r
                0x0000adec                atoi
 .text          0x0000adf8       0x54 /cygdrive/c/Eclipse/GNUARM/bin/../lib/gcc/arm-elf/4.3.2/../../../../arm-elf/lib/libc.a(lib_a-iprintf.o)
                0x0000adf8                _iprintf_r
                0x0000ae1c                iprintf
 .text          0x0000ae4c       0x28 /cygdrive/c/Eclipse/GNUARM/bin/../lib/gcc/arm-elf/4.3.2/../../../../arm-elf/lib/libc.a(lib_a-malloc.o)
                0x0000ae60                malloc
                0x0000ae4c                free
 .text          0x0000ae74      0x734 /cygdrive/c/Eclipse/GNUARM/bin/../lib/gcc/arm-elf/4.3.2/../../../../arm-elf/lib/libc.a(lib_a-mallocr.o)
                0x0000ae74                _malloc_r
 .text          0x0000b5a8       0xac /cygdrive/c/Eclipse/GNUARM/bin/../lib/gcc/arm-elf/4.3.2/../../../../arm-elf/lib/libc.a(lib_a-memcmp.o)
                0x0000b5a8                memcmp
 .text          0x0000b654       0xfc /cygdrive/c/Eclipse/GNUARM/bin/../lib/gcc/arm-elf/4.3.2/../../../../arm-elf/lib/libc.a(lib_a-memcpy.o)
                0x0000b654                memcpy
 .text          0x0000b750       0xd0 /cygdrive/c/Eclipse/GNUARM/bin/../lib/gcc/arm-elf/4.3.2/../../../../arm-elf/lib/libc.a(lib_a-memset.o)
                0x0000b750                memset
 .text          0x0000b820        0x8 /cygdrive/c/Eclipse/GNUARM/bin/../lib/gcc/arm-elf/4.3.2/../../../../arm-elf/lib/libc.a(lib_a-mlock.o)
                0x0000b824                __malloc_unlock
                0x0000b820                __malloc_lock
 .text          0x0000b828       0xcc /cygdrive/c/Eclipse/GNUARM/bin/../lib/gcc/arm-elf/4.3.2/../../../../arm-elf/lib/libc.a(lib_a-siprintf.o)
                0x0000b894                _siprintf_r
                0x0000b828                siprintf
 .text          0x0000b8f4       0xa4 /cygdrive/c/Eclipse/GNUARM/bin/../lib/gcc/arm-elf/4.3.2/../../../../arm-elf/lib/libc.a(lib_a-strcat.o)
                0x0000b8f4                strcat
 .text          0x0000b998       0xe8 /cygdrive/c/Eclipse/GNUARM/bin/../lib/gcc/arm-elf/4.3.2/../../../../arm-elf/lib/libc.a(lib_a-strcmp.o)
                0x0000b998                strcmp
 .text          0x0000ba80       0xb8 /cygdrive/c/Eclipse/GNUARM/bin/../lib/gcc/arm-elf/4.3.2/../../../../arm-elf/lib/libc.a(lib_a-strcpy.o)
                0x0000ba80                strcpy
 .text          0x0000bb38       0x9c /cygdrive/c/Eclipse/GNUARM/bin/../lib/gcc/arm-elf/4.3.2/../../../../arm-elf/lib/libc.a(lib_a-strlen.o)
                0x0000bb38                strlen
 .text          0x0000bbd4      0x10c /cygdrive/c/Eclipse/GNUARM/bin/../lib/gcc/arm-elf/4.3.2/../../../../arm-elf/lib/libc.a(lib_a-strncpy.o)
                0x0000bbd4                strncpy
 .text          0x0000bce0       0x18 /cygdrive/c/Eclipse/GNUARM/bin/../lib/gcc/arm-elf/4.3.2/../../../../arm-elf/lib/libc.a(lib_a-strtok.o)
                0x0000bce0                strtok
 .text          0x0000bcf8       0xd0 /cygdrive/c/Eclipse/GNUARM/bin/../lib/gcc/arm-elf/4.3.2/../../../../arm-elf/lib/libc.a(lib_a-strtok_r.o)
                0x0000bdc0                strtok_r
                0x0000bcf8                __strtok_r
 .text          0x0000bdc8      0x1e0 /cygdrive/c/Eclipse/GNUARM/bin/../lib/gcc/arm-elf/4.3.2/../../../../arm-elf/lib/libc.a(lib_a-strtol.o)
                0x0000bf7c                strtol
                0x0000bdc8                _strtol_r
 .text          0x0000bfa8      0xff0 /cygdrive/c/Eclipse/GNUARM/bin/../lib/gcc/arm-elf/4.3.2/../../../../arm-elf/lib/libc.a(lib_a-vfiprintf.o)
                0x0000cf6c                vfiprintf
                0x0000bfd8                _vfiprintf_r
 .text          0x0000cf98      0x144 /cygdrive/c/Eclipse/GNUARM/bin/../lib/gcc/arm-elf/4.3.2/../../../../arm-elf/lib/libc.a(lib_a-wsetup.o)
                0x0000cf98                __swsetup_r
 .text          0x0000d0dc        0x0 /cygdrive/c/Eclipse/GNUARM/bin/../lib/gcc/arm-elf/4.3.2/../../../../arm-elf/lib/libc.a(lib_a-ctype_.o)
 .text          0x0000d0dc      0x1dc /cygdrive/c/Eclipse/GNUARM/bin/../lib/gcc/arm-elf/4.3.2/../../../../arm-elf/lib/libc.a(lib_a-fflush.o)
                0x0000d284                fflush
                0x0000d0dc                _fflush_r
 .text          0x0000d2b8      0x2ac /cygdrive/c/Eclipse/GNUARM/bin/../lib/gcc/arm-elf/4.3.2/../../../../arm-elf/lib/libc.a(lib_a-findfp.o)
                0x0000d2b8                __sinit
                0x0000d448                __sfmoreglue
                0x0000d430                _cleanup
                0x0000d424                _cleanup_r
                0x0000d40c                __fp_lock_all
                0x0000d3d4                __sfp_lock_acquire
                0x0000d490                __sfp
                0x0000d3e0                __sinit_lock_release
                0x0000d3f4                __fp_unlock_all
                0x0000d3d8                __sfp_lock_release
                0x0000d3dc                __sinit_lock_acquire
 .text          0x0000d564      0x370 /cygdrive/c/Eclipse/GNUARM/bin/../lib/gcc/arm-elf/4.3.2/../../../../arm-elf/lib/libc.a(lib_a-freer.o)
                0x0000d65c                _free_r
                0x0000d564                _malloc_trim_r
 .text          0x0000d8d4      0x46c /cygdrive/c/Eclipse/GNUARM/bin/../lib/gcc/arm-elf/4.3.2/../../../../arm-elf/lib/libc.a(lib_a-fvwrite.o)
                0x0000d8d4                __sfvwrite_r
 .text          0x0000dd40      0x10c /cygdrive/c/Eclipse/GNUARM/bin/../lib/gcc/arm-elf/4.3.2/../../../../arm-elf/lib/libc.a(lib_a-fwalk.o)
                0x0000ddc8                _fwalk
                0x0000dd40                _fwalk_reent
 .text          0x0000de4c        0x0 /cygdrive/c/Eclipse/GNUARM/bin/../lib/gcc/arm-elf/4.3.2/../../../../arm-elf/lib/libc.a(lib_a-impure.o)
 .text          0x0000de4c      0x164 /cygdrive/c/Eclipse/GNUARM/bin/../lib/gcc/arm-elf/4.3.2/../../../../arm-elf/lib/libc.a(lib_a-makebuf.o)
                0x0000de4c                __smakebuf_r
 .text          0x0000dfb0      0x118 /cygdrive/c/Eclipse/GNUARM/bin/../lib/gcc/arm-elf/4.3.2/../../../../arm-elf/lib/libc.a(lib_a-memchr.o)
                0x0000dfb0                memchr
 .text          0x0000e0c8      0x144 /cygdrive/c/Eclipse/GNUARM/bin/../lib/gcc/arm-elf/4.3.2/../../../../arm-elf/lib/libc.a(lib_a-memmove.o)
                0x0000e0c8                memmove
 .text          0x0000e20c      0x510 /cygdrive/c/Eclipse/GNUARM/bin/../lib/gcc/arm-elf/4.3.2/../../../../arm-elf/lib/libc.a(lib_a-reallocr.o)
                0x0000e20c                _realloc_r
 .text          0x0000e71c       0xc0 /cygdrive/c/Eclipse/GNUARM/bin/../lib/gcc/arm-elf/4.3.2/../../../../arm-elf/lib/libc.a(lib_a-stdio.o)
                0x0000e724                __sseek
                0x0000e7ac                __sread
                0x0000e71c                __sclose
                0x0000e758                __swrite
 .text          0x0000e7dc      0x118 /cygdrive/c/Eclipse/GNUARM/bin/../lib/gcc/arm-elf/4.3.2/../../../../arm-elf/lib/libc.a(lib_a-fclose.o)
                0x0000e7dc                _fclose_r
                0x0000e8e0                fclose
                0x0000e8f4                __end_of_prog__ = .
                0x0000e8f4                __start_of_rodata__ = .
 *(.rodata)
 .rodata        0x0000e8f4       0x8d ./fat/ff.o
 *fill*         0x0000e981        0x1 00
 .rodata        0x0000e982      0x4c0 ./fat/option/ccsbcs.o
 .rodata        0x0000ee42      0xfe0 ./drivers/sta013.o
                0x0000ee72                STA013_UpdateData
                0x0000ee42                MP3_Bitrates
                0x0000ee62                MP3_SamplingFrequencies
 .rodata        0x0000fe22        0x7 ./General/userInterface.o
 .rodata        0x0000fe29       0x14 ./FreeRTOS/tasks.o
 .rodata        0x0000fe3d      0x100 /cygdrive/c/Eclipse/GNUARM/bin/../lib/gcc/arm-elf/4.3.2/libgcc.a(_clz.o)
                0x0000fe3d                __clz_tab
 .rodata        0x0000ff3d       0x20 /cygdrive/c/Eclipse/GNUARM/bin/../lib/gcc/arm-elf/4.3.2/../../../../arm-elf/lib/libc.a(lib_a-vfiprintf.o)
 .rodata        0x0000ff5d      0x101 /cygdrive/c/Eclipse/GNUARM/bin/../lib/gcc/arm-elf/4.3.2/../../../../arm-elf/lib/libc.a(lib_a-ctype_.o)
                0x0000ff5d                _ctype_
 *fill*         0x0001005e        0x2 00
 .rodata        0x00010060        0x4 /cygdrive/c/Eclipse/GNUARM/bin/../lib/gcc/arm-elf/4.3.2/../../../../arm-elf/lib/libc.a(lib_a-impure.o)
                0x00010060                _global_impure_ptr
 *(.rodata*)
 .rodata.str1.1
                0x00010064      0x1a0 ./main.o
                                0x1a4 (size before relaxing)
 .rodata.str1.1
                0x00010204       0x10 ./fat/ff.o
 .rodata.str1.1
                0x00010214       0x7d ./System/cpu.o
                                 0x9f (size before relaxing)
 .rodata.str1.1
                0x00010291      0x214 ./System/crash.o
 .rodata.str1.1
                0x000104a5       0x14 ./System/syscalls.o
 .rodata.str1.1
                0x000104b9      0x5b1 ./General/userInterface.o
                                0x5d5 (size before relaxing)
 .rodata.str1.1
                0x00010a6a       0x4c ./FreeRTOS/tasks.o
 .rodata.str1.1
                0x00010ab6       0x8d ./FreeRTOS/hooks/hooks.o
 *fill*         0x00010b43        0x1 00
 .rodata.str1.4
                0x00010b44       0x4a /cygdrive/c/Eclipse/GNUARM/bin/../lib/gcc/arm-elf/4.3.2/../../../../arm-elf/lib/libc.a(lib_a-vfiprintf.o)
                                 0x4c (size before relaxing)
 *fill*         0x00010b8e        0x2 00
 .rodata.str1.4
                0x00010b90        0x4 /cygdrive/c/Eclipse/GNUARM/bin/../lib/gcc/arm-elf/4.3.2/../../../../arm-elf/lib/libc.a(lib_a-impure.o)
                0x00010b94                __end_of_rodata__ = .
                0x00010b94                __start_of_glue7__ = .
 *(.glue_7)
 .glue_7        0x00010b94        0x0 ./Startup.o
 .glue_7        0x00010b94        0x0 ./main.o
 .glue_7        0x00010b94        0x0 ./fat/diskio.o
 .glue_7        0x00010b94        0x0 ./fat/ff.o
 .glue_7        0x00010b94        0x0 ./fat/rtc.o
 .glue_7        0x00010b94        0x0 ./fat/option/ccsbcs.o
 .glue_7        0x00010b94        0x0 ./fat/option/reentrant.o
 .glue_7        0x00010b94        0x0 ./drivers/uart/uart0.o
 .glue_7        0x00010b94        0x0 ./drivers/i2c.o
 .glue_7        0x00010b94        0x0 ./drivers/pcm1774.o
 .glue_7        0x00010b94        0x0 ./drivers/ssp_spi.o
 .glue_7        0x00010b94        0x0 ./drivers/sta013.o
 .glue_7        0x00010b94        0x0 ./System/cpu.o
 .glue_7        0x00010b94        0x0 ./System/crash.o
 .glue_7        0x00010b94        0x0 ./System/fiqISR.o
 .glue_7        0x00010b94        0x0 ./System/rprintf.o
 .glue_7        0x00010b94        0x0 ./System/syscalls.o
 .glue_7        0x00010b94        0x0 ./System/watchdog.o
 .glue_7        0x00010b94        0x0 ./General/userInterface.o
 .glue_7        0x00010b94        0x0 ./FreeRTOS/croutine.o
 .glue_7        0x00010b94        0x0 ./FreeRTOS/heap_3.o
 .glue_7        0x00010b94        0x0 ./FreeRTOS/list.o
 .glue_7        0x00010b94        0x0 ./FreeRTOS/port.o
 .glue_7        0x00010b94        0x0 ./FreeRTOS/portISR.o
 .glue_7        0x00010b94        0x0 ./FreeRTOS/queue.o
 .glue_7        0x00010b94        0x0 ./FreeRTOS/tasks.o
 .glue_7        0x00010b94        0x0 ./FreeRTOS/hooks/hooks.o
 .glue_7        0x00010b94        0x0 /cygdrive/c/Eclipse/GNUARM/bin/../lib/gcc/arm-elf/4.3.2/libgcc.a(_udivsi3.o)
 .glue_7        0x00010b94        0x0 /cygdrive/c/Eclipse/GNUARM/bin/../lib/gcc/arm-elf/4.3.2/libgcc.a(_divsi3.o)
 .glue_7        0x00010b94        0x0 /cygdrive/c/Eclipse/GNUARM/bin/../lib/gcc/arm-elf/4.3.2/libgcc.a(_umodsi3.o)
 .glue_7        0x00010b94        0x0 /cygdrive/c/Eclipse/GNUARM/bin/../lib/gcc/arm-elf/4.3.2/libgcc.a(_dvmd_tls.o)
 .glue_7        0x00010b94        0x0 /cygdrive/c/Eclipse/GNUARM/bin/../lib/gcc/arm-elf/4.3.2/libgcc.a(_divdi3.o)
 .glue_7        0x00010b94        0x0 /cygdrive/c/Eclipse/GNUARM/bin/../lib/gcc/arm-elf/4.3.2/libgcc.a(_udivdi3.o)
 .glue_7        0x00010b94        0x0 /cygdrive/c/Eclipse/GNUARM/bin/../lib/gcc/arm-elf/4.3.2/libgcc.a(_clz.o)
 .glue_7        0x00010b94        0x0 /cygdrive/c/Eclipse/GNUARM/bin/../lib/gcc/arm-elf/4.3.2/../../../../arm-elf/lib/libc.a(lib_a-atoi.o)
 .glue_7        0x00010b94        0x0 /cygdrive/c/Eclipse/GNUARM/bin/../lib/gcc/arm-elf/4.3.2/../../../../arm-elf/lib/libc.a(lib_a-iprintf.o)
 .glue_7        0x00010b94        0x0 /cygdrive/c/Eclipse/GNUARM/bin/../lib/gcc/arm-elf/4.3.2/../../../../arm-elf/lib/libc.a(lib_a-malloc.o)
 .glue_7        0x00010b94        0x0 /cygdrive/c/Eclipse/GNUARM/bin/../lib/gcc/arm-elf/4.3.2/../../../../arm-elf/lib/libc.a(lib_a-mallocr.o)
 .glue_7        0x00010b94        0x0 /cygdrive/c/Eclipse/GNUARM/bin/../lib/gcc/arm-elf/4.3.2/../../../../arm-elf/lib/libc.a(lib_a-memcmp.o)
 .glue_7        0x00010b94        0x0 /cygdrive/c/Eclipse/GNUARM/bin/../lib/gcc/arm-elf/4.3.2/../../../../arm-elf/lib/libc.a(lib_a-memcpy.o)
 .glue_7        0x00010b94        0x0 /cygdrive/c/Eclipse/GNUARM/bin/../lib/gcc/arm-elf/4.3.2/../../../../arm-elf/lib/libc.a(lib_a-memset.o)
 .glue_7        0x00010b94        0x0 /cygdrive/c/Eclipse/GNUARM/bin/../lib/gcc/arm-elf/4.3.2/../../../../arm-elf/lib/libc.a(lib_a-mlock.o)
 .glue_7        0x00010b94        0x0 /cygdrive/c/Eclipse/GNUARM/bin/../lib/gcc/arm-elf/4.3.2/../../../../arm-elf/lib/libc.a(lib_a-siprintf.o)
 .glue_7        0x00010b94        0x0 /cygdrive/c/Eclipse/GNUARM/bin/../lib/gcc/arm-elf/4.3.2/../../../../arm-elf/lib/libc.a(lib_a-strcat.o)
 .glue_7        0x00010b94        0x0 /cygdrive/c/Eclipse/GNUARM/bin/../lib/gcc/arm-elf/4.3.2/../../../../arm-elf/lib/libc.a(lib_a-strcmp.o)
 .glue_7        0x00010b94        0x0 /cygdrive/c/Eclipse/GNUARM/bin/../lib/gcc/arm-elf/4.3.2/../../../../arm-elf/lib/libc.a(lib_a-strcpy.o)
 .glue_7        0x00010b94        0x0 /cygdrive/c/Eclipse/GNUARM/bin/../lib/gcc/arm-elf/4.3.2/../../../../arm-elf/lib/libc.a(lib_a-strlen.o)
 .glue_7        0x00010b94        0x0 /cygdrive/c/Eclipse/GNUARM/bin/../lib/gcc/arm-elf/4.3.2/../../../../arm-elf/lib/libc.a(lib_a-strncpy.o)
 .glue_7        0x00010b94        0x0 /cygdrive/c/Eclipse/GNUARM/bin/../lib/gcc/arm-elf/4.3.2/../../../../arm-elf/lib/libc.a(lib_a-strtok.o)
 .glue_7        0x00010b94        0x0 /cygdrive/c/Eclipse/GNUARM/bin/../lib/gcc/arm-elf/4.3.2/../../../../arm-elf/lib/libc.a(lib_a-strtok_r.o)
 .glue_7        0x00010b94        0x0 /cygdrive/c/Eclipse/GNUARM/bin/../lib/gcc/arm-elf/4.3.2/../../../../arm-elf/lib/libc.a(lib_a-strtol.o)
 .glue_7        0x00010b94        0x0 /cygdrive/c/Eclipse/GNUARM/bin/../lib/gcc/arm-elf/4.3.2/../../../../arm-elf/lib/libc.a(lib_a-vfiprintf.o)
 .glue_7        0x00010b94        0x0 /cygdrive/c/Eclipse/GNUARM/bin/../lib/gcc/arm-elf/4.3.2/../../../../arm-elf/lib/libc.a(lib_a-wsetup.o)
 .glue_7        0x00010b94        0x0 /cygdrive/c/Eclipse/GNUARM/bin/../lib/gcc/arm-elf/4.3.2/../../../../arm-elf/lib/libc.a(lib_a-ctype_.o)
 .glue_7        0x00010b94        0x0 /cygdrive/c/Eclipse/GNUARM/bin/../lib/gcc/arm-elf/4.3.2/../../../../arm-elf/lib/libc.a(lib_a-fflush.o)
 .glue_7        0x00010b94        0x0 /cygdrive/c/Eclipse/GNUARM/bin/../lib/gcc/arm-elf/4.3.2/../../../../arm-elf/lib/libc.a(lib_a-findfp.o)
 .glue_7        0x00010b94        0x0 /cygdrive/c/Eclipse/GNUARM/bin/../lib/gcc/arm-elf/4.3.2/../../../../arm-elf/lib/libc.a(lib_a-freer.o)
 .glue_7        0x00010b94        0x0 /cygdrive/c/Eclipse/GNUARM/bin/../lib/gcc/arm-elf/4.3.2/../../../../arm-elf/lib/libc.a(lib_a-fvwrite.o)
 .glue_7        0x00010b94        0x0 /cygdrive/c/Eclipse/GNUARM/bin/../lib/gcc/arm-elf/4.3.2/../../../../arm-elf/lib/libc.a(lib_a-fwalk.o)
 .glue_7        0x00010b94        0x0 /cygdrive/c/Eclipse/GNUARM/bin/../lib/gcc/arm-elf/4.3.2/../../../../arm-elf/lib/libc.a(lib_a-impure.o)
 .glue_7        0x00010b94        0x0 /cygdrive/c/Eclipse/GNUARM/bin/../lib/gcc/arm-elf/4.3.2/../../../../arm-elf/lib/libc.a(lib_a-makebuf.o)
 .glue_7        0x00010b94        0x0 /cygdrive/c/Eclipse/GNUARM/bin/../lib/gcc/arm-elf/4.3.2/../../../../arm-elf/lib/libc.a(lib_a-memchr.o)
 .glue_7        0x00010b94        0x0 /cygdrive/c/Eclipse/GNUARM/bin/../lib/gcc/arm-elf/4.3.2/../../../../arm-elf/lib/libc.a(lib_a-memmove.o)
 .glue_7        0x00010b94        0x0 /cygdrive/c/Eclipse/GNUARM/bin/../lib/gcc/arm-elf/4.3.2/../../../../arm-elf/lib/libc.a(lib_a-reallocr.o)
 .glue_7        0x00010b94        0x0 /cygdrive/c/Eclipse/GNUARM/bin/../lib/gcc/arm-elf/4.3.2/../../../../arm-elf/lib/libc.a(lib_a-stdio.o)
 .glue_7        0x00010b94        0x0 /cygdrive/c/Eclipse/GNUARM/bin/../lib/gcc/arm-elf/4.3.2/../../../../arm-elf/lib/libc.a(lib_a-fclose.o)
 *(.glue_7t)
 .glue_7t       0x00010b94        0x0 ./Startup.o
 .glue_7t       0x00010b94        0x0 ./main.o
 .glue_7t       0x00010b94        0x0 ./fat/diskio.o
 .glue_7t       0x00010b94        0x0 ./fat/ff.o
 .glue_7t       0x00010b94        0x0 ./fat/rtc.o
 .glue_7t       0x00010b94        0x0 ./fat/option/ccsbcs.o
 .glue_7t       0x00010b94        0x0 ./fat/option/reentrant.o
 .glue_7t       0x00010b94        0x0 ./drivers/uart/uart0.o
 .glue_7t       0x00010b94        0x0 ./drivers/i2c.o
 .glue_7t       0x00010b94        0x0 ./drivers/pcm1774.o
 .glue_7t       0x00010b94        0x0 ./drivers/ssp_spi.o
 .glue_7t       0x00010b94        0x0 ./drivers/sta013.o
 .glue_7t       0x00010b94        0x0 ./System/cpu.o
 .glue_7t       0x00010b94        0x0 ./System/crash.o
 .glue_7t       0x00010b94        0x0 ./System/fiqISR.o
 .glue_7t       0x00010b94        0x0 ./System/rprintf.o
 .glue_7t       0x00010b94        0x0 ./System/syscalls.o
 .glue_7t       0x00010b94        0x0 ./System/watchdog.o
 .glue_7t       0x00010b94        0x0 ./General/userInterface.o
 .glue_7t       0x00010b94        0x0 ./FreeRTOS/croutine.o
 .glue_7t       0x00010b94        0x0 ./FreeRTOS/heap_3.o
 .glue_7t       0x00010b94        0x0 ./FreeRTOS/list.o
 .glue_7t       0x00010b94        0x0 ./FreeRTOS/port.o
 .glue_7t       0x00010b94        0x0 ./FreeRTOS/portISR.o
 .glue_7t       0x00010b94        0x0 ./FreeRTOS/queue.o
 .glue_7t       0x00010b94        0x0 ./FreeRTOS/tasks.o
 .glue_7t       0x00010b94        0x0 ./FreeRTOS/hooks/hooks.o
 .glue_7t       0x00010b94        0x0 /cygdrive/c/Eclipse/GNUARM/bin/../lib/gcc/arm-elf/4.3.2/libgcc.a(_udivsi3.o)
 .glue_7t       0x00010b94        0x0 /cygdrive/c/Eclipse/GNUARM/bin/../lib/gcc/arm-elf/4.3.2/libgcc.a(_divsi3.o)
 .glue_7t       0x00010b94        0x0 /cygdrive/c/Eclipse/GNUARM/bin/../lib/gcc/arm-elf/4.3.2/libgcc.a(_umodsi3.o)
 .glue_7t       0x00010b94        0x0 /cygdrive/c/Eclipse/GNUARM/bin/../lib/gcc/arm-elf/4.3.2/libgcc.a(_dvmd_tls.o)
 .glue_7t       0x00010b94        0x0 /cygdrive/c/Eclipse/GNUARM/bin/../lib/gcc/arm-elf/4.3.2/libgcc.a(_divdi3.o)
 .glue_7t       0x00010b94        0x0 /cygdrive/c/Eclipse/GNUARM/bin/../lib/gcc/arm-elf/4.3.2/libgcc.a(_udivdi3.o)
 .glue_7t       0x00010b94        0x0 /cygdrive/c/Eclipse/GNUARM/bin/../lib/gcc/arm-elf/4.3.2/libgcc.a(_clz.o)
 .glue_7t       0x00010b94        0x0 /cygdrive/c/Eclipse/GNUARM/bin/../lib/gcc/arm-elf/4.3.2/../../../../arm-elf/lib/libc.a(lib_a-atoi.o)
 .glue_7t       0x00010b94        0x0 /cygdrive/c/Eclipse/GNUARM/bin/../lib/gcc/arm-elf/4.3.2/../../../../arm-elf/lib/libc.a(lib_a-iprintf.o)
 .glue_7t       0x00010b94        0x0 /cygdrive/c/Eclipse/GNUARM/bin/../lib/gcc/arm-elf/4.3.2/../../../../arm-elf/lib/libc.a(lib_a-malloc.o)
 .glue_7t       0x00010b94        0x0 /cygdrive/c/Eclipse/GNUARM/bin/../lib/gcc/arm-elf/4.3.2/../../../../arm-elf/lib/libc.a(lib_a-mallocr.o)
 .glue_7t       0x00010b94        0x0 /cygdrive/c/Eclipse/GNUARM/bin/../lib/gcc/arm-elf/4.3.2/../../../../arm-elf/lib/libc.a(lib_a-memcmp.o)
 .glue_7t       0x00010b94        0x0 /cygdrive/c/Eclipse/GNUARM/bin/../lib/gcc/arm-elf/4.3.2/../../../../arm-elf/lib/libc.a(lib_a-memcpy.o)
 .glue_7t       0x00010b94        0x0 /cygdrive/c/Eclipse/GNUARM/bin/../lib/gcc/arm-elf/4.3.2/../../../../arm-elf/lib/libc.a(lib_a-memset.o)
 .glue_7t       0x00010b94        0x0 /cygdrive/c/Eclipse/GNUARM/bin/../lib/gcc/arm-elf/4.3.2/../../../../arm-elf/lib/libc.a(lib_a-mlock.o)
 .glue_7t       0x00010b94        0x0 /cygdrive/c/Eclipse/GNUARM/bin/../lib/gcc/arm-elf/4.3.2/../../../../arm-elf/lib/libc.a(lib_a-siprintf.o)
 .glue_7t       0x00010b94        0x0 /cygdrive/c/Eclipse/GNUARM/bin/../lib/gcc/arm-elf/4.3.2/../../../../arm-elf/lib/libc.a(lib_a-strcat.o)
 .glue_7t       0x00010b94        0x0 /cygdrive/c/Eclipse/GNUARM/bin/../lib/gcc/arm-elf/4.3.2/../../../../arm-elf/lib/libc.a(lib_a-strcmp.o)
 .glue_7t       0x00010b94        0x0 /cygdrive/c/Eclipse/GNUARM/bin/../lib/gcc/arm-elf/4.3.2/../../../../arm-elf/lib/libc.a(lib_a-strcpy.o)
 .glue_7t       0x00010b94        0x0 /cygdrive/c/Eclipse/GNUARM/bin/../lib/gcc/arm-elf/4.3.2/../../../../arm-elf/lib/libc.a(lib_a-strlen.o)
 .glue_7t       0x00010b94        0x0 /cygdrive/c/Eclipse/GNUARM/bin/../lib/gcc/arm-elf/4.3.2/../../../../arm-elf/lib/libc.a(lib_a-strncpy.o)
 .glue_7t       0x00010b94        0x0 /cygdrive/c/Eclipse/GNUARM/bin/../lib/gcc/arm-elf/4.3.2/../../../../arm-elf/lib/libc.a(lib_a-strtok.o)
 .glue_7t       0x00010b94        0x0 /cygdrive/c/Eclipse/GNUARM/bin/../lib/gcc/arm-elf/4.3.2/../../../../arm-elf/lib/libc.a(lib_a-strtok_r.o)
 .glue_7t       0x00010b94        0x0 /cygdrive/c/Eclipse/GNUARM/bin/../lib/gcc/arm-elf/4.3.2/../../../../arm-elf/lib/libc.a(lib_a-strtol.o)
 .glue_7t       0x00010b94        0x0 /cygdrive/c/Eclipse/GNUARM/bin/../lib/gcc/arm-elf/4.3.2/../../../../arm-elf/lib/libc.a(lib_a-vfiprintf.o)
 .glue_7t       0x00010b94        0x0 /cygdrive/c/Eclipse/GNUARM/bin/../lib/gcc/arm-elf/4.3.2/../../../../arm-elf/lib/libc.a(lib_a-wsetup.o)
 .glue_7t       0x00010b94        0x0 /cygdrive/c/Eclipse/GNUARM/bin/../lib/gcc/arm-elf/4.3.2/../../../../arm-elf/lib/libc.a(lib_a-ctype_.o)
 .glue_7t       0x00010b94        0x0 /cygdrive/c/Eclipse/GNUARM/bin/../lib/gcc/arm-elf/4.3.2/../../../../arm-elf/lib/libc.a(lib_a-fflush.o)
 .glue_7t       0x00010b94        0x0 /cygdrive/c/Eclipse/GNUARM/bin/../lib/gcc/arm-elf/4.3.2/../../../../arm-elf/lib/libc.a(lib_a-findfp.o)
 .glue_7t       0x00010b94        0x0 /cygdrive/c/Eclipse/GNUARM/bin/../lib/gcc/arm-elf/4.3.2/../../../../arm-elf/lib/libc.a(lib_a-freer.o)
 .glue_7t       0x00010b94        0x0 /cygdrive/c/Eclipse/GNUARM/bin/../lib/gcc/arm-elf/4.3.2/../../../../arm-elf/lib/libc.a(lib_a-fvwrite.o)
 .glue_7t       0x00010b94        0x0 /cygdrive/c/Eclipse/GNUARM/bin/../lib/gcc/arm-elf/4.3.2/../../../../arm-elf/lib/libc.a(lib_a-fwalk.o)
 .glue_7t       0x00010b94        0x0 /cygdrive/c/Eclipse/GNUARM/bin/../lib/gcc/arm-elf/4.3.2/../../../../arm-elf/lib/libc.a(lib_a-impure.o)
 .glue_7t       0x00010b94        0x0 /cygdrive/c/Eclipse/GNUARM/bin/../lib/gcc/arm-elf/4.3.2/../../../../arm-elf/lib/libc.a(lib_a-makebuf.o)
 .glue_7t       0x00010b94        0x0 /cygdrive/c/Eclipse/GNUARM/bin/../lib/gcc/arm-elf/4.3.2/../../../../arm-elf/lib/libc.a(lib_a-memchr.o)
 .glue_7t       0x00010b94        0x0 /cygdrive/c/Eclipse/GNUARM/bin/../lib/gcc/arm-elf/4.3.2/../../../../arm-elf/lib/libc.a(lib_a-memmove.o)
 .glue_7t       0x00010b94        0x0 /cygdrive/c/Eclipse/GNUARM/bin/../lib/gcc/arm-elf/4.3.2/../../../../arm-elf/lib/libc.a(lib_a-reallocr.o)
 .glue_7t       0x00010b94        0x0 /cygdrive/c/Eclipse/GNUARM/bin/../lib/gcc/arm-elf/4.3.2/../../../../arm-elf/lib/libc.a(lib_a-stdio.o)
 .glue_7t       0x00010b94        0x0 /cygdrive/c/Eclipse/GNUARM/bin/../lib/gcc/arm-elf/4.3.2/../../../../arm-elf/lib/libc.a(lib_a-fclose.o)
                0x00010b94                __end_of_glue7__ = .
                0x00010b94                __end_of_text__ = .

.intvects       0x40000000       0x40 load address 0x00010b94
                0x40000000                __intvects_beg__ = .
                0x00010b94                __intvects_beg_src__ = __end_of_text__
 *(.intvects)
 .intvects      0x40000000       0x40 ./Startup.o
                0x40000000                __intvects
                0x40000040                __intvects_end__ = .
                0x00010bd4                __end_of_intvects__ = (__end_of_text__ + (__intvects_end__ - __intvects_beg__))

.vfp11_veneer   0x00010bd4        0x0 load address 0x40000040
 .vfp11_veneer  0x00010bd4        0x0 ./Startup.o
 .vfp11_veneer  0x00010bd4        0x0 ./main.o
 .vfp11_veneer  0x00010bd4        0x0 ./fat/diskio.o
 .vfp11_veneer  0x00010bd4        0x0 ./fat/ff.o
 .vfp11_veneer  0x00010bd4        0x0 ./fat/rtc.o
 .vfp11_veneer  0x00010bd4        0x0 ./fat/option/ccsbcs.o
 .vfp11_veneer  0x00010bd4        0x0 ./fat/option/reentrant.o
 .vfp11_veneer  0x00010bd4        0x0 ./drivers/uart/uart0.o
 .vfp11_veneer  0x00010bd4        0x0 ./drivers/i2c.o
 .vfp11_veneer  0x00010bd4        0x0 ./drivers/pcm1774.o
 .vfp11_veneer  0x00010bd4        0x0 ./drivers/ssp_spi.o
 .vfp11_veneer  0x00010bd4        0x0 ./drivers/sta013.o
 .vfp11_veneer  0x00010bd4        0x0 ./System/cpu.o
 .vfp11_veneer  0x00010bd4        0x0 ./System/crash.o
 .vfp11_veneer  0x00010bd4        0x0 ./System/fiqISR.o
 .vfp11_veneer  0x00010bd4        0x0 ./System/rprintf.o
 .vfp11_veneer  0x00010bd4        0x0 ./System/syscalls.o
 .vfp11_veneer  0x00010bd4        0x0 ./System/watchdog.o
 .vfp11_veneer  0x00010bd4        0x0 ./General/userInterface.o
 .vfp11_veneer  0x00010bd4        0x0 ./FreeRTOS/croutine.o
 .vfp11_veneer  0x00010bd4        0x0 ./FreeRTOS/heap_3.o
 .vfp11_veneer  0x00010bd4        0x0 ./FreeRTOS/list.o
 .vfp11_veneer  0x00010bd4        0x0 ./FreeRTOS/port.o
 .vfp11_veneer  0x00010bd4        0x0 ./FreeRTOS/portISR.o
 .vfp11_veneer  0x00010bd4        0x0 ./FreeRTOS/queue.o
 .vfp11_veneer  0x00010bd4        0x0 ./FreeRTOS/tasks.o
 .vfp11_veneer  0x00010bd4        0x0 ./FreeRTOS/hooks/hooks.o
 .vfp11_veneer  0x00010bd4        0x0 /cygdrive/c/Eclipse/GNUARM/bin/../lib/gcc/arm-elf/4.3.2/libgcc.a(_udivsi3.o)
 .vfp11_veneer  0x00010bd4        0x0 /cygdrive/c/Eclipse/GNUARM/bin/../lib/gcc/arm-elf/4.3.2/libgcc.a(_divsi3.o)
 .vfp11_veneer  0x00010bd4        0x0 /cygdrive/c/Eclipse/GNUARM/bin/../lib/gcc/arm-elf/4.3.2/libgcc.a(_umodsi3.o)
 .vfp11_veneer  0x00010bd4        0x0 /cygdrive/c/Eclipse/GNUARM/bin/../lib/gcc/arm-elf/4.3.2/libgcc.a(_dvmd_tls.o)
 .vfp11_veneer  0x00010bd4        0x0 /cygdrive/c/Eclipse/GNUARM/bin/../lib/gcc/arm-elf/4.3.2/libgcc.a(_divdi3.o)
 .vfp11_veneer  0x00010bd4        0x0 /cygdrive/c/Eclipse/GNUARM/bin/../lib/gcc/arm-elf/4.3.2/libgcc.a(_udivdi3.o)
 .vfp11_veneer  0x00010bd4        0x0 /cygdrive/c/Eclipse/GNUARM/bin/../lib/gcc/arm-elf/4.3.2/libgcc.a(_clz.o)
 .vfp11_veneer  0x00010bd4        0x0 /cygdrive/c/Eclipse/GNUARM/bin/../lib/gcc/arm-elf/4.3.2/../../../../arm-elf/lib/libc.a(lib_a-atoi.o)
 .vfp11_veneer  0x00010bd4        0x0 /cygdrive/c/Eclipse/GNUARM/bin/../lib/gcc/arm-elf/4.3.2/../../../../arm-elf/lib/libc.a(lib_a-iprintf.o)
 .vfp11_veneer  0x00010bd4        0x0 /cygdrive/c/Eclipse/GNUARM/bin/../lib/gcc/arm-elf/4.3.2/../../../../arm-elf/lib/libc.a(lib_a-malloc.o)
 .vfp11_veneer  0x00010bd4        0x0 /cygdrive/c/Eclipse/GNUARM/bin/../lib/gcc/arm-elf/4.3.2/../../../../arm-elf/lib/libc.a(lib_a-mallocr.o)
 .vfp11_veneer  0x00010bd4        0x0 /cygdrive/c/Eclipse/GNUARM/bin/../lib/gcc/arm-elf/4.3.2/../../../../arm-elf/lib/libc.a(lib_a-memcmp.o)
 .vfp11_veneer  0x00010bd4        0x0 /cygdrive/c/Eclipse/GNUARM/bin/../lib/gcc/arm-elf/4.3.2/../../../../arm-elf/lib/libc.a(lib_a-memcpy.o)
 .vfp11_veneer  0x00010bd4        0x0 /cygdrive/c/Eclipse/GNUARM/bin/../lib/gcc/arm-elf/4.3.2/../../../../arm-elf/lib/libc.a(lib_a-memset.o)
 .vfp11_veneer  0x00010bd4        0x0 /cygdrive/c/Eclipse/GNUARM/bin/../lib/gcc/arm-elf/4.3.2/../../../../arm-elf/lib/libc.a(lib_a-mlock.o)
 .vfp11_veneer  0x00010bd4        0x0 /cygdrive/c/Eclipse/GNUARM/bin/../lib/gcc/arm-elf/4.3.2/../../../../arm-elf/lib/libc.a(lib_a-siprintf.o)
 .vfp11_veneer  0x00010bd4        0x0 /cygdrive/c/Eclipse/GNUARM/bin/../lib/gcc/arm-elf/4.3.2/../../../../arm-elf/lib/libc.a(lib_a-strcat.o)
 .vfp11_veneer  0x00010bd4        0x0 /cygdrive/c/Eclipse/GNUARM/bin/../lib/gcc/arm-elf/4.3.2/../../../../arm-elf/lib/libc.a(lib_a-strcmp.o)
 .vfp11_veneer  0x00010bd4        0x0 /cygdrive/c/Eclipse/GNUARM/bin/../lib/gcc/arm-elf/4.3.2/../../../../arm-elf/lib/libc.a(lib_a-strcpy.o)
 .vfp11_veneer  0x00010bd4        0x0 /cygdrive/c/Eclipse/GNUARM/bin/../lib/gcc/arm-elf/4.3.2/../../../../arm-elf/lib/libc.a(lib_a-strlen.o)
 .vfp11_veneer  0x00010bd4        0x0 /cygdrive/c/Eclipse/GNUARM/bin/../lib/gcc/arm-elf/4.3.2/../../../../arm-elf/lib/libc.a(lib_a-strncpy.o)
 .vfp11_veneer  0x00010bd4        0x0 /cygdrive/c/Eclipse/GNUARM/bin/../lib/gcc/arm-elf/4.3.2/../../../../arm-elf/lib/libc.a(lib_a-strtok.o)
 .vfp11_veneer  0x00010bd4        0x0 /cygdrive/c/Eclipse/GNUARM/bin/../lib/gcc/arm-elf/4.3.2/../../../../arm-elf/lib/libc.a(lib_a-strtok_r.o)
 .vfp11_veneer  0x00010bd4        0x0 /cygdrive/c/Eclipse/GNUARM/bin/../lib/gcc/arm-elf/4.3.2/../../../../arm-elf/lib/libc.a(lib_a-strtol.o)
 .vfp11_veneer  0x00010bd4        0x0 /cygdrive/c/Eclipse/GNUARM/bin/../lib/gcc/arm-elf/4.3.2/../../../../arm-elf/lib/libc.a(lib_a-vfiprintf.o)
 .vfp11_veneer  0x00010bd4        0x0 /cygdrive/c/Eclipse/GNUARM/bin/../lib/gcc/arm-elf/4.3.2/../../../../arm-elf/lib/libc.a(lib_a-wsetup.o)
 .vfp11_veneer  0x00010bd4        0x0 /cygdrive/c/Eclipse/GNUARM/bin/../lib/gcc/arm-elf/4.3.2/../../../../arm-elf/lib/libc.a(lib_a-ctype_.o)
 .vfp11_veneer  0x00010bd4        0x0 /cygdrive/c/Eclipse/GNUARM/bin/../lib/gcc/arm-elf/4.3.2/../../../../arm-elf/lib/libc.a(lib_a-fflush.o)
 .vfp11_veneer  0x00010bd4        0x0 /cygdrive/c/Eclipse/GNUARM/bin/../lib/gcc/arm-elf/4.3.2/../../../../arm-elf/lib/libc.a(lib_a-findfp.o)
 .vfp11_veneer  0x00010bd4        0x0 /cygdrive/c/Eclipse/GNUARM/bin/../lib/gcc/arm-elf/4.3.2/../../../../arm-elf/lib/libc.a(lib_a-freer.o)
 .vfp11_veneer  0x00010bd4        0x0 /cygdrive/c/Eclipse/GNUARM/bin/../lib/gcc/arm-elf/4.3.2/../../../../arm-elf/lib/libc.a(lib_a-fvwrite.o)
 .vfp11_veneer  0x00010bd4        0x0 /cygdrive/c/Eclipse/GNUARM/bin/../lib/gcc/arm-elf/4.3.2/../../../../arm-elf/lib/libc.a(lib_a-fwalk.o)
 .vfp11_veneer  0x00010bd4        0x0 /cygdrive/c/Eclipse/GNUARM/bin/../lib/gcc/arm-elf/4.3.2/../../../../arm-elf/lib/libc.a(lib_a-impure.o)
 .vfp11_veneer  0x00010bd4        0x0 /cygdrive/c/Eclipse/GNUARM/bin/../lib/gcc/arm-elf/4.3.2/../../../../arm-elf/lib/libc.a(lib_a-makebuf.o)
 .vfp11_veneer  0x00010bd4        0x0 /cygdrive/c/Eclipse/GNUARM/bin/../lib/gcc/arm-elf/4.3.2/../../../../arm-elf/lib/libc.a(lib_a-memchr.o)
 .vfp11_veneer  0x00010bd4        0x0 /cygdrive/c/Eclipse/GNUARM/bin/../lib/gcc/arm-elf/4.3.2/../../../../arm-elf/lib/libc.a(lib_a-memmove.o)
 .vfp11_veneer  0x00010bd4        0x0 /cygdrive/c/Eclipse/GNUARM/bin/../lib/gcc/arm-elf/4.3.2/../../../../arm-elf/lib/libc.a(lib_a-reallocr.o)
 .vfp11_veneer  0x00010bd4        0x0 /cygdrive/c/Eclipse/GNUARM/bin/../lib/gcc/arm-elf/4.3.2/../../../../arm-elf/lib/libc.a(lib_a-stdio.o)
 .vfp11_veneer  0x00010bd4        0x0 /cygdrive/c/Eclipse/GNUARM/bin/../lib/gcc/arm-elf/4.3.2/../../../../arm-elf/lib/libc.a(lib_a-fclose.o)

.v4_bx          0x00010bd4        0x0 load address 0x40000040
 .v4_bx         0x00010bd4        0x0 ./Startup.o
 .v4_bx         0x00010bd4        0x0 ./main.o
 .v4_bx         0x00010bd4        0x0 ./fat/diskio.o
 .v4_bx         0x00010bd4        0x0 ./fat/ff.o
 .v4_bx         0x00010bd4        0x0 ./fat/rtc.o
 .v4_bx         0x00010bd4        0x0 ./fat/option/ccsbcs.o
 .v4_bx         0x00010bd4        0x0 ./fat/option/reentrant.o
 .v4_bx         0x00010bd4        0x0 ./drivers/uart/uart0.o
 .v4_bx         0x00010bd4        0x0 ./drivers/i2c.o
 .v4_bx         0x00010bd4        0x0 ./drivers/pcm1774.o
 .v4_bx         0x00010bd4        0x0 ./drivers/ssp_spi.o
 .v4_bx         0x00010bd4        0x0 ./drivers/sta013.o
 .v4_bx         0x00010bd4        0x0 ./System/cpu.o
 .v4_bx         0x00010bd4        0x0 ./System/crash.o
 .v4_bx         0x00010bd4        0x0 ./System/fiqISR.o
 .v4_bx         0x00010bd4        0x0 ./System/rprintf.o
 .v4_bx         0x00010bd4        0x0 ./System/syscalls.o
 .v4_bx         0x00010bd4        0x0 ./System/watchdog.o
 .v4_bx         0x00010bd4        0x0 ./General/userInterface.o
 .v4_bx         0x00010bd4        0x0 ./FreeRTOS/croutine.o
 .v4_bx         0x00010bd4        0x0 ./FreeRTOS/heap_3.o
 .v4_bx         0x00010bd4        0x0 ./FreeRTOS/list.o
 .v4_bx         0x00010bd4        0x0 ./FreeRTOS/port.o
 .v4_bx         0x00010bd4        0x0 ./FreeRTOS/portISR.o
 .v4_bx         0x00010bd4        0x0 ./FreeRTOS/queue.o
 .v4_bx         0x00010bd4        0x0 ./FreeRTOS/tasks.o
 .v4_bx         0x00010bd4        0x0 ./FreeRTOS/hooks/hooks.o
 .v4_bx         0x00010bd4        0x0 /cygdrive/c/Eclipse/GNUARM/bin/../lib/gcc/arm-elf/4.3.2/libgcc.a(_udivsi3.o)
 .v4_bx         0x00010bd4        0x0 /cygdrive/c/Eclipse/GNUARM/bin/../lib/gcc/arm-elf/4.3.2/libgcc.a(_divsi3.o)
 .v4_bx         0x00010bd4        0x0 /cygdrive/c/Eclipse/GNUARM/bin/../lib/gcc/arm-elf/4.3.2/libgcc.a(_umodsi3.o)
 .v4_bx         0x00010bd4        0x0 /cygdrive/c/Eclipse/GNUARM/bin/../lib/gcc/arm-elf/4.3.2/libgcc.a(_dvmd_tls.o)
 .v4_bx         0x00010bd4        0x0 /cygdrive/c/Eclipse/GNUARM/bin/../lib/gcc/arm-elf/4.3.2/libgcc.a(_divdi3.o)
 .v4_bx         0x00010bd4        0x0 /cygdrive/c/Eclipse/GNUARM/bin/../lib/gcc/arm-elf/4.3.2/libgcc.a(_udivdi3.o)
 .v4_bx         0x00010bd4        0x0 /cygdrive/c/Eclipse/GNUARM/bin/../lib/gcc/arm-elf/4.3.2/libgcc.a(_clz.o)
 .v4_bx         0x00010bd4        0x0 /cygdrive/c/Eclipse/GNUARM/bin/../lib/gcc/arm-elf/4.3.2/../../../../arm-elf/lib/libc.a(lib_a-atoi.o)
 .v4_bx         0x00010bd4        0x0 /cygdrive/c/Eclipse/GNUARM/bin/../lib/gcc/arm-elf/4.3.2/../../../../arm-elf/lib/libc.a(lib_a-iprintf.o)
 .v4_bx         0x00010bd4        0x0 /cygdrive/c/Eclipse/GNUARM/bin/../lib/gcc/arm-elf/4.3.2/../../../../arm-elf/lib/libc.a(lib_a-malloc.o)
 .v4_bx         0x00010bd4        0x0 /cygdrive/c/Eclipse/GNUARM/bin/../lib/gcc/arm-elf/4.3.2/../../../../arm-elf/lib/libc.a(lib_a-mallocr.o)
 .v4_bx         0x00010bd4        0x0 /cygdrive/c/Eclipse/GNUARM/bin/../lib/gcc/arm-elf/4.3.2/../../../../arm-elf/lib/libc.a(lib_a-memcmp.o)
 .v4_bx         0x00010bd4        0x0 /cygdrive/c/Eclipse/GNUARM/bin/../lib/gcc/arm-elf/4.3.2/../../../../arm-elf/lib/libc.a(lib_a-memcpy.o)
 .v4_bx         0x00010bd4        0x0 /cygdrive/c/Eclipse/GNUARM/bin/../lib/gcc/arm-elf/4.3.2/../../../../arm-elf/lib/libc.a(lib_a-memset.o)
 .v4_bx         0x00010bd4        0x0 /cygdrive/c/Eclipse/GNUARM/bin/../lib/gcc/arm-elf/4.3.2/../../../../arm-elf/lib/libc.a(lib_a-mlock.o)
 .v4_bx         0x00010bd4        0x0 /cygdrive/c/Eclipse/GNUARM/bin/../lib/gcc/arm-elf/4.3.2/../../../../arm-elf/lib/libc.a(lib_a-siprintf.o)
 .v4_bx         0x00010bd4        0x0 /cygdrive/c/Eclipse/GNUARM/bin/../lib/gcc/arm-elf/4.3.2/../../../../arm-elf/lib/libc.a(lib_a-strcat.o)
 .v4_bx         0x00010bd4        0x0 /cygdrive/c/Eclipse/GNUARM/bin/../lib/gcc/arm-elf/4.3.2/../../../../arm-elf/lib/libc.a(lib_a-strcmp.o)
 .v4_bx         0x00010bd4        0x0 /cygdrive/c/Eclipse/GNUARM/bin/../lib/gcc/arm-elf/4.3.2/../../../../arm-elf/lib/libc.a(lib_a-strcpy.o)
 .v4_bx         0x00010bd4        0x0 /cygdrive/c/Eclipse/GNUARM/bin/../lib/gcc/arm-elf/4.3.2/../../../../arm-elf/lib/libc.a(lib_a-strlen.o)
 .v4_bx         0x00010bd4        0x0 /cygdrive/c/Eclipse/GNUARM/bin/../lib/gcc/arm-elf/4.3.2/../../../../arm-elf/lib/libc.a(lib_a-strncpy.o)
 .v4_bx         0x00010bd4        0x0 /cygdrive/c/Eclipse/GNUARM/bin/../lib/gcc/arm-elf/4.3.2/../../../../arm-elf/lib/libc.a(lib_a-strtok.o)
 .v4_bx         0x00010bd4        0x0 /cygdrive/c/Eclipse/GNUARM/bin/../lib/gcc/arm-elf/4.3.2/../../../../arm-elf/lib/libc.a(lib_a-strtok_r.o)
 .v4_bx         0x00010bd4        0x0 /cygdrive/c/Eclipse/GNUARM/bin/../lib/gcc/arm-elf/4.3.2/../../../../arm-elf/lib/libc.a(lib_a-strtol.o)
 .v4_bx         0x00010bd4        0x0 /cygdrive/c/Eclipse/GNUARM/bin/../lib/gcc/arm-elf/4.3.2/../../../../arm-elf/lib/libc.a(lib_a-vfiprintf.o)
 .v4_bx         0x00010bd4        0x0 /cygdrive/c/Eclipse/GNUARM/bin/../lib/gcc/arm-elf/4.3.2/../../../../arm-elf/lib/libc.a(lib_a-wsetup.o)
 .v4_bx         0x00010bd4        0x0 /cygdrive/c/Eclipse/GNUARM/bin/../lib/gcc/arm-elf/4.3.2/../../../../arm-elf/lib/libc.a(lib_a-ctype_.o)
 .v4_bx         0x00010bd4        0x0 /cygdrive/c/Eclipse/GNUARM/bin/../lib/gcc/arm-elf/4.3.2/../../../../arm-elf/lib/libc.a(lib_a-fflush.o)
 .v4_bx         0x00010bd4        0x0 /cygdrive/c/Eclipse/GNUARM/bin/../lib/gcc/arm-elf/4.3.2/../../../../arm-elf/lib/libc.a(lib_a-findfp.o)
 .v4_bx         0x00010bd4        0x0 /cygdrive/c/Eclipse/GNUARM/bin/../lib/gcc/arm-elf/4.3.2/../../../../arm-elf/lib/libc.a(lib_a-freer.o)
 .v4_bx         0x00010bd4        0x0 /cygdrive/c/Eclipse/GNUARM/bin/../lib/gcc/arm-elf/4.3.2/../../../../arm-elf/lib/libc.a(lib_a-fvwrite.o)
 .v4_bx         0x00010bd4        0x0 /cygdrive/c/Eclipse/GNUARM/bin/../lib/gcc/arm-elf/4.3.2/../../../../arm-elf/lib/libc.a(lib_a-fwalk.o)
 .v4_bx         0x00010bd4        0x0 /cygdrive/c/Eclipse/GNUARM/bin/../lib/gcc/arm-elf/4.3.2/../../../../arm-elf/lib/libc.a(lib_a-impure.o)
 .v4_bx         0x00010bd4        0x0 /cygdrive/c/Eclipse/GNUARM/bin/../lib/gcc/arm-elf/4.3.2/../../../../arm-elf/lib/libc.a(lib_a-makebuf.o)
 .v4_bx         0x00010bd4        0x0 /cygdrive/c/Eclipse/GNUARM/bin/../lib/gcc/arm-elf/4.3.2/../../../../arm-elf/lib/libc.a(lib_a-memchr.o)
 .v4_bx         0x00010bd4        0x0 /cygdrive/c/Eclipse/GNUARM/bin/../lib/gcc/arm-elf/4.3.2/../../../../arm-elf/lib/libc.a(lib_a-memmove.o)
 .v4_bx         0x00010bd4        0x0 /cygdrive/c/Eclipse/GNUARM/bin/../lib/gcc/arm-elf/4.3.2/../../../../arm-elf/lib/libc.a(lib_a-reallocr.o)
 .v4_bx         0x00010bd4        0x0 /cygdrive/c/Eclipse/GNUARM/bin/../lib/gcc/arm-elf/4.3.2/../../../../arm-elf/lib/libc.a(lib_a-stdio.o)
 .v4_bx         0x00010bd4        0x0 /cygdrive/c/Eclipse/GNUARM/bin/../lib/gcc/arm-elf/4.3.2/../../../../arm-elf/lib/libc.a(lib_a-fclose.o)

.protected      0x40000040       0x78
                0x40000040                __protected_beg__ = .
 *(.protected)
 .protected     0x40000040       0x78 ./Startup.o
                0x40000040                __abort_dat
                0x400000b8                __protected_end__ = .

.data           0x400000b8      0x860 load address 0x00010bd4
                0x400000b8                __data_beg__ = .
                0x00010bd4                __data_beg_src__ = __end_of_intvects__
 *(.data)
 .data          0x400000b8       0x3c ./Startup.o
                0x400000c8                __stack_beg_fiq
                0x400000c0                __stack_beg_abt
                0x400000b8                __stack_beg_und
                0x400000d8                __stack_beg_svc
                0x400000d0                __stack_beg_irq
                0x400000cc                __stack_end_fiq
                0x400000c4                __stack_end_abt
                0x400000ec                __heap_beg
                0x400000dc                __stack_end_svc
                0x400000e0                __stack_beg_sys
                0x400000f0                __heap_end
                0x400000bc                __stack_end_und
                0x400000e4                __stack_end_sys
                0x400000e8                __heap_max
                0x400000d4                __stack_end_irq
 .data          0x400000f4        0x4 ./main.o
                0x400000f4                a
 .data          0x400000f8        0x1 ./fat/diskio.o
                0x400000f8                Stat
 .data          0x400000f9        0x0 ./fat/ff.o
 .data          0x400000f9        0x0 ./fat/rtc.o
 .data          0x400000f9        0x0 ./fat/option/ccsbcs.o
 .data          0x400000f9        0x0 ./fat/option/reentrant.o
 .data          0x400000f9        0x0 ./drivers/uart/uart0.o
 .data          0x400000f9        0x0 ./drivers/i2c.o
 .data          0x400000f9        0x0 ./drivers/pcm1774.o
 .data          0x400000f9        0x0 ./drivers/ssp_spi.o
 .data          0x400000f9        0x0 ./drivers/sta013.o
 .data          0x400000f9        0x0 ./System/cpu.o
 .data          0x400000f9        0x0 ./System/crash.o
 .data          0x400000f9        0x0 ./System/fiqISR.o
 .data          0x400000f9        0x0 ./System/rprintf.o
 .data          0x400000f9        0x0 ./System/syscalls.o
 .data          0x400000f9        0x0 ./System/watchdog.o
 .data          0x400000f9        0x0 ./General/userInterface.o
 .data          0x400000f9        0x0 ./FreeRTOS/croutine.o
 .data          0x400000f9        0x0 ./FreeRTOS/heap_3.o
 .data          0x400000f9        0x0 ./FreeRTOS/list.o
 .data          0x400000f9        0x0 ./FreeRTOS/port.o
 *fill*         0x400000f9        0x3 00
 .data          0x400000fc        0x4 ./FreeRTOS/portISR.o
                0x400000fc                ulCriticalNesting
 .data          0x40000100        0x0 ./FreeRTOS/queue.o
 .data          0x40000100        0x0 ./FreeRTOS/tasks.o
 .data          0x40000100        0x0 ./FreeRTOS/hooks/hooks.o
 .data          0x40000100        0x0 /cygdrive/c/Eclipse/GNUARM/bin/../lib/gcc/arm-elf/4.3.2/libgcc.a(_udivsi3.o)
 .data          0x40000100        0x0 /cygdrive/c/Eclipse/GNUARM/bin/../lib/gcc/arm-elf/4.3.2/libgcc.a(_divsi3.o)
 .data          0x40000100        0x0 /cygdrive/c/Eclipse/GNUARM/bin/../lib/gcc/arm-elf/4.3.2/libgcc.a(_umodsi3.o)
 .data          0x40000100        0x0 /cygdrive/c/Eclipse/GNUARM/bin/../lib/gcc/arm-elf/4.3.2/libgcc.a(_dvmd_tls.o)
 .data          0x40000100        0x0 /cygdrive/c/Eclipse/GNUARM/bin/../lib/gcc/arm-elf/4.3.2/libgcc.a(_divdi3.o)
 .data          0x40000100        0x0 /cygdrive/c/Eclipse/GNUARM/bin/../lib/gcc/arm-elf/4.3.2/libgcc.a(_udivdi3.o)
 .data          0x40000100        0x0 /cygdrive/c/Eclipse/GNUARM/bin/../lib/gcc/arm-elf/4.3.2/libgcc.a(_clz.o)
 .data          0x40000100        0x0 /cygdrive/c/Eclipse/GNUARM/bin/../lib/gcc/arm-elf/4.3.2/../../../../arm-elf/lib/libc.a(lib_a-atoi.o)
 .data          0x40000100        0x0 /cygdrive/c/Eclipse/GNUARM/bin/../lib/gcc/arm-elf/4.3.2/../../../../arm-elf/lib/libc.a(lib_a-iprintf.o)
 .data          0x40000100        0x0 /cygdrive/c/Eclipse/GNUARM/bin/../lib/gcc/arm-elf/4.3.2/../../../../arm-elf/lib/libc.a(lib_a-malloc.o)
 .data          0x40000100      0x410 /cygdrive/c/Eclipse/GNUARM/bin/../lib/gcc/arm-elf/4.3.2/../../../../arm-elf/lib/libc.a(lib_a-mallocr.o)
                0x4000050c                __malloc_sbrk_base
                0x40000100                __malloc_av_
                0x40000508                __malloc_trim_threshold
 .data          0x40000510        0x0 /cygdrive/c/Eclipse/GNUARM/bin/../lib/gcc/arm-elf/4.3.2/../../../../arm-elf/lib/libc.a(lib_a-memcmp.o)
 .data          0x40000510        0x0 /cygdrive/c/Eclipse/GNUARM/bin/../lib/gcc/arm-elf/4.3.2/../../../../arm-elf/lib/libc.a(lib_a-memcpy.o)
 .data          0x40000510        0x0 /cygdrive/c/Eclipse/GNUARM/bin/../lib/gcc/arm-elf/4.3.2/../../../../arm-elf/lib/libc.a(lib_a-memset.o)
 .data          0x40000510        0x0 /cygdrive/c/Eclipse/GNUARM/bin/../lib/gcc/arm-elf/4.3.2/../../../../arm-elf/lib/libc.a(lib_a-mlock.o)
 .data          0x40000510        0x0 /cygdrive/c/Eclipse/GNUARM/bin/../lib/gcc/arm-elf/4.3.2/../../../../arm-elf/lib/libc.a(lib_a-siprintf.o)
 .data          0x40000510        0x0 /cygdrive/c/Eclipse/GNUARM/bin/../lib/gcc/arm-elf/4.3.2/../../../../arm-elf/lib/libc.a(lib_a-strcat.o)
 .data          0x40000510        0x0 /cygdrive/c/Eclipse/GNUARM/bin/../lib/gcc/arm-elf/4.3.2/../../../../arm-elf/lib/libc.a(lib_a-strcmp.o)
 .data          0x40000510        0x0 /cygdrive/c/Eclipse/GNUARM/bin/../lib/gcc/arm-elf/4.3.2/../../../../arm-elf/lib/libc.a(lib_a-strcpy.o)
 .data          0x40000510        0x0 /cygdrive/c/Eclipse/GNUARM/bin/../lib/gcc/arm-elf/4.3.2/../../../../arm-elf/lib/libc.a(lib_a-strlen.o)
 .data          0x40000510        0x0 /cygdrive/c/Eclipse/GNUARM/bin/../lib/gcc/arm-elf/4.3.2/../../../../arm-elf/lib/libc.a(lib_a-strncpy.o)
 .data          0x40000510        0x0 /cygdrive/c/Eclipse/GNUARM/bin/../lib/gcc/arm-elf/4.3.2/../../../../arm-elf/lib/libc.a(lib_a-strtok.o)
 .data          0x40000510        0x0 /cygdrive/c/Eclipse/GNUARM/bin/../lib/gcc/arm-elf/4.3.2/../../../../arm-elf/lib/libc.a(lib_a-strtok_r.o)
 .data          0x40000510        0x0 /cygdrive/c/Eclipse/GNUARM/bin/../lib/gcc/arm-elf/4.3.2/../../../../arm-elf/lib/libc.a(lib_a-strtol.o)
 .data          0x40000510        0x0 /cygdrive/c/Eclipse/GNUARM/bin/../lib/gcc/arm-elf/4.3.2/../../../../arm-elf/lib/libc.a(lib_a-vfiprintf.o)
 .data          0x40000510        0x0 /cygdrive/c/Eclipse/GNUARM/bin/../lib/gcc/arm-elf/4.3.2/../../../../arm-elf/lib/libc.a(lib_a-wsetup.o)
 .data          0x40000510        0x4 /cygdrive/c/Eclipse/GNUARM/bin/../lib/gcc/arm-elf/4.3.2/../../../../arm-elf/lib/libc.a(lib_a-ctype_.o)
                0x40000510                __ctype_ptr
 .data          0x40000514        0x0 /cygdrive/c/Eclipse/GNUARM/bin/../lib/gcc/arm-elf/4.3.2/../../../../arm-elf/lib/libc.a(lib_a-fflush.o)
 .data          0x40000514        0x0 /cygdrive/c/Eclipse/GNUARM/bin/../lib/gcc/arm-elf/4.3.2/../../../../arm-elf/lib/libc.a(lib_a-findfp.o)
 .data          0x40000514        0x0 /cygdrive/c/Eclipse/GNUARM/bin/../lib/gcc/arm-elf/4.3.2/../../../../arm-elf/lib/libc.a(lib_a-freer.o)
 .data          0x40000514        0x0 /cygdrive/c/Eclipse/GNUARM/bin/../lib/gcc/arm-elf/4.3.2/../../../../arm-elf/lib/libc.a(lib_a-fvwrite.o)
 .data          0x40000514        0x0 /cygdrive/c/Eclipse/GNUARM/bin/../lib/gcc/arm-elf/4.3.2/../../../../arm-elf/lib/libc.a(lib_a-fwalk.o)
 .data          0x40000514      0x404 /cygdrive/c/Eclipse/GNUARM/bin/../lib/gcc/arm-elf/4.3.2/../../../../arm-elf/lib/libc.a(lib_a-impure.o)
                0x40000514                _impure_ptr
 .data          0x40000918        0x0 /cygdrive/c/Eclipse/GNUARM/bin/../lib/gcc/arm-elf/4.3.2/../../../../arm-elf/lib/libc.a(lib_a-makebuf.o)
 .data          0x40000918        0x0 /cygdrive/c/Eclipse/GNUARM/bin/../lib/gcc/arm-elf/4.3.2/../../../../arm-elf/lib/libc.a(lib_a-memchr.o)
 .data          0x40000918        0x0 /cygdrive/c/Eclipse/GNUARM/bin/../lib/gcc/arm-elf/4.3.2/../../../../arm-elf/lib/libc.a(lib_a-memmove.o)
 .data          0x40000918        0x0 /cygdrive/c/Eclipse/GNUARM/bin/../lib/gcc/arm-elf/4.3.2/../../../../arm-elf/lib/libc.a(lib_a-reallocr.o)
 .data          0x40000918        0x0 /cygdrive/c/Eclipse/GNUARM/bin/../lib/gcc/arm-elf/4.3.2/../../../../arm-elf/lib/libc.a(lib_a-stdio.o)
 .data          0x40000918        0x0 /cygdrive/c/Eclipse/GNUARM/bin/../lib/gcc/arm-elf/4.3.2/../../../../arm-elf/lib/libc.a(lib_a-fclose.o)
                0x40000918                __data_end__ = .

.bss            0x40000918      0x200
                0x40000918                __bss_beg__ = .
 *(.bss)
 .bss           0x40000918        0x0 ./Startup.o
 .bss           0x40000918        0x4 ./main.o
                0x40000918                paused
 .bss           0x4000091c        0x1 ./fat/diskio.o
 *fill*         0x4000091d        0x3 00
 .bss           0x40000920        0x8 ./fat/ff.o
 .bss           0x40000928        0x0 ./fat/rtc.o
 .bss           0x40000928        0x0 ./fat/option/ccsbcs.o
 .bss           0x40000928        0x0 ./fat/option/reentrant.o
 .bss           0x40000928        0xc ./drivers/uart/uart0.o
 .bss           0x40000934       0x14 ./drivers/i2c.o
 .bss           0x40000948        0x0 ./drivers/pcm1774.o
 .bss           0x40000948        0x0 ./drivers/ssp_spi.o
 .bss           0x40000948        0x0 ./drivers/sta013.o
 .bss           0x40000948        0x0 ./System/cpu.o
 .bss           0x40000948        0x0 ./System/crash.o
 .bss           0x40000948        0x0 ./System/fiqISR.o
 .bss           0x40000948        0x4 ./System/rprintf.o
 .bss           0x4000094c        0x4 ./System/syscalls.o
 .bss           0x40000950        0x0 ./System/watchdog.o
 .bss           0x40000950        0x0 ./General/userInterface.o
 .bss           0x40000950        0x0 ./FreeRTOS/croutine.o
 .bss           0x40000950        0x0 ./FreeRTOS/heap_3.o
 .bss           0x40000950        0x0 ./FreeRTOS/list.o
 .bss           0x40000950        0x0 ./FreeRTOS/port.o
 .bss           0x40000950        0x0 ./FreeRTOS/portISR.o
 .bss           0x40000950        0x0 ./FreeRTOS/queue.o
 .bss           0x40000950       0xf0 ./FreeRTOS/tasks.o
                0x40000950                pxCurrentTCB
                0x40000958                ulISROverhead
                0x40000954                xTickCount
 .bss           0x40000a40        0x0 ./FreeRTOS/hooks/hooks.o
 .bss           0x40000a40        0x0 /cygdrive/c/Eclipse/GNUARM/bin/../lib/gcc/arm-elf/4.3.2/libgcc.a(_udivsi3.o)
 .bss           0x40000a40        0x0 /cygdrive/c/Eclipse/GNUARM/bin/../lib/gcc/arm-elf/4.3.2/libgcc.a(_divsi3.o)
 .bss           0x40000a40        0x0 /cygdrive/c/Eclipse/GNUARM/bin/../lib/gcc/arm-elf/4.3.2/libgcc.a(_umodsi3.o)
 .bss           0x40000a40        0x0 /cygdrive/c/Eclipse/GNUARM/bin/../lib/gcc/arm-elf/4.3.2/libgcc.a(_dvmd_tls.o)
 .bss           0x40000a40        0x0 /cygdrive/c/Eclipse/GNUARM/bin/../lib/gcc/arm-elf/4.3.2/libgcc.a(_divdi3.o)
 .bss           0x40000a40        0x0 /cygdrive/c/Eclipse/GNUARM/bin/../lib/gcc/arm-elf/4.3.2/libgcc.a(_udivdi3.o)
 .bss           0x40000a40        0x0 /cygdrive/c/Eclipse/GNUARM/bin/../lib/gcc/arm-elf/4.3.2/libgcc.a(_clz.o)
 .bss           0x40000a40        0x0 /cygdrive/c/Eclipse/GNUARM/bin/../lib/gcc/arm-elf/4.3.2/../../../../arm-elf/lib/libc.a(lib_a-atoi.o)
 .bss           0x40000a40        0x0 /cygdrive/c/Eclipse/GNUARM/bin/../lib/gcc/arm-elf/4.3.2/../../../../arm-elf/lib/libc.a(lib_a-iprintf.o)
 .bss           0x40000a40        0x0 /cygdrive/c/Eclipse/GNUARM/bin/../lib/gcc/arm-elf/4.3.2/../../../../arm-elf/lib/libc.a(lib_a-malloc.o)
 .bss           0x40000a40       0x34 /cygdrive/c/Eclipse/GNUARM/bin/../lib/gcc/arm-elf/4.3.2/../../../../arm-elf/lib/libc.a(lib_a-mallocr.o)
                0x40000a40                __malloc_top_pad
                0x40000a44                __malloc_max_sbrked_mem
                0x40000a4c                __malloc_current_mallinfo
                0x40000a48                __malloc_max_total_mem
 .bss           0x40000a74        0x0 /cygdrive/c/Eclipse/GNUARM/bin/../lib/gcc/arm-elf/4.3.2/../../../../arm-elf/lib/libc.a(lib_a-memcmp.o)
 .bss           0x40000a74        0x0 /cygdrive/c/Eclipse/GNUARM/bin/../lib/gcc/arm-elf/4.3.2/../../../../arm-elf/lib/libc.a(lib_a-memcpy.o)
 .bss           0x40000a74        0x0 /cygdrive/c/Eclipse/GNUARM/bin/../lib/gcc/arm-elf/4.3.2/../../../../arm-elf/lib/libc.a(lib_a-memset.o)
 .bss           0x40000a74        0x0 /cygdrive/c/Eclipse/GNUARM/bin/../lib/gcc/arm-elf/4.3.2/../../../../arm-elf/lib/libc.a(lib_a-mlock.o)
 .bss           0x40000a74        0x0 /cygdrive/c/Eclipse/GNUARM/bin/../lib/gcc/arm-elf/4.3.2/../../../../arm-elf/lib/libc.a(lib_a-siprintf.o)
 .bss           0x40000a74        0x0 /cygdrive/c/Eclipse/GNUARM/bin/../lib/gcc/arm-elf/4.3.2/../../../../arm-elf/lib/libc.a(lib_a-strcat.o)
 .bss           0x40000a74        0x0 /cygdrive/c/Eclipse/GNUARM/bin/../lib/gcc/arm-elf/4.3.2/../../../../arm-elf/lib/libc.a(lib_a-strcmp.o)
 .bss           0x40000a74        0x0 /cygdrive/c/Eclipse/GNUARM/bin/../lib/gcc/arm-elf/4.3.2/../../../../arm-elf/lib/libc.a(lib_a-strcpy.o)
 .bss           0x40000a74        0x0 /cygdrive/c/Eclipse/GNUARM/bin/../lib/gcc/arm-elf/4.3.2/../../../../arm-elf/lib/libc.a(lib_a-strlen.o)
 .bss           0x40000a74        0x0 /cygdrive/c/Eclipse/GNUARM/bin/../lib/gcc/arm-elf/4.3.2/../../../../arm-elf/lib/libc.a(lib_a-strncpy.o)
 .bss           0x40000a74        0x0 /cygdrive/c/Eclipse/GNUARM/bin/../lib/gcc/arm-elf/4.3.2/../../../../arm-elf/lib/libc.a(lib_a-strtok.o)
 .bss           0x40000a74        0x0 /cygdrive/c/Eclipse/GNUARM/bin/../lib/gcc/arm-elf/4.3.2/../../../../arm-elf/lib/libc.a(lib_a-strtok_r.o)
 .bss           0x40000a74        0x0 /cygdrive/c/Eclipse/GNUARM/bin/../lib/gcc/arm-elf/4.3.2/../../../../arm-elf/lib/libc.a(lib_a-strtol.o)
 .bss           0x40000a74        0x0 /cygdrive/c/Eclipse/GNUARM/bin/../lib/gcc/arm-elf/4.3.2/../../../../arm-elf/lib/libc.a(lib_a-vfiprintf.o)
 .bss           0x40000a74        0x0 /cygdrive/c/Eclipse/GNUARM/bin/../lib/gcc/arm-elf/4.3.2/../../../../arm-elf/lib/libc.a(lib_a-wsetup.o)
 .bss           0x40000a74        0x0 /cygdrive/c/Eclipse/GNUARM/bin/../lib/gcc/arm-elf/4.3.2/../../../../arm-elf/lib/libc.a(lib_a-ctype_.o)
 .bss           0x40000a74        0x0 /cygdrive/c/Eclipse/GNUARM/bin/../lib/gcc/arm-elf/4.3.2/../../../../arm-elf/lib/libc.a(lib_a-fflush.o)
 .bss           0x40000a74        0x0 /cygdrive/c/Eclipse/GNUARM/bin/../lib/gcc/arm-elf/4.3.2/../../../../arm-elf/lib/libc.a(lib_a-findfp.o)
 .bss           0x40000a74        0x0 /cygdrive/c/Eclipse/GNUARM/bin/../lib/gcc/arm-elf/4.3.2/../../../../arm-elf/lib/libc.a(lib_a-freer.o)
 .bss           0x40000a74        0x0 /cygdrive/c/Eclipse/GNUARM/bin/../lib/gcc/arm-elf/4.3.2/../../../../arm-elf/lib/libc.a(lib_a-fvwrite.o)
 .bss           0x40000a74        0x0 /cygdrive/c/Eclipse/GNUARM/bin/../lib/gcc/arm-elf/4.3.2/../../../../arm-elf/lib/libc.a(lib_a-fwalk.o)
 .bss           0x40000a74        0x0 /cygdrive/c/Eclipse/GNUARM/bin/../lib/gcc/arm-elf/4.3.2/../../../../arm-elf/lib/libc.a(lib_a-impure.o)
 .bss           0x40000a74        0x0 /cygdrive/c/Eclipse/GNUARM/bin/../lib/gcc/arm-elf/4.3.2/../../../../arm-elf/lib/libc.a(lib_a-makebuf.o)
 .bss           0x40000a74        0x0 /cygdrive/c/Eclipse/GNUARM/bin/../lib/gcc/arm-elf/4.3.2/../../../../arm-elf/lib/libc.a(lib_a-memchr.o)
 .bss           0x40000a74        0x0 /cygdrive/c/Eclipse/GNUARM/bin/../lib/gcc/arm-elf/4.3.2/../../../../arm-elf/lib/libc.a(lib_a-memmove.o)
 .bss           0x40000a74        0x0 /cygdrive/c/Eclipse/GNUARM/bin/../lib/gcc/arm-elf/4.3.2/../../../../arm-elf/lib/libc.a(lib_a-reallocr.o)
 .bss           0x40000a74        0x0 /cygdrive/c/Eclipse/GNUARM/bin/../lib/gcc/arm-elf/4.3.2/../../../../arm-elf/lib/libc.a(lib_a-stdio.o)
 .bss           0x40000a74        0x0 /cygdrive/c/Eclipse/GNUARM/bin/../lib/gcc/arm-elf/4.3.2/../../../../arm-elf/lib/libc.a(lib_a-fclose.o)
 COMMON         0x40000a74        0x9 ./fat/diskio.o
                0x40000a74                CardType
                0x40000a75                Timer2
                0x40000a78                SPIAccessSemaphore
                0x40000a7c                Timer1
 *fill*         0x40000a7d        0x3 00
 COMMON         0x40000a80        0x8 ./drivers/i2c.o
                0x40000a80                i2cReadCompleteSignal
                0x40000a84                i2cLock
 COMMON         0x40000a88        0x1 ./drivers/ssp_spi.o
                0x40000a88                sspSpiDummyByte
 *fill*         0x40000a89        0x3 00
 COMMON         0x40000a8c       0x8c ./General/userInterface.o
                0x40000a8c                nextSong
                0x40000a90                currentSong
                0x40000a94                lastFileIndex
                0x40000a98                current
                0x40000a9c                array
                0x40000b14                prevSong
                0x40000b18                . = ALIGN (0x4)
                0x40000b18                . = ALIGN (0x4)
                0x40000b18                _end = .
                0x40000b18                _bss_end__ = .
                0x40000b18                __bss_end__ = .
                0x40000b18                __heap_beg__ = .
                0x40000b18                __heap_end__ = .
                0x40000b18                __end__ = .
                0x40000b18                PROVIDE (end, .)
OUTPUT(lpc2148_FreeRTOS_v6_SD_MP3.elf elf32-littlearm)

.ARM.attributes
                0x00000000       0x10
 .ARM.attributes
                0x00000000       0x10 ./Startup.o
 .ARM.attributes
                0x00000010       0x10 ./main.o
 .ARM.attributes
                0x00000020       0x10 ./fat/diskio.o
 .ARM.attributes
                0x00000030       0x10 ./fat/ff.o
 .ARM.attributes
                0x00000040       0x10 ./fat/rtc.o
 .ARM.attributes
                0x00000050       0x10 ./fat/option/ccsbcs.o
 .ARM.attributes
                0x00000060       0x10 ./fat/option/reentrant.o
 .ARM.attributes
                0x00000070       0x10 ./drivers/uart/uart0.o
 .ARM.attributes
                0x00000080       0x10 ./drivers/i2c.o
 .ARM.attributes
                0x00000090       0x10 ./drivers/pcm1774.o
 .ARM.attributes
                0x000000a0       0x10 ./drivers/ssp_spi.o
 .ARM.attributes
                0x000000b0       0x10 ./drivers/sta013.o
 .ARM.attributes
                0x000000c0       0x10 ./System/cpu.o
 .ARM.attributes
                0x000000d0       0x10 ./System/crash.o
 .ARM.attributes
                0x000000e0       0x10 ./System/fiqISR.o
 .ARM.attributes
                0x000000f0       0x10 ./System/rprintf.o
 .ARM.attributes
                0x00000100       0x10 ./System/syscalls.o
 .ARM.attributes
                0x00000110       0x10 ./System/watchdog.o
 .ARM.attributes
                0x00000120       0x10 ./General/userInterface.o
 .ARM.attributes
                0x00000130       0x10 ./FreeRTOS/croutine.o
 .ARM.attributes
                0x00000140       0x10 ./FreeRTOS/heap_3.o
 .ARM.attributes
                0x00000150       0x10 ./FreeRTOS/list.o
 .ARM.attributes
                0x00000160       0x10 ./FreeRTOS/port.o
 .ARM.attributes
                0x00000170       0x10 ./FreeRTOS/portISR.o
 .ARM.attributes
                0x00000180       0x10 ./FreeRTOS/queue.o
 .ARM.attributes
                0x00000190       0x10 ./FreeRTOS/tasks.o
 .ARM.attributes
                0x000001a0       0x10 ./FreeRTOS/hooks/hooks.o
 .ARM.attributes
                0x000001b0       0x10 /cygdrive/c/Eclipse/GNUARM/bin/../lib/gcc/arm-elf/4.3.2/libgcc.a(_udivsi3.o)
 .ARM.attributes
                0x000001c0       0x10 /cygdrive/c/Eclipse/GNUARM/bin/../lib/gcc/arm-elf/4.3.2/libgcc.a(_divsi3.o)
 .ARM.attributes
                0x000001d0       0x10 /cygdrive/c/Eclipse/GNUARM/bin/../lib/gcc/arm-elf/4.3.2/libgcc.a(_umodsi3.o)
 .ARM.attributes
                0x000001e0       0x10 /cygdrive/c/Eclipse/GNUARM/bin/../lib/gcc/arm-elf/4.3.2/libgcc.a(_dvmd_tls.o)
 .ARM.attributes
                0x000001f0       0x10 /cygdrive/c/Eclipse/GNUARM/bin/../lib/gcc/arm-elf/4.3.2/libgcc.a(_divdi3.o)
 .ARM.attributes
                0x00000200       0x10 /cygdrive/c/Eclipse/GNUARM/bin/../lib/gcc/arm-elf/4.3.2/libgcc.a(_udivdi3.o)
 .ARM.attributes
                0x00000210       0x10 /cygdrive/c/Eclipse/GNUARM/bin/../lib/gcc/arm-elf/4.3.2/libgcc.a(_clz.o)
 .ARM.attributes
                0x00000220       0x10 /cygdrive/c/Eclipse/GNUARM/bin/../lib/gcc/arm-elf/4.3.2/../../../../arm-elf/lib/libc.a(lib_a-atoi.o)
 .ARM.attributes
                0x00000230       0x10 /cygdrive/c/Eclipse/GNUARM/bin/../lib/gcc/arm-elf/4.3.2/../../../../arm-elf/lib/libc.a(lib_a-iprintf.o)
 .ARM.attributes
                0x00000240       0x10 /cygdrive/c/Eclipse/GNUARM/bin/../lib/gcc/arm-elf/4.3.2/../../../../arm-elf/lib/libc.a(lib_a-malloc.o)
 .ARM.attributes
                0x00000250       0x10 /cygdrive/c/Eclipse/GNUARM/bin/../lib/gcc/arm-elf/4.3.2/../../../../arm-elf/lib/libc.a(lib_a-mallocr.o)
 .ARM.attributes
                0x00000260       0x10 /cygdrive/c/Eclipse/GNUARM/bin/../lib/gcc/arm-elf/4.3.2/../../../../arm-elf/lib/libc.a(lib_a-memcmp.o)
 .ARM.attributes
                0x00000270       0x10 /cygdrive/c/Eclipse/GNUARM/bin/../lib/gcc/arm-elf/4.3.2/../../../../arm-elf/lib/libc.a(lib_a-memcpy.o)
 .ARM.attributes
                0x00000280       0x10 /cygdrive/c/Eclipse/GNUARM/bin/../lib/gcc/arm-elf/4.3.2/../../../../arm-elf/lib/libc.a(lib_a-memset.o)
 .ARM.attributes
                0x00000290       0x10 /cygdrive/c/Eclipse/GNUARM/bin/../lib/gcc/arm-elf/4.3.2/../../../../arm-elf/lib/libc.a(lib_a-mlock.o)
 .ARM.attributes
                0x000002a0       0x10 /cygdrive/c/Eclipse/GNUARM/bin/../lib/gcc/arm-elf/4.3.2/../../../../arm-elf/lib/libc.a(lib_a-siprintf.o)
 .ARM.attributes
                0x000002b0       0x10 /cygdrive/c/Eclipse/GNUARM/bin/../lib/gcc/arm-elf/4.3.2/../../../../arm-elf/lib/libc.a(lib_a-strcat.o)
 .ARM.attributes
                0x000002c0       0x10 /cygdrive/c/Eclipse/GNUARM/bin/../lib/gcc/arm-elf/4.3.2/../../../../arm-elf/lib/libc.a(lib_a-strcmp.o)
 .ARM.attributes
                0x000002d0       0x10 /cygdrive/c/Eclipse/GNUARM/bin/../lib/gcc/arm-elf/4.3.2/../../../../arm-elf/lib/libc.a(lib_a-strcpy.o)
 .ARM.attributes
                0x000002e0       0x10 /cygdrive/c/Eclipse/GNUARM/bin/../lib/gcc/arm-elf/4.3.2/../../../../arm-elf/lib/libc.a(lib_a-strlen.o)
 .ARM.attributes
                0x000002f0       0x10 /cygdrive/c/Eclipse/GNUARM/bin/../lib/gcc/arm-elf/4.3.2/../../../../arm-elf/lib/libc.a(lib_a-strncpy.o)
 .ARM.attributes
                0x00000300       0x10 /cygdrive/c/Eclipse/GNUARM/bin/../lib/gcc/arm-elf/4.3.2/../../../../arm-elf/lib/libc.a(lib_a-strtok.o)
 .ARM.attributes
                0x00000310       0x10 /cygdrive/c/Eclipse/GNUARM/bin/../lib/gcc/arm-elf/4.3.2/../../../../arm-elf/lib/libc.a(lib_a-strtok_r.o)
 .ARM.attributes
                0x00000320       0x10 /cygdrive/c/Eclipse/GNUARM/bin/../lib/gcc/arm-elf/4.3.2/../../../../arm-elf/lib/libc.a(lib_a-strtol.o)
 .ARM.attributes
                0x00000330       0x10 /cygdrive/c/Eclipse/GNUARM/bin/../lib/gcc/arm-elf/4.3.2/../../../../arm-elf/lib/libc.a(lib_a-vfiprintf.o)
 .ARM.attributes
                0x00000340       0x10 /cygdrive/c/Eclipse/GNUARM/bin/../lib/gcc/arm-elf/4.3.2/../../../../arm-elf/lib/libc.a(lib_a-wsetup.o)
 .ARM.attributes
                0x00000350       0x10 /cygdrive/c/Eclipse/GNUARM/bin/../lib/gcc/arm-elf/4.3.2/../../../../arm-elf/lib/libc.a(lib_a-ctype_.o)
 .ARM.attributes
                0x00000360       0x10 /cygdrive/c/Eclipse/GNUARM/bin/../lib/gcc/arm-elf/4.3.2/../../../../arm-elf/lib/libc.a(lib_a-fflush.o)
 .ARM.attributes
                0x00000370       0x10 /cygdrive/c/Eclipse/GNUARM/bin/../lib/gcc/arm-elf/4.3.2/../../../../arm-elf/lib/libc.a(lib_a-findfp.o)
 .ARM.attributes
                0x00000380       0x10 /cygdrive/c/Eclipse/GNUARM/bin/../lib/gcc/arm-elf/4.3.2/../../../../arm-elf/lib/libc.a(lib_a-freer.o)
 .ARM.attributes
                0x00000390       0x10 /cygdrive/c/Eclipse/GNUARM/bin/../lib/gcc/arm-elf/4.3.2/../../../../arm-elf/lib/libc.a(lib_a-fvwrite.o)
 .ARM.attributes
                0x000003a0       0x10 /cygdrive/c/Eclipse/GNUARM/bin/../lib/gcc/arm-elf/4.3.2/../../../../arm-elf/lib/libc.a(lib_a-fwalk.o)
 .ARM.attributes
                0x000003b0       0x10 /cygdrive/c/Eclipse/GNUARM/bin/../lib/gcc/arm-elf/4.3.2/../../../../arm-elf/lib/libc.a(lib_a-impure.o)
 .ARM.attributes
                0x000003c0       0x10 /cygdrive/c/Eclipse/GNUARM/bin/../lib/gcc/arm-elf/4.3.2/../../../../arm-elf/lib/libc.a(lib_a-makebuf.o)
 .ARM.attributes
                0x000003d0       0x10 /cygdrive/c/Eclipse/GNUARM/bin/../lib/gcc/arm-elf/4.3.2/../../../../arm-elf/lib/libc.a(lib_a-memchr.o)
 .ARM.attributes
                0x000003e0       0x10 /cygdrive/c/Eclipse/GNUARM/bin/../lib/gcc/arm-elf/4.3.2/../../../../arm-elf/lib/libc.a(lib_a-memmove.o)
 .ARM.attributes
                0x000003f0       0x10 /cygdrive/c/Eclipse/GNUARM/bin/../lib/gcc/arm-elf/4.3.2/../../../../arm-elf/lib/libc.a(lib_a-reallocr.o)
 .ARM.attributes
                0x00000400       0x10 /cygdrive/c/Eclipse/GNUARM/bin/../lib/gcc/arm-elf/4.3.2/../../../../arm-elf/lib/libc.a(lib_a-stdio.o)
 .ARM.attributes
                0x00000410       0x10 /cygdrive/c/Eclipse/GNUARM/bin/../lib/gcc/arm-elf/4.3.2/../../../../arm-elf/lib/libc.a(lib_a-fclose.o)

.comment        0x00000000      0x44a
 .comment       0x00000000       0x12 ./main.o
 .comment       0x00000012       0x12 ./fat/diskio.o
 .comment       0x00000024       0x12 ./fat/ff.o
 .comment       0x00000036       0x12 ./fat/rtc.o
 .comment       0x00000048       0x12 ./fat/option/ccsbcs.o
 .comment       0x0000005a       0x12 ./fat/option/reentrant.o
 .comment       0x0000006c       0x12 ./drivers/uart/uart0.o
 .comment       0x0000007e       0x12 ./drivers/i2c.o
 .comment       0x00000090       0x12 ./drivers/pcm1774.o
 .comment       0x000000a2       0x12 ./drivers/ssp_spi.o
 .comment       0x000000b4       0x12 ./drivers/sta013.o
 .comment       0x000000c6       0x12 ./System/cpu.o
 .comment       0x000000d8       0x12 ./System/crash.o
 .comment       0x000000ea       0x12 ./System/fiqISR.o
 .comment       0x000000fc       0x12 ./System/rprintf.o
 .comment       0x0000010e       0x12 ./System/syscalls.o
 .comment       0x00000120       0x12 ./System/watchdog.o
 .comment       0x00000132       0x12 ./General/userInterface.o
 .comment       0x00000144       0x12 ./FreeRTOS/croutine.o
 .comment       0x00000156       0x12 ./FreeRTOS/heap_3.o
 .comment       0x00000168       0x12 ./FreeRTOS/list.o
 .comment       0x0000017a       0x12 ./FreeRTOS/port.o
 .comment       0x0000018c       0x12 ./FreeRTOS/portISR.o
 .comment       0x0000019e       0x12 ./FreeRTOS/queue.o
 .comment       0x000001b0       0x12 ./FreeRTOS/tasks.o
 .comment       0x000001c2       0x12 ./FreeRTOS/hooks/hooks.o
 .comment       0x000001d4       0x12 /cygdrive/c/Eclipse/GNUARM/bin/../lib/gcc/arm-elf/4.3.2/libgcc.a(_divdi3.o)
 .comment       0x000001e6       0x12 /cygdrive/c/Eclipse/GNUARM/bin/../lib/gcc/arm-elf/4.3.2/libgcc.a(_udivdi3.o)
 .comment       0x000001f8       0x12 /cygdrive/c/Eclipse/GNUARM/bin/../lib/gcc/arm-elf/4.3.2/libgcc.a(_clz.o)
 .comment       0x0000020a       0x12 /cygdrive/c/Eclipse/GNUARM/bin/../lib/gcc/arm-elf/4.3.2/../../../../arm-elf/lib/libc.a(lib_a-atoi.o)
 .comment       0x0000021c       0x12 /cygdrive/c/Eclipse/GNUARM/bin/../lib/gcc/arm-elf/4.3.2/../../../../arm-elf/lib/libc.a(lib_a-iprintf.o)
 .comment       0x0000022e       0x12 /cygdrive/c/Eclipse/GNUARM/bin/../lib/gcc/arm-elf/4.3.2/../../../../arm-elf/lib/libc.a(lib_a-malloc.o)
 .comment       0x00000240       0x12 /cygdrive/c/Eclipse/GNUARM/bin/../lib/gcc/arm-elf/4.3.2/../../../../arm-elf/lib/libc.a(lib_a-mallocr.o)
 .comment       0x00000252       0x12 /cygdrive/c/Eclipse/GNUARM/bin/../lib/gcc/arm-elf/4.3.2/../../../../arm-elf/lib/libc.a(lib_a-memcmp.o)
 .comment       0x00000264       0x12 /cygdrive/c/Eclipse/GNUARM/bin/../lib/gcc/arm-elf/4.3.2/../../../../arm-elf/lib/libc.a(lib_a-memcpy.o)
 .comment       0x00000276       0x12 /cygdrive/c/Eclipse/GNUARM/bin/../lib/gcc/arm-elf/4.3.2/../../../../arm-elf/lib/libc.a(lib_a-memset.o)
 .comment       0x00000288       0x12 /cygdrive/c/Eclipse/GNUARM/bin/../lib/gcc/arm-elf/4.3.2/../../../../arm-elf/lib/libc.a(lib_a-mlock.o)
 .comment       0x0000029a       0x12 /cygdrive/c/Eclipse/GNUARM/bin/../lib/gcc/arm-elf/4.3.2/../../../../arm-elf/lib/libc.a(lib_a-siprintf.o)
 .comment       0x000002ac       0x12 /cygdrive/c/Eclipse/GNUARM/bin/../lib/gcc/arm-elf/4.3.2/../../../../arm-elf/lib/libc.a(lib_a-strcat.o)
 .comment       0x000002be       0x12 /cygdrive/c/Eclipse/GNUARM/bin/../lib/gcc/arm-elf/4.3.2/../../../../arm-elf/lib/libc.a(lib_a-strcmp.o)
 .comment       0x000002d0       0x12 /cygdrive/c/Eclipse/GNUARM/bin/../lib/gcc/arm-elf/4.3.2/../../../../arm-elf/lib/libc.a(lib_a-strcpy.o)
 .comment       0x000002e2       0x12 /cygdrive/c/Eclipse/GNUARM/bin/../lib/gcc/arm-elf/4.3.2/../../../../arm-elf/lib/libc.a(lib_a-strlen.o)
 .comment       0x000002f4       0x12 /cygdrive/c/Eclipse/GNUARM/bin/../lib/gcc/arm-elf/4.3.2/../../../../arm-elf/lib/libc.a(lib_a-strncpy.o)
 .comment       0x00000306       0x12 /cygdrive/c/Eclipse/GNUARM/bin/../lib/gcc/arm-elf/4.3.2/../../../../arm-elf/lib/libc.a(lib_a-strtok.o)
 .comment       0x00000318       0x12 /cygdrive/c/Eclipse/GNUARM/bin/../lib/gcc/arm-elf/4.3.2/../../../../arm-elf/lib/libc.a(lib_a-strtok_r.o)
 .comment       0x0000032a       0x12 /cygdrive/c/Eclipse/GNUARM/bin/../lib/gcc/arm-elf/4.3.2/../../../../arm-elf/lib/libc.a(lib_a-strtol.o)
 .comment       0x0000033c       0x12 /cygdrive/c/Eclipse/GNUARM/bin/../lib/gcc/arm-elf/4.3.2/../../../../arm-elf/lib/libc.a(lib_a-vfiprintf.o)
 .comment       0x0000034e       0x12 /cygdrive/c/Eclipse/GNUARM/bin/../lib/gcc/arm-elf/4.3.2/../../../../arm-elf/lib/libc.a(lib_a-wsetup.o)
 .comment       0x00000360       0x12 /cygdrive/c/Eclipse/GNUARM/bin/../lib/gcc/arm-elf/4.3.2/../../../../arm-elf/lib/libc.a(lib_a-ctype_.o)
 .comment       0x00000372       0x12 /cygdrive/c/Eclipse/GNUARM/bin/../lib/gcc/arm-elf/4.3.2/../../../../arm-elf/lib/libc.a(lib_a-fflush.o)
 .comment       0x00000384       0x12 /cygdrive/c/Eclipse/GNUARM/bin/../lib/gcc/arm-elf/4.3.2/../../../../arm-elf/lib/libc.a(lib_a-findfp.o)
 .comment       0x00000396       0x12 /cygdrive/c/Eclipse/GNUARM/bin/../lib/gcc/arm-elf/4.3.2/../../../../arm-elf/lib/libc.a(lib_a-freer.o)
 .comment       0x000003a8       0x12 /cygdrive/c/Eclipse/GNUARM/bin/../lib/gcc/arm-elf/4.3.2/../../../../arm-elf/lib/libc.a(lib_a-fvwrite.o)
 .comment       0x000003ba       0x12 /cygdrive/c/Eclipse/GNUARM/bin/../lib/gcc/arm-elf/4.3.2/../../../../arm-elf/lib/libc.a(lib_a-fwalk.o)
 .comment       0x000003cc       0x12 /cygdrive/c/Eclipse/GNUARM/bin/../lib/gcc/arm-elf/4.3.2/../../../../arm-elf/lib/libc.a(lib_a-impure.o)
 .comment       0x000003de       0x12 /cygdrive/c/Eclipse/GNUARM/bin/../lib/gcc/arm-elf/4.3.2/../../../../arm-elf/lib/libc.a(lib_a-makebuf.o)
 .comment       0x000003f0       0x12 /cygdrive/c/Eclipse/GNUARM/bin/../lib/gcc/arm-elf/4.3.2/../../../../arm-elf/lib/libc.a(lib_a-memchr.o)
 .comment       0x00000402       0x12 /cygdrive/c/Eclipse/GNUARM/bin/../lib/gcc/arm-elf/4.3.2/../../../../arm-elf/lib/libc.a(lib_a-memmove.o)
 .comment       0x00000414       0x12 /cygdrive/c/Eclipse/GNUARM/bin/../lib/gcc/arm-elf/4.3.2/../../../../arm-elf/lib/libc.a(lib_a-reallocr.o)
 .comment       0x00000426       0x12 /cygdrive/c/Eclipse/GNUARM/bin/../lib/gcc/arm-elf/4.3.2/../../../../arm-elf/lib/libc.a(lib_a-stdio.o)
 .comment       0x00000438       0x12 /cygdrive/c/Eclipse/GNUARM/bin/../lib/gcc/arm-elf/4.3.2/../../../../arm-elf/lib/libc.a(lib_a-fclose.o)

.debug_frame    0x00000000      0x868
 .debug_frame   0x00000000       0x28 /cygdrive/c/Eclipse/GNUARM/bin/../lib/gcc/arm-elf/4.3.2/libgcc.a(_udivsi3.o)
 .debug_frame   0x00000028       0x28 /cygdrive/c/Eclipse/GNUARM/bin/../lib/gcc/arm-elf/4.3.2/libgcc.a(_divsi3.o)
 .debug_frame   0x00000050       0x28 /cygdrive/c/Eclipse/GNUARM/bin/../lib/gcc/arm-elf/4.3.2/libgcc.a(_umodsi3.o)
 .debug_frame   0x00000078       0x38 /cygdrive/c/Eclipse/GNUARM/bin/../lib/gcc/arm-elf/4.3.2/libgcc.a(_divdi3.o)
 .debug_frame   0x000000b0       0x38 /cygdrive/c/Eclipse/GNUARM/bin/../lib/gcc/arm-elf/4.3.2/libgcc.a(_udivdi3.o)
 .debug_frame   0x000000e8       0x30 /cygdrive/c/Eclipse/GNUARM/bin/../lib/gcc/arm-elf/4.3.2/../../../../arm-elf/lib/libc.a(lib_a-atoi.o)
 .debug_frame   0x00000118       0x50 /cygdrive/c/Eclipse/GNUARM/bin/../lib/gcc/arm-elf/4.3.2/../../../../arm-elf/lib/libc.a(lib_a-iprintf.o)
 .debug_frame   0x00000168       0x30 /cygdrive/c/Eclipse/GNUARM/bin/../lib/gcc/arm-elf/4.3.2/../../../../arm-elf/lib/libc.a(lib_a-malloc.o)
 .debug_frame   0x00000198       0x38 /cygdrive/c/Eclipse/GNUARM/bin/../lib/gcc/arm-elf/4.3.2/../../../../arm-elf/lib/libc.a(lib_a-mallocr.o)
 .debug_frame   0x000001d0       0x2c /cygdrive/c/Eclipse/GNUARM/bin/../lib/gcc/arm-elf/4.3.2/../../../../arm-elf/lib/libc.a(lib_a-memcmp.o)
 .debug_frame   0x000001fc       0x2c /cygdrive/c/Eclipse/GNUARM/bin/../lib/gcc/arm-elf/4.3.2/../../../../arm-elf/lib/libc.a(lib_a-memcpy.o)
 .debug_frame   0x00000228       0x28 /cygdrive/c/Eclipse/GNUARM/bin/../lib/gcc/arm-elf/4.3.2/../../../../arm-elf/lib/libc.a(lib_a-memset.o)
 .debug_frame   0x00000250       0x30 /cygdrive/c/Eclipse/GNUARM/bin/../lib/gcc/arm-elf/4.3.2/../../../../arm-elf/lib/libc.a(lib_a-mlock.o)
 .debug_frame   0x00000280       0x58 /cygdrive/c/Eclipse/GNUARM/bin/../lib/gcc/arm-elf/4.3.2/../../../../arm-elf/lib/libc.a(lib_a-siprintf.o)
 .debug_frame   0x000002d8       0x28 /cygdrive/c/Eclipse/GNUARM/bin/../lib/gcc/arm-elf/4.3.2/../../../../arm-elf/lib/libc.a(lib_a-strcat.o)
 .debug_frame   0x00000300       0x20 /cygdrive/c/Eclipse/GNUARM/bin/../lib/gcc/arm-elf/4.3.2/../../../../arm-elf/lib/libc.a(lib_a-strcmp.o)
 .debug_frame   0x00000320       0x28 /cygdrive/c/Eclipse/GNUARM/bin/../lib/gcc/arm-elf/4.3.2/../../../../arm-elf/lib/libc.a(lib_a-strcpy.o)
 .debug_frame   0x00000348       0x20 /cygdrive/c/Eclipse/GNUARM/bin/../lib/gcc/arm-elf/4.3.2/../../../../arm-elf/lib/libc.a(lib_a-strlen.o)
 .debug_frame   0x00000368       0x28 /cygdrive/c/Eclipse/GNUARM/bin/../lib/gcc/arm-elf/4.3.2/../../../../arm-elf/lib/libc.a(lib_a-strncpy.o)
 .debug_frame   0x00000390       0x20 /cygdrive/c/Eclipse/GNUARM/bin/../lib/gcc/arm-elf/4.3.2/../../../../arm-elf/lib/libc.a(lib_a-strtok.o)
 .debug_frame   0x000003b0       0x3c /cygdrive/c/Eclipse/GNUARM/bin/../lib/gcc/arm-elf/4.3.2/../../../../arm-elf/lib/libc.a(lib_a-strtok_r.o)
 .debug_frame   0x000003ec       0x50 /cygdrive/c/Eclipse/GNUARM/bin/../lib/gcc/arm-elf/4.3.2/../../../../arm-elf/lib/libc.a(lib_a-strtol.o)
 .debug_frame   0x0000043c       0x6c /cygdrive/c/Eclipse/GNUARM/bin/../lib/gcc/arm-elf/4.3.2/../../../../arm-elf/lib/libc.a(lib_a-vfiprintf.o)
 .debug_frame   0x000004a8       0x2c /cygdrive/c/Eclipse/GNUARM/bin/../lib/gcc/arm-elf/4.3.2/../../../../arm-elf/lib/libc.a(lib_a-wsetup.o)
 .debug_frame   0x000004d4       0x40 /cygdrive/c/Eclipse/GNUARM/bin/../lib/gcc/arm-elf/4.3.2/../../../../arm-elf/lib/libc.a(lib_a-fflush.o)
 .debug_frame   0x00000514      0x10c /cygdrive/c/Eclipse/GNUARM/bin/../lib/gcc/arm-elf/4.3.2/../../../../arm-elf/lib/libc.a(lib_a-findfp.o)
 .debug_frame   0x00000620       0x50 /cygdrive/c/Eclipse/GNUARM/bin/../lib/gcc/arm-elf/4.3.2/../../../../arm-elf/lib/libc.a(lib_a-freer.o)
 .debug_frame   0x00000670       0x38 /cygdrive/c/Eclipse/GNUARM/bin/../lib/gcc/arm-elf/4.3.2/../../../../arm-elf/lib/libc.a(lib_a-fvwrite.o)
 .debug_frame   0x000006a8       0x58 /cygdrive/c/Eclipse/GNUARM/bin/../lib/gcc/arm-elf/4.3.2/../../../../arm-elf/lib/libc.a(lib_a-fwalk.o)
 .debug_frame   0x00000700       0x30 /cygdrive/c/Eclipse/GNUARM/bin/../lib/gcc/arm-elf/4.3.2/../../../../arm-elf/lib/libc.a(lib_a-makebuf.o)
 .debug_frame   0x00000730       0x28 /cygdrive/c/Eclipse/GNUARM/bin/../lib/gcc/arm-elf/4.3.2/../../../../arm-elf/lib/libc.a(lib_a-memchr.o)
 .debug_frame   0x00000758       0x2c /cygdrive/c/Eclipse/GNUARM/bin/../lib/gcc/arm-elf/4.3.2/../../../../arm-elf/lib/libc.a(lib_a-memmove.o)
 .debug_frame   0x00000784       0x38 /cygdrive/c/Eclipse/GNUARM/bin/../lib/gcc/arm-elf/4.3.2/../../../../arm-elf/lib/libc.a(lib_a-reallocr.o)
 .debug_frame   0x000007bc       0x70 /cygdrive/c/Eclipse/GNUARM/bin/../lib/gcc/arm-elf/4.3.2/../../../../arm-elf/lib/libc.a(lib_a-stdio.o)
 .debug_frame   0x0000082c       0x3c /cygdrive/c/Eclipse/GNUARM/bin/../lib/gcc/arm-elf/4.3.2/../../../../arm-elf/lib/libc.a(lib_a-fclose.o)

.debug_line     0x00000000     0x2a02
 .debug_line    0x00000000       0x96 /cygdrive/c/Eclipse/GNUARM/bin/../lib/gcc/arm-elf/4.3.2/libgcc.a(_udivsi3.o)
 .debug_line    0x00000096       0xa2 /cygdrive/c/Eclipse/GNUARM/bin/../lib/gcc/arm-elf/4.3.2/libgcc.a(_divsi3.o)
 .debug_line    0x00000138       0x7f /cygdrive/c/Eclipse/GNUARM/bin/../lib/gcc/arm-elf/4.3.2/libgcc.a(_umodsi3.o)
 .debug_line    0x000001b7       0x6a /cygdrive/c/Eclipse/GNUARM/bin/../lib/gcc/arm-elf/4.3.2/libgcc.a(_dvmd_tls.o)
 .debug_line    0x00000221      0x10e /cygdrive/c/Eclipse/GNUARM/bin/../lib/gcc/arm-elf/4.3.2/libgcc.a(_divdi3.o)
 .debug_line    0x0000032f       0xf3 /cygdrive/c/Eclipse/GNUARM/bin/../lib/gcc/arm-elf/4.3.2/libgcc.a(_udivdi3.o)
 .debug_line    0x00000422       0x58 /cygdrive/c/Eclipse/GNUARM/bin/../lib/gcc/arm-elf/4.3.2/libgcc.a(_clz.o)
 .debug_line    0x0000047a       0xf2 /cygdrive/c/Eclipse/GNUARM/bin/../lib/gcc/arm-elf/4.3.2/../../../../arm-elf/lib/libc.a(lib_a-atoi.o)
 .debug_line    0x0000056c       0xfe /cygdrive/c/Eclipse/GNUARM/bin/../lib/gcc/arm-elf/4.3.2/../../../../arm-elf/lib/libc.a(lib_a-iprintf.o)
 .debug_line    0x0000066a       0xf8 /cygdrive/c/Eclipse/GNUARM/bin/../lib/gcc/arm-elf/4.3.2/../../../../arm-elf/lib/libc.a(lib_a-malloc.o)
 .debug_line    0x00000762      0x227 /cygdrive/c/Eclipse/GNUARM/bin/../lib/gcc/arm-elf/4.3.2/../../../../arm-elf/lib/libc.a(lib_a-mallocr.o)
 .debug_line    0x00000989       0xc3 /cygdrive/c/Eclipse/GNUARM/bin/../lib/gcc/arm-elf/4.3.2/../../../../arm-elf/lib/libc.a(lib_a-memcmp.o)
 .debug_line    0x00000a4c       0xda /cygdrive/c/Eclipse/GNUARM/bin/../lib/gcc/arm-elf/4.3.2/../../../../arm-elf/lib/libc.a(lib_a-memcpy.o)
 .debug_line    0x00000b26       0xe1 /cygdrive/c/Eclipse/GNUARM/bin/../lib/gcc/arm-elf/4.3.2/../../../../arm-elf/lib/libc.a(lib_a-memset.o)
 .debug_line    0x00000c07       0xec /cygdrive/c/Eclipse/GNUARM/bin/../lib/gcc/arm-elf/4.3.2/../../../../arm-elf/lib/libc.a(lib_a-mlock.o)
 .debug_line    0x00000cf3      0x15f /cygdrive/c/Eclipse/GNUARM/bin/../lib/gcc/arm-elf/4.3.2/../../../../arm-elf/lib/libc.a(lib_a-siprintf.o)
 .debug_line    0x00000e52       0x7d /cygdrive/c/Eclipse/GNUARM/bin/../lib/gcc/arm-elf/4.3.2/../../../../arm-elf/lib/libc.a(lib_a-strcat.o)
 .debug_line    0x00000ecf       0x86 /cygdrive/c/Eclipse/GNUARM/bin/../lib/gcc/arm-elf/4.3.2/../../../../arm-elf/lib/libc.a(lib_a-strcmp.o)
 .debug_line    0x00000f55       0x83 /cygdrive/c/Eclipse/GNUARM/bin/../lib/gcc/arm-elf/4.3.2/../../../../arm-elf/lib/libc.a(lib_a-strcpy.o)