Archive member included because of file (symbol)

/cygdrive/c/Users/Michael/Documents/CmpE 146/CmpE146Package/GNUARM/bin/../lib/gcc/arm-elf/4.3.2/libgcc.a(_udivsi3.o)
                              ./fat/ff.o (__udivsi3)
/cygdrive/c/Users/Michael/Documents/CmpE 146/CmpE146Package/GNUARM/bin/../lib/gcc/arm-elf/4.3.2/libgcc.a(_divsi3.o)
                              ./fat/ff.o (__divsi3)
/cygdrive/c/Users/Michael/Documents/CmpE 146/CmpE146Package/GNUARM/bin/../lib/gcc/arm-elf/4.3.2/libgcc.a(_umodsi3.o)
                              ./System/rprintf.o (__umodsi3)
/cygdrive/c/Users/Michael/Documents/CmpE 146/CmpE146Package/GNUARM/bin/../lib/gcc/arm-elf/4.3.2/libgcc.a(_dvmd_tls.o)
                              /cygdrive/c/Users/Michael/Documents/CmpE 146/CmpE146Package/GNUARM/bin/../lib/gcc/arm-elf/4.3.2/libgcc.a(_udivsi3.o) (__div0)
/cygdrive/c/Users/Michael/Documents/CmpE 146/CmpE146Package/GNUARM/bin/../lib/gcc/arm-elf/4.3.2/libgcc.a(_divdi3.o)
                              ./FreeRTOS/tasks.o (__divdi3)
/cygdrive/c/Users/Michael/Documents/CmpE 146/CmpE146Package/GNUARM/bin/../lib/gcc/arm-elf/4.3.2/libgcc.a(_udivdi3.o)
                              ./FreeRTOS/tasks.o (__udivdi3)
/cygdrive/c/Users/Michael/Documents/CmpE 146/CmpE146Package/GNUARM/bin/../lib/gcc/arm-elf/4.3.2/libgcc.a(_clz.o)
                              /cygdrive/c/Users/Michael/Documents/CmpE 146/CmpE146Package/GNUARM/bin/../lib/gcc/arm-elf/4.3.2/libgcc.a(_divdi3.o) (__clz_tab)
/cygdrive/c/Users/Michael/Documents/CmpE 146/CmpE146Package/GNUARM/bin/../lib/gcc/arm-elf/4.3.2/../../../../arm-elf/lib/libc.a(lib_a-atoi.o)
                              ./General/userInterface.o (atoi)
/cygdrive/c/Users/Michael/Documents/CmpE 146/CmpE146Package/GNUARM/bin/../lib/gcc/arm-elf/4.3.2/../../../../arm-elf/lib/libc.a(lib_a-iprintf.o)
                              ./General/userInterface.o (iprintf)
/cygdrive/c/Users/Michael/Documents/CmpE 146/CmpE146Package/GNUARM/bin/../lib/gcc/arm-elf/4.3.2/../../../../arm-elf/lib/libc.a(lib_a-malloc.o)
                              ./FreeRTOS/heap_3.o (free)
/cygdrive/c/Users/Michael/Documents/CmpE 146/CmpE146Package/GNUARM/bin/../lib/gcc/arm-elf/4.3.2/../../../../arm-elf/lib/libc.a(lib_a-mallocr.o)
                              /cygdrive/c/Users/Michael/Documents/CmpE 146/CmpE146Package/GNUARM/bin/../lib/gcc/arm-elf/4.3.2/../../../../arm-elf/lib/libc.a(lib_a-malloc.o) (_malloc_r)
/cygdrive/c/Users/Michael/Documents/CmpE 146/CmpE146Package/GNUARM/bin/../lib/gcc/arm-elf/4.3.2/../../../../arm-elf/lib/libc.a(lib_a-memcmp.o)
                              ./FreeRTOS/tasks.o (memcmp)
/cygdrive/c/Users/Michael/Documents/CmpE 146/CmpE146Package/GNUARM/bin/../lib/gcc/arm-elf/4.3.2/../../../../arm-elf/lib/libc.a(lib_a-memcpy.o)
                              ./drivers/i2c.o (memcpy)
/cygdrive/c/Users/Michael/Documents/CmpE 146/CmpE146Package/GNUARM/bin/../lib/gcc/arm-elf/4.3.2/../../../../arm-elf/lib/libc.a(lib_a-memset.o)
                              ./System/crash.o (memset)
/cygdrive/c/Users/Michael/Documents/CmpE 146/CmpE146Package/GNUARM/bin/../lib/gcc/arm-elf/4.3.2/../../../../arm-elf/lib/libc.a(lib_a-mlock.o)
                              /cygdrive/c/Users/Michael/Documents/CmpE 146/CmpE146Package/GNUARM/bin/../lib/gcc/arm-elf/4.3.2/../../../../arm-elf/lib/libc.a(lib_a-mallocr.o) (__malloc_lock)
/cygdrive/c/Users/Michael/Documents/CmpE 146/CmpE146Package/GNUARM/bin/../lib/gcc/arm-elf/4.3.2/../../../../arm-elf/lib/libc.a(lib_a-siprintf.o)
                              ./FreeRTOS/tasks.o (siprintf)
/cygdrive/c/Users/Michael/Documents/CmpE 146/CmpE146Package/GNUARM/bin/../lib/gcc/arm-elf/4.3.2/../../../../arm-elf/lib/libc.a(lib_a-strcat.o)
                              ./General/userInterface.o (strcat)
/cygdrive/c/Users/Michael/Documents/CmpE 146/CmpE146Package/GNUARM/bin/../lib/gcc/arm-elf/4.3.2/../../../../arm-elf/lib/libc.a(lib_a-strcmp.o)
                              ./General/userInterface.o (strcmp)
/cygdrive/c/Users/Michael/Documents/CmpE 146/CmpE146Package/GNUARM/bin/../lib/gcc/arm-elf/4.3.2/../../../../arm-elf/lib/libc.a(lib_a-strcpy.o)
                              ./General/userInterface.o (strcpy)
/cygdrive/c/Users/Michael/Documents/CmpE 146/CmpE146Package/GNUARM/bin/../lib/gcc/arm-elf/4.3.2/../../../../arm-elf/lib/libc.a(lib_a-strlen.o)
                              ./FreeRTOS/tasks.o (strlen)
/cygdrive/c/Users/Michael/Documents/CmpE 146/CmpE146Package/GNUARM/bin/../lib/gcc/arm-elf/4.3.2/../../../../arm-elf/lib/libc.a(lib_a-strncpy.o)
                              ./FreeRTOS/tasks.o (strncpy)
/cygdrive/c/Users/Michael/Documents/CmpE 146/CmpE146Package/GNUARM/bin/../lib/gcc/arm-elf/4.3.2/../../../../arm-elf/lib/libc.a(lib_a-strtok.o)
                              ./General/userInterface.o (strtok)
/cygdrive/c/Users/Michael/Documents/CmpE 146/CmpE146Package/GNUARM/bin/../lib/gcc/arm-elf/4.3.2/../../../../arm-elf/lib/libc.a(lib_a-strtok_r.o)
[...]
Memory Configuration

Name             Origin             Length             Attributes
flash            0x00001000         0x0007c000         xr
ram              0x40000000         0x00007fe0         rw
*default*        0x00000000         0xffffffff

Linker script and memory map

LOAD ./Startup.o
LOAD ./main.o
LOAD ./fat/diskio.o
LOAD ./fat/ff.o
LOAD ./fat/rtc.o
LOAD ./fat/option/ccsbcs.o
LOAD ./fat/option/reentrant.o
LOAD ./drivers/uart/uart0.o
LOAD ./drivers/i2c.o
LOAD ./drivers/pcm1774.o
LOAD ./drivers/ssp_spi.o
LOAD ./drivers/sta013.o
LOAD ./System/cpu.o
LOAD ./System/crash.o
LOAD ./System/fiqISR.o
LOAD ./System/rprintf.o
LOAD ./System/syscalls.o
LOAD ./System/watchdog.o
LOAD ./General/userInterface.o
LOAD ./FreeRTOS/croutine.o
LOAD ./FreeRTOS/heap_3.o
LOAD ./FreeRTOS/list.o
LOAD ./FreeRTOS/port.o
LOAD ./FreeRTOS/portISR.o
LOAD ./FreeRTOS/queue.o
LOAD ./FreeRTOS/tasks.o
LOAD ./FreeRTOS/hooks/hooks.o
START GROUP
LOAD /cygdrive/c/Users/Michael/Documents/CmpE 146/CmpE146Package/GNUARM/bin/../lib/gcc/arm-elf/4.3.2/libgcc.a
LOAD /cygdrive/c/Users/Michael/Documents/CmpE 146/CmpE146Package/GNUARM/bin/../lib/gcc/arm-elf/4.3.2/../../../../arm-elf/lib/libc.a
END GROUP
                0x40007fdc                __stack_end__ = 0x40007fdc
                0x00000000                . = 0x0

startup         0x00001000      0x168
                0x00001000                __start_of_startup__ = .
 *(.startup)
 .startup       0x00001000      0x168 ./Startup.o
                0x00001168                __end_of_startup__ = .

.ctors          0x00001168        0x0
                0x00001168                PROVIDE (__ctors_start__, .)
 *(SORT(.ctors.*))
 *(.ctors)
                0x00001168                PROVIDE (__ctors_end__, .)

.dtors          0x00001168        0x0
                0x00001168                PROVIDE (__dtors_start__, .)
 *(SORT(.dtors.*))
 *(.dtors)
                0x00001168                PROVIDE (__dtors_end__, .)
                0x00001168                . = ALIGN (0x4)

prog            0x00001168    0x102a4
                0x00001168                __start_of_text__ = .
                0x00001168                __start_of_prog__ = .
 *(.text)
 .text          0x00001168      0x144 ./Startup.o
                0x00001168                start
 .text          0x000012ac      0x2c8 ./main.o
                0x00001560                diskTimer
                0x00001404                mp3
                0x000012ac                main
 .text          0x00001574      0xcc4 ./fat/diskio.o
                0x0000174c                wait_ready
                0x0000203c                disk_initialize
                0x00001608                disk_status
                0x00001cac                disk_ioctl
                0x00001960                getSDCardInfo
                0x0000185c                xmit_datablock
                0x00001574                diskio_initializeSPIMutex
                0x000016a8                rcvr_datablock
                0x00001624                disk_timerproc
                0x000015ec                chk_power
                0x00001c7c                power_off
                0x0000191c                get_spi
                0x00001788                send_cmd
                0x00001a74                disk_write
                0x00001584                initialize_SdCardSignals
                0x000018dc                release_spi
                0x00001b8c                disk_read
                0x000015e8                power_on
 .text          0x00002238     0x3614 ./fat/ff.o
                0x00002c90                get_fat
                0x00003f18                f_rename
                0x00004428                f_truncate
                0x0000225c                gen_numname
                0x000042d0                f_unlink
                0x0000557c                f_close
                0x00004ea0                f_read
                0x00004724                f_readdir
                0x0000421c                f_chmod
                0x0000544c                f_sync
                0x000057d8                f_mount
                0x000047e0                f_opendir
                0x00002b08                put_fat
                0x000048ac                f_lseek
                0x0000469c                f_stat
                0x00002238                clust2sect
                0x00004160                f_utime
                0x00004b5c                f_write
                0x00005594                f_open
                0x00005158                f_mkdir
                0x0000452c                f_getfree
 .text          0x0000584c      0x15c ./fat/rtc.o
                0x00005874                rtc_gettime
                0x0000584c                initialize_RTC
                0x00005958                get_fattime
                0x000058f4                rtc_settime
 .text          0x000059a8       0xb4 ./fat/option/ccsbcs.o
                0x00005a1c                ff_wtoupper
                0x000059a8                ff_convert
 .text          0x00005a5c       0x5c ./fat/option/reentrant.o
                0x00005a5c                ff_del_syncobj
                0x00005a9c                ff_cre_syncobj
                0x00005a64                ff_rel_grant
                0x00005a74                ff_req_grant
 .text          0x00005ab8      0x460 ./drivers/uart/uart0.o
                0x00005b14                uart0GetChar
                0x00005aec                uart0PutCharPolling
                0x00005bf8                uart0Init
                0x00005ab8                uart0Deinit
                0x00005d38                uart0ISR
                0x00005b44                uart0PutChar
 .text          0x00005f18      0x744 ./drivers/i2c.o
                0x00006428                initialize_I2C0
                0x00006320                i2cWriteDeviceRegister
                0x00005f18                i2cStateMachine
                0x00006380                i2cReadDeviceRegister
                0x000062b4                i2cKickOffTransfer
 .text          0x0000665c      0x748 ./drivers/pcm1774.o
                0x0000675c                pcm1774_bassBoost
                0x000066a8                pcm1774_sendByte
                0x00006ad4                pcm1774_LineOutputConfiguration
                0x00006c58                pcm1774_ConnectDigitalOutputs
                0x0000665c                pcm1774_readByte
                0x00006ac4                pcm1774_PowerUpVcom
                0x00006bf8                pcm1774_DigitalInterfaceSelection
                0x00006c28                pcm1774_DigitalDeEmphasisFilter
                0x00006b8c                pcm1774_PowerUpMixer
                0x00006a84                pcm1774_setShortCircuitProtectionRight
                0x000069b8                pcm1774_redirectAnalogInputToLeftOutput
                0x00006b7c                pcm1774_PowerUpAnalogBiasControl
                0x00006d08                pcm1774_3dSoundEffect
                0x0000697c                pcm1774_redirectAnalogInputToRightOutput
                0x00006688                pcm1774_readShortCircuitStatusLeft
                0x000067ac                pcm1774_DigitalVolume
                0x0000683c                initialize_pcm1774
                0x000066bc                pcm1774_trebleBoost
                0x00006d4c                pcm1774_Reset
                0x0000670c                pcm1774_middleBoost
                0x00006bc8                pcm1774_DigitalGainControl
                0x00006a58                pcm1774_PowerUpGainAmplifierAnalog
                0x00006930                pcm1774_bitMask
                0x00006b24                pcm1774_PowerUpAnalog
                0x00006b50                pcm1774_PowerUpDAC
                0x00006a2c                pcm1774_selectAnalogInput
                0x00006aa4                pcm1774_setShortCircuitProtectionLeft
                0x000067f4                pcm1774_OutputVolume
                0x00006bb8                pcm1774_DigitalOversamplingControl
                0x000069f4                pcm1774_gainAmplifierAnalogInput
                0x00006668                pcm1774_readShortCircuitStatusRight
                0x00006c84                pcm1774_LoadDefaultDigitalConfiguration
 .text          0x00006da4       0x88 ./drivers/ssp_spi.o
                0x00006da4                initialize_SSPSPI
                0x00006e18                setSSPSPI_Divider
                0x00006de8                rxTxByteSSPSPI
 .text          0x00006e2c      0x558 ./drivers/sta013.o
                0x00007234                sta013GetAverageBitrate
                0x00006f64                sta013SetVolume
                0x00007038                sta013StopDecoder
                0x00006fe8                sta013ResumeDecoder
                0x00007010                sta013PauseDecoder
                0x000071dc                sta013DownloadUpdate
                0x00007070                sta013StartDecoder
                0x00007228                sta013ReadReg
                0x000072e0                initialize_sta013
                0x00007250                sta013GetMP3Info
                0x00006e2c                sta013HWReset
                0x00006ea0                sta013WriteReg
                0x00006eb4                sta013SetTone
 .text          0x00007384      0x120 ./System/cpu.o
                0x00007428                cpuPrintMemoryInfo
                0x00007384                cpuSetupHardware
                0x00007424                cpuSetupFIQISR
 .text          0x000074a4      0x4f8 ./System/crash.o
                0x00007504                clearCrashInfo
                0x000074a4                didSystemCrash
                0x000074e8                performPABORTCrash
                0x00007560                printCrashInfo
                0x000074f4                performDABORTCrash
                0x000074e0                performUndefinedInstructionCrash
 .text          0x0000799c        0x4 ./System/fiqISR.o
                0x0000799c                fiqISR
 .text          0x000079a0      0x264 ./System/rprintf.o
                0x000079a0                rprintf_devopen
                0x000079f0                rprintf
 .text          0x00007c04      0x128 ./System/syscalls.o
                0x00007c0c                _lseek_r
                0x00007cfc                _kill_r
                0x00007c14                _fstat_r
                0x00007c24                isatty
                0x00007d14                _getpid_r
                0x00007c2c                _sbrk_r
                0x00007cbc                _read_r
                0x00007c04                _close_r
                0x00007c80                _write_r
 .text          0x00007d2c       0xd4 ./System/watchdog.o
                0x00007d5c                watchdog_Start
                0x00007d2c                watchdog_Reset
                0x00007d44                watchdog_Feed
                0x00007da4                watchdogDelayUs
                0x00007d84                watchdog_Stop
 .text          0x00007e00      0x834 ./General/userInterface.o
                0x00007ea4                printLine
                0x00007eb0                uartUI
                0x00007e00                getUartLine
 .text          0x00008634        0x0 ./FreeRTOS/croutine.o
 .text          0x00008634       0x4c ./FreeRTOS/heap_3.o
                0x00008634                vPortFree
                0x00008654                pvPortMalloc
 .text          0x00008680       0xf4 ./FreeRTOS/list.o
                0x000086b0                vListInsertEnd
                0x00008738                vListRemove
                0x000086a4                vListInitialiseItem
                0x00008680                vListInitialise
                0x000086e4                vListInsert
 .text          0x00008774      0x1c0 ./FreeRTOS/port.o
                0x000088c8                xPortStartScheduler
                0x000088c4                vPortEndScheduler
                0x00008774                pxPortInitialiseStack
 .text          0x00008934      0x228 ./FreeRTOS/portISR.o
                0x00008a24                vTickISR
                0x00008b10                vPortExitCritical
                0x00008980                vPortYieldProcessor
                0x00008934                vPortISRStartFirstTask
                0x00008ae4                vPortEnterCritical
 .text          0x00008b5c      0x6f8 ./FreeRTOS/queue.o
                0x00008f90                xQueueGenericSendFromISR
                0x000091b8                xQueueCreate
                0x00008b8c                vQueueDelete
                0x00009000                xQueueGenericSend
                0x00008bc4                xQueueReceiveFromISR
                0x00008b74                xQueueIsQueueFullFromISR
                0x00008ba8                uxQueueMessagesWaiting
                0x00008d10                xQueueGenericReceive
                0x00008b5c                uxQueueMessagesWaitingFromISR
                0x00008b64                xQueueIsQueueEmptyFromISR
                0x00009148                xQueueCreateMutex
 .text          0x00009254     0x163c ./FreeRTOS/tasks.o
                0x0000a21c                vTaskGetRunTimeStats
                0x00009ce0                uxTaskPriorityGet
                0x00009bf4                vTaskPrioritySet
                0x0000a56c                vTaskEndScheduler
                0x00009d10                vTaskPlaceOnEventList
                0x0000a5a0                xTaskGenericCreate
                0x00009254                xTaskIsTaskSuspended
                0x00009360                uxTaskGetStackHighWaterMark
                0x00009668                xTaskResumeFromISR
                0x000092f4                runTimeStatISRExit
                0x000097cc                ulTaskEndTrace
                0x0000985c                xTaskGetTickCount
                0x000094ac                xTaskRemoveFromEventList
                0x00009808                vTaskStartTrace
                0x00009730                xTaskCheckForTimeOut
                0x00009290                vTaskSuspendAll
                0x000093a4                vTaskPriorityDisinherit
                0x0000940c                vTaskPriorityInherit
                0x00009ac0                vTaskResume
                0x00009eec                vTaskSwitchContext
                0x00009b7c                vTaskSuspend
                0x000092a8                uxTaskGetNumberOfTasks
                0x00009550                vTaskIncrementTick
                0x000099c4                uxTaskGetIdlePercentage
                0x0000a488                vTaskList
                0x00009e24                vTaskDelayUntil
                0x00009394                xTaskGetCurrentTaskHandle
                0x0000987c                xTaskResumeAll
                0x0000a7f0                vTaskStartScheduler
                0x0000934c                vTaskMissedYield
                0x000092b8                runTimeStatISREntry
                0x00009d9c                vTaskDelay
                0x0000932c                vTaskSetTimeOutState
 .text          0x0000a890       0x6c ./FreeRTOS/hooks/hooks.o
                0x0000a8a8                vApplicationMallocFailedHook
                0x0000a8c8                vApplicationStackOverflowHook
                0x0000a890                vApplicationIdleHook
 .text          0x0000a8fc      0x110 /cygdrive/c/Users/Michael/Documents/CmpE 146/CmpE146Package/GNUARM/bin/../lib/gcc/arm-elf/4.3.2/libgcc.a(_udivsi3.o)
                0x0000a8fc                __udivsi3
                0x0000a8fc                __aeabi_uidiv
                0x0000a9f4                __aeabi_uidivmod
 .text          0x0000aa0c      0x140 /cygdrive/c/Users/Michael/Documents/CmpE 146/CmpE146Package/GNUARM/bin/../lib/gcc/arm-elf/4.3.2/libgcc.a(_divsi3.o)
                0x0000aa0c                __aeabi_idiv
                0x0000aa0c                __divsi3
                0x0000ab34                __aeabi_idivmod
 .text          0x0000ab4c       0xcc /cygdrive/c/Users/Michael/Documents/CmpE 146/CmpE146Package/GNUARM/bin/../lib/gcc/arm-elf/4.3.2/libgcc.a(_umodsi3.o)
                0x0000ab4c                __umodsi3
 .text          0x0000ac18        0x4 /cygdrive/c/Users/Michael/Documents/CmpE 146/CmpE146Package/GNUARM/bin/../lib/gcc/arm-elf/4.3.2/libgcc.a(_dvmd_tls.o)
                0x0000ac18                __aeabi_ldiv0
                0x0000ac18                __div0
                0x0000ac18                __aeabi_idiv0
 .text          0x0000ac1c      0x590 /cygdrive/c/Users/Michael/Documents/CmpE 146/CmpE146Package/GNUARM/bin/../lib/gcc/arm-elf/4.3.2/libgcc.a(_divdi3.o)
                0x0000ac1c                __divdi3
 .text          0x0000b1ac      0x520 /cygdrive/c/Users/Michael/Documents/CmpE 146/CmpE146Package/GNUARM/bin/../lib/gcc/arm-elf/4.3.2/libgcc.a(_udivdi3.o)
                0x0000b1ac                __udivdi3
 .text          0x0000b6cc        0x0 /cygdrive/c/Users/Michael/Documents/CmpE 146/CmpE146Package/GNUARM/bin/../lib/gcc/arm-elf/4.3.2/libgcc.a(_clz.o)
 .text          0x0000b6cc       0x18 /cygdrive/c/Users/Michael/Documents/CmpE 146/CmpE146Package/GNUARM/bin/../lib/gcc/arm-elf/4.3.2/../../../../arm-elf/lib/libc.a(lib_a-atoi.o)
                0x0000b6cc                _atoi_r
                0x0000b6d8                atoi
 .text          0x0000b6e4       0x54 /cygdrive/c/Users/Michael/Documents/CmpE 146/CmpE146Package/GNUARM/bin/../lib/gcc/arm-elf/4.3.2/../../../../arm-elf/lib/libc.a(lib_a-iprintf.o)
                0x0000b6e4                _iprintf_r
                0x0000b708                iprintf
 .text          0x0000b738       0x28 /cygdrive/c/Users/Michael/Documents/CmpE 146/CmpE146Package/GNUARM/bin/../lib/gcc/arm-elf/4.3.2/../../../../arm-elf/lib/libc.a(lib_a-malloc.o)
                0x0000b74c                malloc
                0x0000b738                free
 .text          0x0000b760      0x734 /cygdrive/c/Users/Michael/Documents/CmpE 146/CmpE146Package/GNUARM/bin/../lib/gcc/arm-elf/4.3.2/../../../../arm-elf/lib/libc.a(lib_a-mallocr.o)
                0x0000b760                _malloc_r
 .text          0x0000be94       0xac /cygdrive/c/Users/Michael/Documents/CmpE 146/CmpE146Package/GNUARM/bin/../lib/gcc/arm-elf/4.3.2/../../../../arm-elf/lib/libc.a(lib_a-memcmp.o)
                0x0000be94                memcmp
 .text          0x0000bf40       0xfc /cygdrive/c/Users/Michael/Documents/CmpE 146/CmpE146Package/GNUARM/bin/../lib/gcc/arm-elf/4.3.2/../../../../arm-elf/lib/libc.a(lib_a-memcpy.o)
                0x0000bf40                memcpy
 .text          0x0000c03c       0xd0 /cygdrive/c/Users/Michael/Documents/CmpE 146/CmpE146Package/GNUARM/bin/../lib/gcc/arm-elf/4.3.2/../../../../arm-elf/lib/libc.a(lib_a-memset.o)
                0x0000c03c                memset
 .text          0x0000c10c        0x8 /cygdrive/c/Users/Michael/Documents/CmpE 146/CmpE146Package/GNUARM/bin/../lib/gcc/arm-elf/4.3.2/../../../../arm-elf/lib/libc.a(lib_a-mlock.o)
                0x0000c110                __malloc_unlock
                0x0000c10c                __malloc_lock
 .text          0x0000c114       0xcc /cygdrive/c/Users/Michael/Documents/CmpE 146/CmpE146Package/GNUARM/bin/../lib/gcc/arm-elf/4.3.2/../../../../arm-elf/lib/libc.a(lib_a-siprintf.o)
                0x0000c180                _siprintf_r
                0x0000c114                siprintf
 .text          0x0000c1e0       0xa4 /cygdrive/c/Users/Michael/Documents/CmpE 146/CmpE146Package/GNUARM/bin/../lib/gcc/arm-elf/4.3.2/../../../../arm-elf/lib/libc.a(lib_a-strcat.o)
                0x0000c1e0                strcat
 .text          0x0000c284       0xe8 /cygdrive/c/Users/Michael/Documents/CmpE 146/CmpE146Package/GNUARM/bin/../lib/gcc/arm-elf/4.3.2/../../../../arm-elf/lib/libc.a(lib_a-strcmp.o)
                0x0000c284                strcmp
 .text          0x0000c36c       0xb8 /cygdrive/c/Users/Michael/Documents/CmpE 146/CmpE146Package/GNUARM/bin/../lib/gcc/arm-elf/4.3.2/../../../../arm-elf/lib/libc.a(lib_a-strcpy.o)
                0x0000c36c                strcpy
 .text          0x0000c424       0x9c /cygdrive/c/Users/Michael/Documents/CmpE 146/CmpE146Package/GNUARM/bin/../lib/gcc/arm-elf/4.3.2/../../../../arm-elf/lib/libc.a(lib_a-strlen.o)
                0x0000c424                strlen
 .text          0x0000c4c0      0x10c /cygdrive/c/Users/Michael/Documents/CmpE 146/CmpE146Package/GNUARM/bin/../lib/gcc/arm-elf/4.3.2/../../../../arm-elf/lib/libc.a(lib_a-strncpy.o)
                0x0000c4c0                strncpy
 .text          0x0000c5cc       0x18 /cygdrive/c/Users/Michael/Documents/CmpE 146/CmpE146Package/GNUARM/bin/../lib/gcc/arm-elf/4.3.2/../../../../arm-elf/lib/libc.a(lib_a-strtok.o)
                0x0000c5cc                strtok
 .text          0x0000c5e4       0xd0 /cygdrive/c/Users/Michael/Documents/CmpE 146/CmpE146Package/GNUARM/bin/../lib/gcc/arm-elf/4.3.2/../../../../arm-elf/lib/libc.a(lib_a-strtok_r.o)
                0x0000c6ac                strtok_r
                0x0000c5e4                __strtok_r
 .text          0x0000c6b4      0x1e0 /cygdrive/c/Users/Michael/Documents/CmpE 146/CmpE146Package/GNUARM/bin/../lib/gcc/arm-elf/4.3.2/../../../../arm-elf/lib/libc.a(lib_a-strtol.o)
                0x0000c868                strtol
                0x0000c6b4                _strtol_r
 .text          0x0000c894      0xff0 /cygdrive/c/Users/Michael/Documents/CmpE 146/CmpE146Package/GNUARM/bin/../lib/gcc/arm-elf/4.3.2/../../../../arm-elf/lib/libc.a(lib_a-vfiprintf.o)
                0x0000d858                vfiprintf
                0x0000c8c4                _vfiprintf_r
 .text          0x0000d884      0x144 /cygdrive/c/Users/Michael/Documents/CmpE 146/CmpE146Package/GNUARM/bin/../lib/gcc/arm-elf/4.3.2/../../../../arm-elf/lib/libc.a(lib_a-wsetup.o)
                0x0000d884                __swsetup_r
 .text          0x0000d9c8        0x0 /cygdrive/c/Users/Michael/Documents/CmpE 146/CmpE146Package/GNUARM/bin/../lib/gcc/arm-elf/4.3.2/../../../../arm-elf/lib/libc.a(lib_a-ctype_.o)
 .text          0x0000d9c8      0x1dc /cygdrive/c/Users/Michael/Documents/CmpE 146/CmpE146Package/GNUARM/bin/../lib/gcc/arm-elf/4.3.2/../../../../arm-elf/lib/libc.a(lib_a-fflush.o)
                0x0000db70                fflush
                0x0000d9c8                _fflush_r
 .text          0x0000dba4      0x2ac /cygdrive/c/Users/Michael/Documents/CmpE 146/CmpE146Package/GNUARM/bin/../lib/gcc/arm-elf/4.3.2/../../../../arm-elf/lib/libc.a(lib_a-findfp.o)
                0x0000dba4                __sinit
                0x0000dd34                __sfmoreglue
                0x0000dd1c                _cleanup
                0x0000dd10                _cleanup_r
                0x0000dcf8                __fp_lock_all
                0x0000dcc0                __sfp_lock_acquire
                0x0000dd7c                __sfp
                0x0000dccc                __sinit_lock_release
                0x0000dce0                __fp_unlock_all
                0x0000dcc4                __sfp_lock_release
                0x0000dcc8                __sinit_lock_acquire
 .text          0x0000de50      0x370 /cygdrive/c/Users/Michael/Documents/CmpE 146/CmpE146Package/GNUARM/bin/../lib/gcc/arm-elf/4.3.2/../../../../arm-elf/lib/libc.a(lib_a-freer.o)
                0x0000df48                _free_r
                0x0000de50                _malloc_trim_r
 .text          0x0000e1c0      0x46c /cygdrive/c/Users/Michael/Documents/CmpE 146/CmpE146Package/GNUARM/bin/../lib/gcc/arm-elf/4.3.2/../../../../arm-elf/lib/libc.a(lib_a-fvwrite.o)
                0x0000e1c0                __sfvwrite_r
 .text          0x0000e62c      0x10c /cygdrive/c/Users/Michael/Documents/CmpE 146/CmpE146Package/GNUARM/bin/../lib/gcc/arm-elf/4.3.2/../../../../arm-elf/lib/libc.a(lib_a-fwalk.o)
                0x0000e6b4                _fwalk
                0x0000e62c                _fwalk_reent
 .text          0x0000e738        0x0 /cygdrive/c/Users/Michael/Documents/CmpE 146/CmpE146Package/GNUARM/bin/../lib/gcc/arm-elf/4.3.2/../../../../arm-elf/lib/libc.a(lib_a-impure.o)
 .text          0x0000e738      0x164 /cygdrive/c/Users/Michael/Documents/CmpE 146/CmpE146Package/GNUARM/bin/../lib/gcc/arm-elf/4.3.2/../../../../arm-elf/lib/libc.a(lib_a-makebuf.o)
                0x0000e738                __smakebuf_r
 .text          0x0000e89c      0x118 /cygdrive/c/Users/Michael/Documents/CmpE 146/CmpE146Package/GNUARM/bin/../lib/gcc/arm-elf/4.3.2/../../../../arm-elf/lib/libc.a(lib_a-memchr.o)
                0x0000e89c                memchr
 .text          0x0000e9b4      0x144 /cygdrive/c/Users/Michael/Documents/CmpE 146/CmpE146Package/GNUARM/bin/../lib/gcc/arm-elf/4.3.2/../../../../arm-elf/lib/libc.a(lib_a-memmove.o)
                0x0000e9b4                memmove
 .text          0x0000eaf8      0x510 /cygdrive/c/Users/Michael/Documents/CmpE 146/CmpE146Package/GNUARM/bin/../lib/gcc/arm-elf/4.3.2/../../../../arm-elf/lib/libc.a(lib_a-reallocr.o)
                0x0000eaf8                _realloc_r
 .text          0x0000f008       0xc0 /cygdrive/c/Users/Michael/Documents/CmpE 146/CmpE146Package/GNUARM/bin/../lib/gcc/arm-elf/4.3.2/../../../../arm-elf/lib/libc.a(lib_a-stdio.o)
                0x0000f010                __sseek
                0x0000f098                __sread
                0x0000f008                __sclose
                0x0000f044                __swrite
 .text          0x0000f0c8      0x118 /cygdrive/c/Users/Michael/Documents/CmpE 146/CmpE146Package/GNUARM/bin/../lib/gcc/arm-elf/4.3.2/../../../../arm-elf/lib/libc.a(lib_a-fclose.o)
                0x0000f0c8                _fclose_r
                0x0000f1cc                fclose
                0x0000f1e0                __end_of_prog__ = .
                0x0000f1e0                __start_of_rodata__ = .
 *(.rodata)
 .rodata        0x0000f1e0       0x8d ./fat/ff.o
 *fill*         0x0000f26d        0x1 00
 .rodata        0x0000f26e      0x4c0 ./fat/option/ccsbcs.o
 .rodata        0x0000f72e       0x19 ./drivers/pcm1774.o
 .rodata        0x0000f747      0xfe0 ./drivers/sta013.o
                0x0000f777                STA013_UpdateData
                0x0000f747                MP3_Bitrates
                0x0000f767                MP3_SamplingFrequencies
 .rodata        0x00010727        0x7 ./General/userInterface.o
 .rodata        0x0001072e       0x14 ./FreeRTOS/tasks.o
 .rodata        0x00010742      0x100 /cygdrive/c/Users/Michael/Documents/CmpE 146/CmpE146Package/GNUARM/bin/../lib/gcc/arm-elf/4.3.2/libgcc.a(_clz.o)
                0x00010742                __clz_tab
 .rodata        0x00010842       0x20 /cygdrive/c/Users/Michael/Documents/CmpE 146/CmpE146Package/GNUARM/bin/../lib/gcc/arm-elf/4.3.2/../../../../arm-elf/lib/libc.a(lib_a-vfiprintf.o)
 .rodata        0x00010862      0x101 /cygdrive/c/Users/Michael/Documents/CmpE 146/CmpE146Package/GNUARM/bin/../lib/gcc/arm-elf/4.3.2/../../../../arm-elf/lib/libc.a(lib_a-ctype_.o)
                0x00010862                _ctype_
 *fill*         0x00010963        0x1 00
 .rodata        0x00010964        0x4 /cygdrive/c/Users/Michael/Documents/CmpE 146/CmpE146Package/GNUARM/bin/../lib/gcc/arm-elf/4.3.2/../../../../arm-elf/lib/libc.a(lib_a-impure.o)
                0x00010964                _global_impure_ptr
 *(.rodata*)
 .rodata.str1.1
                0x00010968       0xf7 ./main.o
                                 0xfb (size before relaxing)
 .rodata.str1.1
                0x00010a5f       0x10 ./fat/ff.o
 .rodata.str1.1
                0x00010a6f       0x7d ./System/cpu.o
                                 0x9f (size before relaxing)
 .rodata.str1.1
                0x00010aec      0x214 ./System/crash.o
 .rodata.str1.1
                0x00010d00       0x14 ./System/syscalls.o
 .rodata.str1.1
                0x00010d14      0x587 ./General/userInterface.o
                                0x593 (size before relaxing)
 .rodata.str1.1
                0x0001129b       0x94 ./FreeRTOS/tasks.o
 .rodata.str1.1
                0x0001132f       0x8d ./FreeRTOS/hooks/hooks.o
 .rodata.str1.4
                0x000113bc       0x4a /cygdrive/c/Users/Michael/Documents/CmpE 146/CmpE146Package/GNUARM/bin/../lib/gcc/arm-elf/4.3.2/../../../../arm-elf/lib/libc.a(lib_a-vfiprintf.o)
                                 0x4c (size before relaxing)
 *fill*         0x00011406        0x2 00
 .rodata.str1.4
                0x00011408        0x4 /cygdrive/c/Users/Michael/Documents/CmpE 146/CmpE146Package/GNUARM/bin/../lib/gcc/arm-elf/4.3.2/../../../../arm-elf/lib/libc.a(lib_a-impure.o)
                0x0001140c                __end_of_rodata__ = .
                0x0001140c                __start_of_glue7__ = .
 *(.glue_7)
 .glue_7        0x0001140c        0x0 ./Startup.o
 .glue_7        0x0001140c        0x0 ./main.o
 .glue_7        0x0001140c        0x0 ./fat/diskio.o
 .glue_7        0x0001140c        0x0 ./fat/ff.o
 .glue_7        0x0001140c        0x0 ./fat/rtc.o
 .glue_7        0x0001140c        0x0 ./fat/option/ccsbcs.o
 .glue_7        0x0001140c        0x0 ./fat/option/reentrant.o
 .glue_7        0x0001140c        0x0 ./drivers/uart/uart0.o
 .glue_7        0x0001140c        0x0 ./drivers/i2c.o
 .glue_7        0x0001140c        0x0 ./drivers/pcm1774.o
 .glue_7        0x0001140c        0x0 ./drivers/ssp_spi.o
 .glue_7        0x0001140c        0x0 ./drivers/sta013.o
 .glue_7        0x0001140c        0x0 ./System/cpu.o
 .glue_7        0x0001140c        0x0 ./System/crash.o
 .glue_7        0x0001140c        0x0 ./System/fiqISR.o
 .glue_7        0x0001140c        0x0 ./System/rprintf.o
 .glue_7        0x0001140c        0x0 ./System/syscalls.o
 .glue_7        0x0001140c        0x0 ./System/watchdog.o
 .glue_7        0x0001140c        0x0 ./General/userInterface.o
 .glue_7        0x0001140c        0x0 ./FreeRTOS/croutine.o
 .glue_7        0x0001140c        0x0 ./FreeRTOS/heap_3.o
 .glue_7        0x0001140c        0x0 ./FreeRTOS/list.o
 .glue_7        0x0001140c        0x0 ./FreeRTOS/port.o
 .glue_7        0x0001140c        0x0 ./FreeRTOS/portISR.o
 .glue_7        0x0001140c        0x0 ./FreeRTOS/queue.o
 .glue_7        0x0001140c        0x0 ./FreeRTOS/tasks.o
 .glue_7        0x0001140c        0x0 ./FreeRTOS/hooks/hooks.o
 .glue_7        0x0001140c        0x0 /cygdrive/c/Users/Michael/Documents/CmpE 146/CmpE146Package/GNUARM/bin/../lib/gcc/arm-elf/4.3.2/libgcc.a(_udivsi3.o)
 .glue_7        0x0001140c        0x0 /cygdrive/c/Users/Michael/Documents/CmpE 146/CmpE146Package/GNUARM/bin/../lib/gcc/arm-elf/4.3.2/libgcc.a(_divsi3.o)
 .glue_7        0x0001140c        0x0 /cygdrive/c/Users/Michael/Documents/CmpE 146/CmpE146Package/GNUARM/bin/../lib/gcc/arm-elf/4.3.2/libgcc.a(_umodsi3.o)
 .glue_7        0x0001140c        0x0 /cygdrive/c/Users/Michael/Documents/CmpE 146/CmpE146Package/GNUARM/bin/../lib/gcc/arm-elf/4.3.2/libgcc.a(_dvmd_tls.o)
 .glue_7        0x0001140c        0x0 /cygdrive/c/Users/Michael/Documents/CmpE 146/CmpE146Package/GNUARM/bin/../lib/gcc/arm-elf/4.3.2/libgcc.a(_divdi3.o)
 .glue_7        0x0001140c        0x0 /cygdrive/c/Users/Michael/Documents/CmpE 146/CmpE146Package/GNUARM/bin/../lib/gcc/arm-elf/4.3.2/libgcc.a(_udivdi3.o)
 .glue_7        0x0001140c        0x0 /cygdrive/c/Users/Michael/Documents/CmpE 146/CmpE146Package/GNUARM/bin/../lib/gcc/arm-elf/4.3.2/libgcc.a(_clz.o)
 .glue_7        0x0001140c        0x0 /cygdrive/c/Users/Michael/Documents/CmpE 146/CmpE146Package/GNUARM/bin/../lib/gcc/arm-elf/4.3.2/../../../../arm-elf/lib/libc.a(lib_a-atoi.o)
 .glue_7        0x0001140c        0x0 /cygdrive/c/Users/Michael/Documents/CmpE 146/CmpE146Package/GNUARM/bin/../lib/gcc/arm-elf/4.3.2/../../../../arm-elf/lib/libc.a(lib_a-iprintf.o)
 .glue_7        0x0001140c        0x0 /cygdrive/c/Users/Michael/Documents/CmpE 146/CmpE146Package/GNUARM/bin/../lib/gcc/arm-elf/4.3.2/../../../../arm-elf/lib/libc.a(lib_a-malloc.o)
 .glue_7        0x0001140c        0x0 /cygdrive/c/Users/Michael/Documents/CmpE 146/CmpE146Package/GNUARM/bin/../lib/gcc/arm-elf/4.3.2/../../../../arm-elf/lib/libc.a(lib_a-mallocr.o)
 .glue_7        0x0001140c        0x0 /cygdrive/c/Users/Michael/Documents/CmpE 146/CmpE146Package/GNUARM/bin/../lib/gcc/arm-elf/4.3.2/../../../../arm-elf/lib/libc.a(lib_a-memcmp.o)
 .glue_7        0x0001140c        0x0 /cygdrive/c/Users/Michael/Documents/CmpE 146/CmpE146Package/GNUARM/bin/../lib/gcc/arm-elf/4.3.2/../../../../arm-elf/lib/libc.a(lib_a-memcpy.o)
 .glue_7        0x0001140c        0x0 /cygdrive/c/Users/Michael/Documents/CmpE 146/CmpE146Package/GNUARM/bin/../lib/gcc/arm-elf/4.3.2/../../../../arm-elf/lib/libc.a(lib_a-memset.o)
 .glue_7        0x0001140c        0x0 /cygdrive/c/Users/Michael/Documents/CmpE 146/CmpE146Package/GNUARM/bin/../lib/gcc/arm-elf/4.3.2/../../../../arm-elf/lib/libc.a(lib_a-mlock.o)
 .glue_7        0x0001140c        0x0 /cygdrive/c/Users/Michael/Documents/CmpE 146/CmpE146Package/GNUARM/bin/../lib/gcc/arm-elf/4.3.2/../../../../arm-elf/lib/libc.a(lib_a-siprintf.o)
 .glue_7        0x0001140c        0x0 /cygdrive/c/Users/Michael/Documents/CmpE 146/CmpE146Package/GNUARM/bin/../lib/gcc/arm-elf/4.3.2/../../../../arm-elf/lib/libc.a(lib_a-strcat.o)
 .glue_7        0x0001140c        0x0 /cygdrive/c/Users/Michael/Documents/CmpE 146/CmpE146Package/GNUARM/bin/../lib/gcc/arm-elf/4.3.2/../../../../arm-elf/lib/libc.a(lib_a-strcmp.o)
 .glue_7        0x0001140c        0x0 /cygdrive/c/Users/Michael/Documents/CmpE 146/CmpE146Package/GNUARM/bin/../lib/gcc/arm-elf/4.3.2/../../../../arm-elf/lib/libc.a(lib_a-strcpy.o)
 .glue_7        0x0001140c        0x0 /cygdrive/c/Users/Michael/Documents/CmpE 146/CmpE146Package/GNUARM/bin/../lib/gcc/arm-elf/4.3.2/../../../../arm-elf/lib/libc.a(lib_a-strlen.o)
 .glue_7        0x0001140c        0x0 /cygdrive/c/Users/Michael/Documents/CmpE 146/CmpE146Package/GNUARM/bin/../lib/gcc/arm-elf/4.3.2/../../../../arm-elf/lib/libc.a(lib_a-strncpy.o)
 .glue_7        0x0001140c        0x0 /cygdrive/c/Users/Michael/Documents/CmpE 146/CmpE146Package/GNUARM/bin/../lib/gcc/arm-elf/4.3.2/../../../../arm-elf/lib/libc.a(lib_a-strtok.o)
 .glue_7        0x0001140c        0x0 /cygdrive/c/Users/Michael/Documents/CmpE 146/CmpE146Package/GNUARM/bin/../lib/gcc/arm-elf/4.3.2/../../../../arm-elf/lib/libc.a(lib_a-strtok_r.o)
 .glue_7        0x0001140c        0x0 /cygdrive/c/Users/Michael/Documents/CmpE 146/CmpE146Package/GNUARM/bin/../lib/gcc/arm-elf/4.3.2/../../../../arm-elf/lib/libc.a(lib_a-strtol.o)
 .glue_7        0x0001140c        0x0 /cygdrive/c/Users/Michael/Documents/CmpE 146/CmpE146Package/GNUARM/bin/../lib/gcc/arm-elf/4.3.2/../../../../arm-elf/lib/libc.a(lib_a-vfiprintf.o)
 .glue_7        0x0001140c        0x0 /cygdrive/c/Users/Michael/Documents/CmpE 146/CmpE146Package/GNUARM/bin/../lib/gcc/arm-elf/4.3.2/../../../../arm-elf/lib/libc.a(lib_a-wsetup.o)
 .glue_7        0x0001140c        0x0 /cygdrive/c/Users/Michael/Documents/CmpE 146/CmpE146Package/GNUARM/bin/../lib/gcc/arm-elf/4.3.2/../../../../arm-elf/lib/libc.a(lib_a-ctype_.o)
 .glue_7        0x0001140c        0x0 /cygdrive/c/Users/Michael/Documents/CmpE 146/CmpE146Package/GNUARM/bin/../lib/gcc/arm-elf/4.3.2/../../../../arm-elf/lib/libc.a(lib_a-fflush.o)
 .glue_7        0x0001140c        0x0 /cygdrive/c/Users/Michael/Documents/CmpE 146/CmpE146Package/GNUARM/bin/../lib/gcc/arm-elf/4.3.2/../../../../arm-elf/lib/libc.a(lib_a-findfp.o)
 .glue_7        0x0001140c        0x0 /cygdrive/c/Users/Michael/Documents/CmpE 146/CmpE146Package/GNUARM/bin/../lib/gcc/arm-elf/4.3.2/../../../../arm-elf/lib/libc.a(lib_a-freer.o)
 .glue_7        0x0001140c        0x0 /cygdrive/c/Users/Michael/Documents/CmpE 146/CmpE146Package/GNUARM/bin/../lib/gcc/arm-elf/4.3.2/../../../../arm-elf/lib/libc.a(lib_a-fvwrite.o)
 .glue_7        0x0001140c        0x0 /cygdrive/c/Users/Michael/Documents/CmpE 146/CmpE146Package/GNUARM/bin/../lib/gcc/arm-elf/4.3.2/../../../../arm-elf/lib/libc.a(lib_a-fwalk.o)
 .glue_7        0x0001140c        0x0 /cygdrive/c/Users/Michael/Documents/CmpE 146/CmpE146Package/GNUARM/bin/../lib/gcc/arm-elf/4.3.2/../../../../arm-elf/lib/libc.a(lib_a-impure.o)
 .glue_7        0x0001140c        0x0 /cygdrive/c/Users/Michael/Documents/CmpE 146/CmpE146Package/GNUARM/bin/../lib/gcc/arm-elf/4.3.2/../../../../arm-elf/lib/libc.a(lib_a-makebuf.o)
 .glue_7        0x0001140c        0x0 /cygdrive/c/Users/Michael/Documents/CmpE 146/CmpE146Package/GNUARM/bin/../lib/gcc/arm-elf/4.3.2/../../../../arm-elf/lib/libc.a(lib_a-memchr.o)
 .glue_7        0x0001140c        0x0 /cygdrive/c/Users/Michael/Documents/CmpE 146/CmpE146Package/GNUARM/bin/../lib/gcc/arm-elf/4.3.2/../../../../arm-elf/lib/libc.a(lib_a-memmove.o)
 .glue_7        0x0001140c        0x0 /cygdrive/c/Users/Michael/Documents/CmpE 146/CmpE146Package/GNUARM/bin/../lib/gcc/arm-elf/4.3.2/../../../../arm-elf/lib/libc.a(lib_a-reallocr.o)
 .glue_7        0x0001140c        0x0 /cygdrive/c/Users/Michael/Documents/CmpE 146/CmpE146Package/GNUARM/bin/../lib/gcc/arm-elf/4.3.2/../../../../arm-elf/lib/libc.a(lib_a-stdio.o)
 .glue_7        0x0001140c        0x0 /cygdrive/c/Users/Michael/Documents/CmpE 146/CmpE146Package/GNUARM/bin/../lib/gcc/arm-elf/4.3.2/../../../../arm-elf/lib/libc.a(lib_a-fclose.o)
 *(.glue_7t)
 .glue_7t       0x0001140c        0x0 ./Startup.o
 .glue_7t       0x0001140c        0x0 ./main.o
 .glue_7t       0x0001140c        0x0 ./fat/diskio.o
 .glue_7t       0x0001140c        0x0 ./fat/ff.o
 .glue_7t       0x0001140c        0x0 ./fat/rtc.o
 .glue_7t       0x0001140c        0x0 ./fat/option/ccsbcs.o
 .glue_7t       0x0001140c        0x0 ./fat/option/reentrant.o
 .glue_7t       0x0001140c        0x0 ./drivers/uart/uart0.o
 .glue_7t       0x0001140c        0x0 ./drivers/i2c.o
 .glue_7t       0x0001140c        0x0 ./drivers/pcm1774.o
 .glue_7t       0x0001140c        0x0 ./drivers/ssp_spi.o
 .glue_7t       0x0001140c        0x0 ./drivers/sta013.o
 .glue_7t       0x0001140c        0x0 ./System/cpu.o
 .glue_7t       0x0001140c        0x0 ./System/crash.o
 .glue_7t       0x0001140c        0x0 ./System/fiqISR.o
 .glue_7t       0x0001140c        0x0 ./System/rprintf.o
 .glue_7t       0x0001140c        0x0 ./System/syscalls.o
 .glue_7t       0x0001140c        0x0 ./System/watchdog.o
 .glue_7t       0x0001140c        0x0 ./General/userInterface.o
 .glue_7t       0x0001140c        0x0 ./FreeRTOS/croutine.o
 .glue_7t       0x0001140c        0x0 ./FreeRTOS/heap_3.o
 .glue_7t       0x0001140c        0x0 ./FreeRTOS/list.o
 .glue_7t       0x0001140c        0x0 ./FreeRTOS/port.o
 .glue_7t       0x0001140c        0x0 ./FreeRTOS/portISR.o
 .glue_7t       0x0001140c        0x0 ./FreeRTOS/queue.o
 .glue_7t       0x0001140c        0x0 ./FreeRTOS/tasks.o
 .glue_7t       0x0001140c        0x0 ./FreeRTOS/hooks/hooks.o
 .glue_7t       0x0001140c        0x0 /cygdrive/c/Users/Michael/Documents/CmpE 146/CmpE146Package/GNUARM/bin/../lib/gcc/arm-elf/4.3.2/libgcc.a(_udivsi3.o)
 .glue_7t       0x0001140c        0x0 /cygdrive/c/Users/Michael/Documents/CmpE 146/CmpE146Package/GNUARM/bin/../lib/gcc/arm-elf/4.3.2/libgcc.a(_divsi3.o)
 .glue_7t       0x0001140c        0x0 /cygdrive/c/Users/Michael/Documents/CmpE 146/CmpE146Package/GNUARM/bin/../lib/gcc/arm-elf/4.3.2/libgcc.a(_umodsi3.o)
 .glue_7t       0x0001140c        0x0 /cygdrive/c/Users/Michael/Documents/CmpE 146/CmpE146Package/GNUARM/bin/../lib/gcc/arm-elf/4.3.2/libgcc.a(_dvmd_tls.o)
 .glue_7t       0x0001140c        0x0 /cygdrive/c/Users/Michael/Documents/CmpE 146/CmpE146Package/GNUARM/bin/../lib/gcc/arm-elf/4.3.2/libgcc.a(_divdi3.o)
 .glue_7t       0x0001140c        0x0 /cygdrive/c/Users/Michael/Documents/CmpE 146/CmpE146Package/GNUARM/bin/../lib/gcc/arm-elf/4.3.2/libgcc.a(_udivdi3.o)
 .glue_7t       0x0001140c        0x0 /cygdrive/c/Users/Michael/Documents/CmpE 146/CmpE146Package/GNUARM/bin/../lib/gcc/arm-elf/4.3.2/libgcc.a(_clz.o)
 .glue_7t       0x0001140c        0x0 /cygdrive/c/Users/Michael/Documents/CmpE 146/CmpE146Package/GNUARM/bin/../lib/gcc/arm-elf/4.3.2/../../../../arm-elf/lib/libc.a(lib_a-atoi.o)
 .glue_7t       0x0001140c        0x0 /cygdrive/c/Users/Michael/Documents/CmpE 146/CmpE146Package/GNUARM/bin/../lib/gcc/arm-elf/4.3.2/../../../../arm-elf/lib/libc.a(lib_a-iprintf.o)
 .glue_7t       0x0001140c        0x0 /cygdrive/c/Users/Michael/Documents/CmpE 146/CmpE146Package/GNUARM/bin/../lib/gcc/arm-elf/4.3.2/../../../../arm-elf/lib/libc.a(lib_a-malloc.o)
 .glue_7t       0x0001140c        0x0 /cygdrive/c/Users/Michael/Documents/CmpE 146/CmpE146Package/GNUARM/bin/../lib/gcc/arm-elf/4.3.2/../../../../arm-elf/lib/libc.a(lib_a-mallocr.o)
 .glue_7t       0x0001140c        0x0 /cygdrive/c/Users/Michael/Documents/CmpE 146/CmpE146Package/GNUARM/bin/../lib/gcc/arm-elf/4.3.2/../../../../arm-elf/lib/libc.a(lib_a-memcmp.o)
 .glue_7t       0x0001140c        0x0 /cygdrive/c/Users/Michael/Documents/CmpE 146/CmpE146Package/GNUARM/bin/../lib/gcc/arm-elf/4.3.2/../../../../arm-elf/lib/libc.a(lib_a-memcpy.o)
 .glue_7t       0x0001140c        0x0 /cygdrive/c/Users/Michael/Documents/CmpE 146/CmpE146Package/GNUARM/bin/../lib/gcc/arm-elf/4.3.2/../../../../arm-elf/lib/libc.a(lib_a-memset.o)
 .glue_7t       0x0001140c        0x0 /cygdrive/c/Users/Michael/Documents/CmpE 146/CmpE146Package/GNUARM/bin/../lib/gcc/arm-elf/4.3.2/../../../../arm-elf/lib/libc.a(lib_a-mlock.o)
 .glue_7t       0x0001140c        0x0 /cygdrive/c/Users/Michael/Documents/CmpE 146/CmpE146Package/GNUARM/bin/../lib/gcc/arm-elf/4.3.2/../../../../arm-elf/lib/libc.a(lib_a-siprintf.o)
 .glue_7t       0x0001140c        0x0 /cygdrive/c/Users/Michael/Documents/CmpE 146/CmpE146Package/GNUARM/bin/../lib/gcc/arm-elf/4.3.2/../../../../arm-elf/lib/libc.a(lib_a-strcat.o)
 .glue_7t       0x0001140c        0x0 /cygdrive/c/Users/Michael/Documents/CmpE 146/CmpE146Package/GNUARM/bin/../lib/gcc/arm-elf/4.3.2/../../../../arm-elf/lib/libc.a(lib_a-strcmp.o)
 .glue_7t       0x0001140c        0x0 /cygdrive/c/Users/Michael/Documents/CmpE 146/CmpE146Package/GNUARM/bin/../lib/gcc/arm-elf/4.3.2/../../../../arm-elf/lib/libc.a(lib_a-strcpy.o)
 .glue_7t       0x0001140c        0x0 /cygdrive/c/Users/Michael/Documents/CmpE 146/CmpE146Package/GNUARM/bin/../lib/gcc/arm-elf/4.3.2/../../../../arm-elf/lib/libc.a(lib_a-strlen.o)
 .glue_7t       0x0001140c        0x0 /cygdrive/c/Users/Michael/Documents/CmpE 146/CmpE146Package/GNUARM/bin/../lib/gcc/arm-elf/4.3.2/../../../../arm-elf/lib/libc.a(lib_a-strncpy.o)
 .glue_7t       0x0001140c        0x0 /cygdrive/c/Users/Michael/Documents/CmpE 146/CmpE146Package/GNUARM/bin/../lib/gcc/arm-elf/4.3.2/../../../../arm-elf/lib/libc.a(lib_a-strtok.o)
 .glue_7t       0x0001140c        0x0 /cygdrive/c/Users/Michael/Documents/CmpE 146/CmpE146Package/GNUARM/bin/../lib/gcc/arm-elf/4.3.2/../../../../arm-elf/lib/libc.a(lib_a-strtok_r.o)
 .glue_7t       0x0001140c        0x0 /cygdrive/c/Users/Michael/Documents/CmpE 146/CmpE146Package/GNUARM/bin/../lib/gcc/arm-elf/4.3.2/../../../../arm-elf/lib/libc.a(lib_a-strtol.o)
 .glue_7t       0x0001140c        0x0 /cygdrive/c/Users/Michael/Documents/CmpE 146/CmpE146Package/GNUARM/bin/../lib/gcc/arm-elf/4.3.2/../../../../arm-elf/lib/libc.a(lib_a-vfiprintf.o)
 .glue_7t       0x0001140c        0x0 /cygdrive/c/Users/Michael/Documents/CmpE 146/CmpE146Package/GNUARM/bin/../lib/gcc/arm-elf/4.3.2/../../../../arm-elf/lib/libc.a(lib_a-wsetup.o)
 .glue_7t       0x0001140c        0x0 /cygdrive/c/Users/Michael/Documents/CmpE 146/CmpE146Package/GNUARM/bin/../lib/gcc/arm-elf/4.3.2/../../../../arm-elf/lib/libc.a(lib_a-ctype_.o)
 .glue_7t       0x0001140c        0x0 /cygdrive/c/Users/Michael/Documents/CmpE 146/CmpE146Package/GNUARM/bin/../lib/gcc/arm-elf/4.3.2/../../../../arm-elf/lib/libc.a(lib_a-fflush.o)
 .glue_7t       0x0001140c        0x0 /cygdrive/c/Users/Michael/Documents/CmpE 146/CmpE146Package/GNUARM/bin/../lib/gcc/arm-elf/4.3.2/../../../../arm-elf/lib/libc.a(lib_a-findfp.o)
 .glue_7t       0x0001140c        0x0 /cygdrive/c/Users/Michael/Documents/CmpE 146/CmpE146Package/GNUARM/bin/../lib/gcc/arm-elf/4.3.2/../../../../arm-elf/lib/libc.a(lib_a-freer.o)
 .glue_7t       0x0001140c        0x0 /cygdrive/c/Users/Michael/Documents/CmpE 146/CmpE146Package/GNUARM/bin/../lib/gcc/arm-elf/4.3.2/../../../../arm-elf/lib/libc.a(lib_a-fvwrite.o)
 .glue_7t       0x0001140c        0x0 /cygdrive/c/Users/Michael/Documents/CmpE 146/CmpE146Package/GNUARM/bin/../lib/gcc/arm-elf/4.3.2/../../../../arm-elf/lib/libc.a(lib_a-fwalk.o)
 .glue_7t       0x0001140c        0x0 /cygdrive/c/Users/Michael/Documents/CmpE 146/CmpE146Package/GNUARM/bin/../lib/gcc/arm-elf/4.3.2/../../../../arm-elf/lib/libc.a(lib_a-impure.o)
 .glue_7t       0x0001140c        0x0 /cygdrive/c/Users/Michael/Documents/CmpE 146/CmpE146Package/GNUARM/bin/../lib/gcc/arm-elf/4.3.2/../../../../arm-elf/lib/libc.a(lib_a-makebuf.o)
 .glue_7t       0x0001140c        0x0 /cygdrive/c/Users/Michael/Documents/CmpE 146/CmpE146Package/GNUARM/bin/../lib/gcc/arm-elf/4.3.2/../../../../arm-elf/lib/libc.a(lib_a-memchr.o)
 .glue_7t       0x0001140c        0x0 /cygdrive/c/Users/Michael/Documents/CmpE 146/CmpE146Package/GNUARM/bin/../lib/gcc/arm-elf/4.3.2/../../../../arm-elf/lib/libc.a(lib_a-memmove.o)
 .glue_7t       0x0001140c        0x0 /cygdrive/c/Users/Michael/Documents/CmpE 146/CmpE146Package/GNUARM/bin/../lib/gcc/arm-elf/4.3.2/../../../../arm-elf/lib/libc.a(lib_a-reallocr.o)
 .glue_7t       0x0001140c        0x0 /cygdrive/c/Users/Michael/Documents/CmpE 146/CmpE146Package/GNUARM/bin/../lib/gcc/arm-elf/4.3.2/../../../../arm-elf/lib/libc.a(lib_a-stdio.o)
 .glue_7t       0x0001140c        0x0 /cygdrive/c/Users/Michael/Documents/CmpE 146/CmpE146Package/GNUARM/bin/../lib/gcc/arm-elf/4.3.2/../../../../arm-elf/lib/libc.a(lib_a-fclose.o)
                0x0001140c                __end_of_glue7__ = .
                0x0001140c                __end_of_text__ = .

.intvects       0x40000000       0x40 load address 0x0001140c
                0x40000000                __intvects_beg__ = .
                0x0001140c                __intvects_beg_src__ = __end_of_text__
 *(.intvects)
 .intvects      0x40000000       0x40 ./Startup.o
                0x40000000                __intvects
                0x40000040                __intvects_end__ = .
                0x0001144c                __end_of_intvects__ = (__end_of_text__ + (__intvects_end__ - __intvects_beg__))

.vfp11_veneer   0x0001144c        0x0 load address 0x40000040
 .vfp11_veneer  0x0001144c        0x0 ./Startup.o
 .vfp11_veneer  0x0001144c        0x0 ./main.o
 .vfp11_veneer  0x0001144c        0x0 ./fat/diskio.o
 .vfp11_veneer  0x0001144c        0x0 ./fat/ff.o
 .vfp11_veneer  0x0001144c        0x0 ./fat/rtc.o
 .vfp11_veneer  0x0001144c        0x0 ./fat/option/ccsbcs.o
 .vfp11_veneer  0x0001144c        0x0 ./fat/option/reentrant.o
 .vfp11_veneer  0x0001144c        0x0 ./drivers/uart/uart0.o
 .vfp11_veneer  0x0001144c        0x0 ./drivers/i2c.o
 .vfp11_veneer  0x0001144c        0x0 ./drivers/pcm1774.o
 .vfp11_veneer  0x0001144c        0x0 ./drivers/ssp_spi.o
 .vfp11_veneer  0x0001144c        0x0 ./drivers/sta013.o
 .vfp11_veneer  0x0001144c        0x0 ./System/cpu.o
 .vfp11_veneer  0x0001144c        0x0 ./System/crash.o
 .vfp11_veneer  0x0001144c        0x0 ./System/fiqISR.o
 .vfp11_veneer  0x0001144c        0x0 ./System/rprintf.o
 .vfp11_veneer  0x0001144c        0x0 ./System/syscalls.o
 .vfp11_veneer  0x0001144c        0x0 ./System/watchdog.o
 .vfp11_veneer  0x0001144c        0x0 ./General/userInterface.o
 .vfp11_veneer  0x0001144c        0x0 ./FreeRTOS/croutine.o
 .vfp11_veneer  0x0001144c        0x0 ./FreeRTOS/heap_3.o
 .vfp11_veneer  0x0001144c        0x0 ./FreeRTOS/list.o
 .vfp11_veneer  0x0001144c        0x0 ./FreeRTOS/port.o
 .vfp11_veneer  0x0001144c        0x0 ./FreeRTOS/portISR.o
 .vfp11_veneer  0x0001144c        0x0 ./FreeRTOS/queue.o
 .vfp11_veneer  0x0001144c        0x0 ./FreeRTOS/tasks.o
 .vfp11_veneer  0x0001144c        0x0 ./FreeRTOS/hooks/hooks.o
 .vfp11_veneer  0x0001144c        0x0 /cygdrive/c/Users/Michael/Documents/CmpE 146/CmpE146Package/GNUARM/bin/../lib/gcc/arm-elf/4.3.2/libgcc.a(_udivsi3.o)
 .vfp11_veneer  0x0001144c        0x0 /cygdrive/c/Users/Michael/Documents/CmpE 146/CmpE146Package/GNUARM/bin/../lib/gcc/arm-elf/4.3.2/libgcc.a(_divsi3.o)
 .vfp11_veneer  0x0001144c        0x0 /cygdrive/c/Users/Michael/Documents/CmpE 146/CmpE146Package/GNUARM/bin/../lib/gcc/arm-elf/4.3.2/libgcc.a(_umodsi3.o)
 .vfp11_veneer  0x0001144c        0x0 /cygdrive/c/Users/Michael/Documents/CmpE 146/CmpE146Package/GNUARM/bin/../lib/gcc/arm-elf/4.3.2/libgcc.a(_dvmd_tls.o)
 .vfp11_veneer  0x0001144c        0x0 /cygdrive/c/Users/Michael/Documents/CmpE 146/CmpE146Package/GNUARM/bin/../lib/gcc/arm-elf/4.3.2/libgcc.a(_divdi3.o)
 .vfp11_veneer  0x0001144c        0x0 /cygdrive/c/Users/Michael/Documents/CmpE 146/CmpE146Package/GNUARM/bin/../lib/gcc/arm-elf/4.3.2/libgcc.a(_udivdi3.o)
 .vfp11_veneer  0x0001144c        0x0 /cygdrive/c/Users/Michael/Documents/CmpE 146/CmpE146Package/GNUARM/bin/../lib/gcc/arm-elf/4.3.2/libgcc.a(_clz.o)
 .vfp11_veneer  0x0001144c        0x0 /cygdrive/c/Users/Michael/Documents/CmpE 146/CmpE146Package/GNUARM/bin/../lib/gcc/arm-elf/4.3.2/../../../../arm-elf/lib/libc.a(lib_a-atoi.o)
 .vfp11_veneer  0x0001144c        0x0 /cygdrive/c/Users/Michael/Documents/CmpE 146/CmpE146Package/GNUARM/bin/../lib/gcc/arm-elf/4.3.2/../../../../arm-elf/lib/libc.a(lib_a-iprintf.o)
 .vfp11_veneer  0x0001144c        0x0 /cygdrive/c/Users/Michael/Documents/CmpE 146/CmpE146Package/GNUARM/bin/../lib/gcc/arm-elf/4.3.2/../../../../arm-elf/lib/libc.a(lib_a-malloc.o)
 .vfp11_veneer  0x0001144c        0x0 /cygdrive/c/Users/Michael/Documents/CmpE 146/CmpE146Package/GNUARM/bin/../lib/gcc/arm-elf/4.3.2/../../../../arm-elf/lib/libc.a(lib_a-mallocr.o)
 .vfp11_veneer  0x0001144c        0x0 /cygdrive/c/Users/Michael/Documents/CmpE 146/CmpE146Package/GNUARM/bin/../lib/gcc/arm-elf/4.3.2/../../../../arm-elf/lib/libc.a(lib_a-memcmp.o)
 .vfp11_veneer  0x0001144c        0x0 /cygdrive/c/Users/Michael/Documents/CmpE 146/CmpE146Package/GNUARM/bin/../lib/gcc/arm-elf/4.3.2/../../../../arm-elf/lib/libc.a(lib_a-memcpy.o)
 .vfp11_veneer  0x0001144c        0x0 /cygdrive/c/Users/Michael/Documents/CmpE 146/CmpE146Package/GNUARM/bin/../lib/gcc/arm-elf/4.3.2/../../../../arm-elf/lib/libc.a(lib_a-memset.o)
 .vfp11_veneer  0x0001144c        0x0 /cygdrive/c/Users/Michael/Documents/CmpE 146/CmpE146Package/GNUARM/bin/../lib/gcc/arm-elf/4.3.2/../../../../arm-elf/lib/libc.a(lib_a-mlock.o)
 .vfp11_veneer  0x0001144c        0x0 /cygdrive/c/Users/Michael/Documents/CmpE 146/CmpE146Package/GNUARM/bin/../lib/gcc/arm-elf/4.3.2/../../../../arm-elf/lib/libc.a(lib_a-siprintf.o)
 .vfp11_veneer  0x0001144c        0x0 /cygdrive/c/Users/Michael/Documents/CmpE 146/CmpE146Package/GNUARM/bin/../lib/gcc/arm-elf/4.3.2/../../../../arm-elf/lib/libc.a(lib_a-strcat.o)
 .vfp11_veneer  0x0001144c        0x0 /cygdrive/c/Users/Michael/Documents/CmpE 146/CmpE146Package/GNUARM/bin/../lib/gcc/arm-elf/4.3.2/../../../../arm-elf/lib/libc.a(lib_a-strcmp.o)
 .vfp11_veneer  0x0001144c        0x0 /cygdrive/c/Users/Michael/Documents/CmpE 146/CmpE146Package/GNUARM/bin/../lib/gcc/arm-elf/4.3.2/../../../../arm-elf/lib/libc.a(lib_a-strcpy.o)
 .vfp11_veneer  0x0001144c        0x0 /cygdrive/c/Users/Michael/Documents/CmpE 146/CmpE146Package/GNUARM/bin/../lib/gcc/arm-elf/4.3.2/../../../../arm-elf/lib/libc.a(lib_a-strlen.o)
 .vfp11_veneer  0x0001144c        0x0 /cygdrive/c/Users/Michael/Documents/CmpE 146/CmpE146Package/GNUARM/bin/../lib/gcc/arm-elf/4.3.2/../../../../arm-elf/lib/libc.a(lib_a-strncpy.o)
 .vfp11_veneer  0x0001144c        0x0 /cygdrive/c/Users/Michael/Documents/CmpE 146/CmpE146Package/GNUARM/bin/../lib/gcc/arm-elf/4.3.2/../../../../arm-elf/lib/libc.a(lib_a-strtok.o)
 .vfp11_veneer  0x0001144c        0x0 /cygdrive/c/Users/Michael/Documents/CmpE 146/CmpE146Package/GNUARM/bin/../lib/gcc/arm-elf/4.3.2/../../../../arm-elf/lib/libc.a(lib_a-strtok_r.o)
 .vfp11_veneer  0x0001144c        0x0 /cygdrive/c/Users/Michael/Documents/CmpE 146/CmpE146Package/GNUARM/bin/../lib/gcc/arm-elf/4.3.2/../../../../arm-elf/lib/libc.a(lib_a-strtol.o)
 .vfp11_veneer  0x0001144c        0x0 /cygdrive/c/Users/Michael/Documents/CmpE 146/CmpE146Package/GNUARM/bin/../lib/gcc/arm-elf/4.3.2/../../../../arm-elf/lib/libc.a(lib_a-vfiprintf.o)
 .vfp11_veneer  0x0001144c        0x0 /cygdrive/c/Users/Michael/Documents/CmpE 146/CmpE146Package/GNUARM/bin/../lib/gcc/arm-elf/4.3.2/../../../../arm-elf/lib/libc.a(lib_a-wsetup.o)
 .vfp11_veneer  0x0001144c        0x0 /cygdrive/c/Users/Michael/Documents/CmpE 146/CmpE146Package/GNUARM/bin/../lib/gcc/arm-elf/4.3.2/../../../../arm-elf/lib/libc.a(lib_a-ctype_.o)
 .vfp11_veneer  0x0001144c        0x0 /cygdrive/c/Users/Michael/Documents/CmpE 146/CmpE146Package/GNUARM/bin/../lib/gcc/arm-elf/4.3.2/../../../../arm-elf/lib/libc.a(lib_a-fflush.o)
 .vfp11_veneer  0x0001144c        0x0 /cygdrive/c/Users/Michael/Documents/CmpE 146/CmpE146Package/GNUARM/bin/../lib/gcc/arm-elf/4.3.2/../../../../arm-elf/lib/libc.a(lib_a-findfp.o)
 .vfp11_veneer  0x0001144c        0x0 /cygdrive/c/Users/Michael/Documents/CmpE 146/CmpE146Package/GNUARM/bin/../lib/gcc/arm-elf/4.3.2/../../../../arm-elf/lib/libc.a(lib_a-freer.o)
 .vfp11_veneer  0x0001144c        0x0 /cygdrive/c/Users/Michael/Documents/CmpE 146/CmpE146Package/GNUARM/bin/../lib/gcc/arm-elf/4.3.2/../../../../arm-elf/lib/libc.a(lib_a-fvwrite.o)
 .vfp11_veneer  0x0001144c        0x0 /cygdrive/c/Users/Michael/Documents/CmpE 146/CmpE146Package/GNUARM/bin/../lib/gcc/arm-elf/4.3.2/../../../../arm-elf/lib/libc.a(lib_a-fwalk.o)
 .vfp11_veneer  0x0001144c        0x0 /cygdrive/c/Users/Michael/Documents/CmpE 146/CmpE146Package/GNUARM/bin/../lib/gcc/arm-elf/4.3.2/../../../../arm-elf/lib/libc.a(lib_a-impure.o)
 .vfp11_veneer  0x0001144c        0x0 /cygdrive/c/Users/Michael/Documents/CmpE 146/CmpE146Package/GNUARM/bin/../lib/gcc/arm-elf/4.3.2/../../../../arm-elf/lib/libc.a(lib_a-makebuf.o)
 .vfp11_veneer  0x0001144c        0x0 /cygdrive/c/Users/Michael/Documents/CmpE 146/CmpE146Package/GNUARM/bin/../lib/gcc/arm-elf/4.3.2/../../../../arm-elf/lib/libc.a(lib_a-memchr.o)
 .vfp11_veneer  0x0001144c        0x0 /cygdrive/c/Users/Michael/Documents/CmpE 146/CmpE146Package/GNUARM/bin/../lib/gcc/arm-elf/4.3.2/../../../../arm-elf/lib/libc.a(lib_a-memmove.o)
 .vfp11_veneer  0x0001144c        0x0 /cygdrive/c/Users/Michael/Documents/CmpE 146/CmpE146Package/GNUARM/bin/../lib/gcc/arm-elf/4.3.2/../../../../arm-elf/lib/libc.a(lib_a-reallocr.o)
 .vfp11_veneer  0x0001144c        0x0 /cygdrive/c/Users/Michael/Documents/CmpE 146/CmpE146Package/GNUARM/bin/../lib/gcc/arm-elf/4.3.2/../../../../arm-elf/lib/libc.a(lib_a-stdio.o)
 .vfp11_veneer  0x0001144c        0x0 /cygdrive/c/Users/Michael/Documents/CmpE 146/CmpE146Package/GNUARM/bin/../lib/gcc/arm-elf/4.3.2/../../../../arm-elf/lib/libc.a(lib_a-fclose.o)

.v4_bx          0x0001144c        0x0 load address 0x40000040
 .v4_bx         0x0001144c        0x0 ./Startup.o
 .v4_bx         0x0001144c        0x0 ./main.o
 .v4_bx         0x0001144c        0x0 ./fat/diskio.o
 .v4_bx         0x0001144c        0x0 ./fat/ff.o
 .v4_bx         0x0001144c        0x0 ./fat/rtc.o
 .v4_bx         0x0001144c        0x0 ./fat/option/ccsbcs.o
 .v4_bx         0x0001144c        0x0 ./fat/option/reentrant.o
 .v4_bx         0x0001144c        0x0 ./drivers/uart/uart0.o
 .v4_bx         0x0001144c        0x0 ./drivers/i2c.o
 .v4_bx         0x0001144c        0x0 ./drivers/pcm1774.o
 .v4_bx         0x0001144c        0x0 ./drivers/ssp_spi.o
 .v4_bx         0x0001144c        0x0 ./drivers/sta013.o
 .v4_bx         0x0001144c        0x0 ./System/cpu.o
 .v4_bx         0x0001144c        0x0 ./System/crash.o
 .v4_bx         0x0001144c        0x0 ./System/fiqISR.o
 .v4_bx         0x0001144c        0x0 ./System/rprintf.o
 .v4_bx         0x0001144c        0x0 ./System/syscalls.o
 .v4_bx         0x0001144c        0x0 ./System/watchdog.o
 .v4_bx         0x0001144c        0x0 ./General/userInterface.o
 .v4_bx         0x0001144c        0x0 ./FreeRTOS/croutine.o
 .v4_bx         0x0001144c        0x0 ./FreeRTOS/heap_3.o
 .v4_bx         0x0001144c        0x0 ./FreeRTOS/list.o
 .v4_bx         0x0001144c        0x0 ./FreeRTOS/port.o
 .v4_bx         0x0001144c        0x0 ./FreeRTOS/portISR.o
 .v4_bx         0x0001144c        0x0 ./FreeRTOS/queue.o
 .v4_bx         0x0001144c        0x0 ./FreeRTOS/tasks.o
 .v4_bx         0x0001144c        0x0 ./FreeRTOS/hooks/hooks.o
 .v4_bx         0x0001144c        0x0 /cygdrive/c/Users/Michael/Documents/CmpE 146/CmpE146Package/GNUARM/bin/../lib/gcc/arm-elf/4.3.2/libgcc.a(_udivsi3.o)
 .v4_bx         0x0001144c        0x0 /cygdrive/c/Users/Michael/Documents/CmpE 146/CmpE146Package/GNUARM/bin/../lib/gcc/arm-elf/4.3.2/libgcc.a(_divsi3.o)
 .v4_bx         0x0001144c        0x0 /cygdrive/c/Users/Michael/Documents/CmpE 146/CmpE146Package/GNUARM/bin/../lib/gcc/arm-elf/4.3.2/libgcc.a(_umodsi3.o)
 .v4_bx         0x0001144c        0x0 /cygdrive/c/Users/Michael/Documents/CmpE 146/CmpE146Package/GNUARM/bin/../lib/gcc/arm-elf/4.3.2/libgcc.a(_dvmd_tls.o)
 .v4_bx         0x0001144c        0x0 /cygdrive/c/Users/Michael/Documents/CmpE 146/CmpE146Package/GNUARM/bin/../lib/gcc/arm-elf/4.3.2/libgcc.a(_divdi3.o)
 .v4_bx         0x0001144c        0x0 /cygdrive/c/Users/Michael/Documents/CmpE 146/CmpE146Package/GNUARM/bin/../lib/gcc/arm-elf/4.3.2/libgcc.a(_udivdi3.o)
 .v4_bx         0x0001144c        0x0 /cygdrive/c/Users/Michael/Documents/CmpE 146/CmpE146Package/GNUARM/bin/../lib/gcc/arm-elf/4.3.2/libgcc.a(_clz.o)
 .v4_bx         0x0001144c        0x0 /cygdrive/c/Users/Michael/Documents/CmpE 146/CmpE146Package/GNUARM/bin/../lib/gcc/arm-elf/4.3.2/../../../../arm-elf/lib/libc.a(lib_a-atoi.o)
 .v4_bx         0x0001144c        0x0 /cygdrive/c/Users/Michael/Documents/CmpE 146/CmpE146Package/GNUARM/bin/../lib/gcc/arm-elf/4.3.2/../../../../arm-elf/lib/libc.a(lib_a-iprintf.o)
 .v4_bx         0x0001144c        0x0 /cygdrive/c/Users/Michael/Documents/CmpE 146/CmpE146Package/GNUARM/bin/../lib/gcc/arm-elf/4.3.2/../../../../arm-elf/lib/libc.a(lib_a-malloc.o)
 .v4_bx         0x0001144c        0x0 /cygdrive/c/Users/Michael/Documents/CmpE 146/CmpE146Package/GNUARM/bin/../lib/gcc/arm-elf/4.3.2/../../../../arm-elf/lib/libc.a(lib_a-mallocr.o)
 .v4_bx         0x0001144c        0x0 /cygdrive/c/Users/Michael/Documents/CmpE 146/CmpE146Package/GNUARM/bin/../lib/gcc/arm-elf/4.3.2/../../../../arm-elf/lib/libc.a(lib_a-memcmp.o)
 .v4_bx         0x0001144c        0x0 /cygdrive/c/Users/Michael/Documents/CmpE 146/CmpE146Package/GNUARM/bin/../lib/gcc/arm-elf/4.3.2/../../../../arm-elf/lib/libc.a(lib_a-memcpy.o)
 .v4_bx         0x0001144c        0x0 /cygdrive/c/Users/Michael/Documents/CmpE 146/CmpE146Package/GNUARM/bin/../lib/gcc/arm-elf/4.3.2/../../../../arm-elf/lib/libc.a(lib_a-memset.o)
 .v4_bx         0x0001144c        0x0 /cygdrive/c/Users/Michael/Documents/CmpE 146/CmpE146Package/GNUARM/bin/../lib/gcc/arm-elf/4.3.2/../../../../arm-elf/lib/libc.a(lib_a-mlock.o)
 .v4_bx         0x0001144c        0x0 /cygdrive/c/Users/Michael/Documents/CmpE 146/CmpE146Package/GNUARM/bin/../lib/gcc/arm-elf/4.3.2/../../../../arm-elf/lib/libc.a(lib_a-siprintf.o)
 .v4_bx         0x0001144c        0x0 /cygdrive/c/Users/Michael/Documents/CmpE 146/CmpE146Package/GNUARM/bin/../lib/gcc/arm-elf/4.3.2/../../../../arm-elf/lib/libc.a(lib_a-strcat.o)
 .v4_bx         0x0001144c        0x0 /cygdrive/c/Users/Michael/Documents/CmpE 146/CmpE146Package/GNUARM/bin/../lib/gcc/arm-elf/4.3.2/../../../../arm-elf/lib/libc.a(lib_a-strcmp.o)
 .v4_bx         0x0001144c        0x0 /cygdrive/c/Users/Michael/Documents/CmpE 146/CmpE146Package/GNUARM/bin/../lib/gcc/arm-elf/4.3.2/../../../../arm-elf/lib/libc.a(lib_a-strcpy.o)
 .v4_bx         0x0001144c        0x0 /cygdrive/c/Users/Michael/Documents/CmpE 146/CmpE146Package/GNUARM/bin/../lib/gcc/arm-elf/4.3.2/../../../../arm-elf/lib/libc.a(lib_a-strlen.o)
 .v4_bx         0x0001144c        0x0 /cygdrive/c/Users/Michael/Documents/CmpE 146/CmpE146Package/GNUARM/bin/../lib/gcc/arm-elf/4.3.2/../../../../arm-elf/lib/libc.a(lib_a-strncpy.o)
 .v4_bx         0x0001144c        0x0 /cygdrive/c/Users/Michael/Documents/CmpE 146/CmpE146Package/GNUARM/bin/../lib/gcc/arm-elf/4.3.2/../../../../arm-elf/lib/libc.a(lib_a-strtok.o)
 .v4_bx         0x0001144c        0x0 /cygdrive/c/Users/Michael/Documents/CmpE 146/CmpE146Package/GNUARM/bin/../lib/gcc/arm-elf/4.3.2/../../../../arm-elf/lib/libc.a(lib_a-strtok_r.o)
 .v4_bx         0x0001144c        0x0 /cygdrive/c/Users/Michael/Documents/CmpE 146/CmpE146Package/GNUARM/bin/../lib/gcc/arm-elf/4.3.2/../../../../arm-elf/lib/libc.a(lib_a-strtol.o)
 .v4_bx         0x0001144c        0x0 /cygdrive/c/Users/Michael/Documents/CmpE 146/CmpE146Package/GNUARM/bin/../lib/gcc/arm-elf/4.3.2/../../../../arm-elf/lib/libc.a(lib_a-vfiprintf.o)
 .v4_bx         0x0001144c        0x0 /cygdrive/c/Users/Michael/Documents/CmpE 146/CmpE146Package/GNUARM/bin/../lib/gcc/arm-elf/4.3.2/../../../../arm-elf/lib/libc.a(lib_a-wsetup.o)
 .v4_bx         0x0001144c        0x0 /cygdrive/c/Users/Michael/Documents/CmpE 146/CmpE146Package/GNUARM/bin/../lib/gcc/arm-elf/4.3.2/../../../../arm-elf/lib/libc.a(lib_a-ctype_.o)
 .v4_bx         0x0001144c        0x0 /cygdrive/c/Users/Michael/Documents/CmpE 146/CmpE146Package/GNUARM/bin/../lib/gcc/arm-elf/4.3.2/../../../../arm-elf/lib/libc.a(lib_a-fflush.o)
 .v4_bx         0x0001144c        0x0 /cygdrive/c/Users/Michael/Documents/CmpE 146/CmpE146Package/GNUARM/bin/../lib/gcc/arm-elf/4.3.2/../../../../arm-elf/lib/libc.a(lib_a-findfp.o)
 .v4_bx         0x0001144c        0x0 /cygdrive/c/Users/Michael/Documents/CmpE 146/CmpE146Package/GNUARM/bin/../lib/gcc/arm-elf/4.3.2/../../../../arm-elf/lib/libc.a(lib_a-freer.o)
 .v4_bx         0x0001144c        0x0 /cygdrive/c/Users/Michael/Documents/CmpE 146/CmpE146Package/GNUARM/bin/../lib/gcc/arm-elf/4.3.2/../../../../arm-elf/lib/libc.a(lib_a-fvwrite.o)
 .v4_bx         0x0001144c        0x0 /cygdrive/c/Users/Michael/Documents/CmpE 146/CmpE146Package/GNUARM/bin/../lib/gcc/arm-elf/4.3.2/../../../../arm-elf/lib/libc.a(lib_a-fwalk.o)
 .v4_bx         0x0001144c        0x0 /cygdrive/c/Users/Michael/Documents/CmpE 146/CmpE146Package/GNUARM/bin/../lib/gcc/arm-elf/4.3.2/../../../../arm-elf/lib/libc.a(lib_a-impure.o)
 .v4_bx         0x0001144c        0x0 /cygdrive/c/Users/Michael/Documents/CmpE 146/CmpE146Package/GNUARM/bin/../lib/gcc/arm-elf/4.3.2/../../../../arm-elf/lib/libc.a(lib_a-makebuf.o)
 .v4_bx         0x0001144c        0x0 /cygdrive/c/Users/Michael/Documents/CmpE 146/CmpE146Package/GNUARM/bin/../lib/gcc/arm-elf/4.3.2/../../../../arm-elf/lib/libc.a(lib_a-memchr.o)
 .v4_bx         0x0001144c        0x0 /cygdrive/c/Users/Michael/Documents/CmpE 146/CmpE146Package/GNUARM/bin/../lib/gcc/arm-elf/4.3.2/../../../../arm-elf/lib/libc.a(lib_a-memmove.o)
 .v4_bx         0x0001144c        0x0 /cygdrive/c/Users/Michael/Documents/CmpE 146/CmpE146Package/GNUARM/bin/../lib/gcc/arm-elf/4.3.2/../../../../arm-elf/lib/libc.a(lib_a-reallocr.o)
 .v4_bx         0x0001144c        0x0 /cygdrive/c/Users/Michael/Documents/CmpE 146/CmpE146Package/GNUARM/bin/../lib/gcc/arm-elf/4.3.2/../../../../arm-elf/lib/libc.a(lib_a-stdio.o)
 .v4_bx         0x0001144c        0x0 /cygdrive/c/Users/Michael/Documents/CmpE 146/CmpE146Package/GNUARM/bin/../lib/gcc/arm-elf/4.3.2/../../../../arm-elf/lib/libc.a(lib_a-fclose.o)

.protected      0x40000040       0x78
                0x40000040                __protected_beg__ = .
 *(.protected)
 .protected     0x40000040       0x78 ./Startup.o
                0x40000040                __abort_dat
                0x400000b8                __protected_end__ = .

.data           0x400000b8      0x860 load address 0x0001144c
                0x400000b8                __data_beg__ = .
                0x0001144c                __data_beg_src__ = __end_of_intvects__
 *(.data)
 .data          0x400000b8       0x3c ./Startup.o
                0x400000c8                __stack_beg_fiq
                0x400000c0                __stack_beg_abt
                0x400000b8                __stack_beg_und
                0x400000d8                __stack_beg_svc
                0x400000d0                __stack_beg_irq
                0x400000cc                __stack_end_fiq
                0x400000c4                __stack_end_abt
                0x400000ec                __heap_beg
                0x400000dc                __stack_end_svc
                0x400000e0                __stack_beg_sys
                0x400000f0                __heap_end
                0x400000bc                __stack_end_und
                0x400000e4                __stack_end_sys
                0x400000e8                __heap_max
                0x400000d4                __stack_end_irq
 .data          0x400000f4        0x0 ./main.o
 .data          0x400000f4        0x1 ./fat/diskio.o
                0x400000f4                Stat
 .data          0x400000f5        0x0 ./fat/ff.o
 .data          0x400000f5        0x0 ./fat/rtc.o
 .data          0x400000f5        0x0 ./fat/option/ccsbcs.o
 .data          0x400000f5        0x0 ./fat/option/reentrant.o
 .data          0x400000f5        0x0 ./drivers/uart/uart0.o
 .data          0x400000f5        0x0 ./drivers/i2c.o
 .data          0x400000f5        0x0 ./drivers/pcm1774.o
 .data          0x400000f5        0x0 ./drivers/ssp_spi.o
 .data          0x400000f5        0x0 ./drivers/sta013.o
 .data          0x400000f5        0x0 ./System/cpu.o
 .data          0x400000f5        0x0 ./System/crash.o
 .data          0x400000f5        0x0 ./System/fiqISR.o
 .data          0x400000f5        0x0 ./System/rprintf.o
 .data          0x400000f5        0x0 ./System/syscalls.o
 .data          0x400000f5        0x0 ./System/watchdog.o
 .data          0x400000f5        0x0 ./General/userInterface.o
 .data          0x400000f5        0x0 ./FreeRTOS/croutine.o
 .data          0x400000f5        0x0 ./FreeRTOS/heap_3.o
 .data          0x400000f5        0x0 ./FreeRTOS/list.o
 .data          0x400000f5        0x0 ./FreeRTOS/port.o
 *fill*         0x400000f5        0x3 00
 .data          0x400000f8        0x4 ./FreeRTOS/portISR.o
                0x400000f8                ulCriticalNesting
 .data          0x400000fc        0x0 ./FreeRTOS/queue.o
 .data          0x400000fc        0x4 ./FreeRTOS/tasks.o
 .data          0x40000100        0x0 ./FreeRTOS/hooks/hooks.o
 .data          0x40000100        0x0 /cygdrive/c/Users/Michael/Documents/CmpE 146/CmpE146Package/GNUARM/bin/../lib/gcc/arm-elf/4.3.2/libgcc.a(_udivsi3.o)
 .data          0x40000100        0x0 /cygdrive/c/Users/Michael/Documents/CmpE 146/CmpE146Package/GNUARM/bin/../lib/gcc/arm-elf/4.3.2/libgcc.a(_divsi3.o)
 .data          0x40000100        0x0 /cygdrive/c/Users/Michael/Documents/CmpE 146/CmpE146Package/GNUARM/bin/../lib/gcc/arm-elf/4.3.2/libgcc.a(_umodsi3.o)
 .data          0x40000100        0x0 /cygdrive/c/Users/Michael/Documents/CmpE 146/CmpE146Package/GNUARM/bin/../lib/gcc/arm-elf/4.3.2/libgcc.a(_dvmd_tls.o)
 .data          0x40000100        0x0 /cygdrive/c/Users/Michael/Documents/CmpE 146/CmpE146Package/GNUARM/bin/../lib/gcc/arm-elf/4.3.2/libgcc.a(_divdi3.o)
 .data          0x40000100        0x0 /cygdrive/c/Users/Michael/Documents/CmpE 146/CmpE146Package/GNUARM/bin/../lib/gcc/arm-elf/4.3.2/libgcc.a(_udivdi3.o)
 .data          0x40000100        0x0 /cygdrive/c/Users/Michael/Documents/CmpE 146/CmpE146Package/GNUARM/bin/../lib/gcc/arm-elf/4.3.2/libgcc.a(_clz.o)
 .data          0x40000100        0x0 /cygdrive/c/Users/Michael/Documents/CmpE 146/CmpE146Package/GNUARM/bin/../lib/gcc/arm-elf/4.3.2/../../../../arm-elf/lib/libc.a(lib_a-atoi.o)
 .data          0x40000100        0x0 /cygdrive/c/Users/Michael/Documents/CmpE 146/CmpE146Package/GNUARM/bin/../lib/gcc/arm-elf/4.3.2/../../../../arm-elf/lib/libc.a(lib_a-iprintf.o)
 .data          0x40000100        0x0 /cygdrive/c/Users/Michael/Documents/CmpE 146/CmpE146Package/GNUARM/bin/../lib/gcc/arm-elf/4.3.2/../../../../arm-elf/lib/libc.a(lib_a-malloc.o)
 .data          0x40000100      0x410 /cygdrive/c/Users/Michael/Documents/CmpE 146/CmpE146Package/GNUARM/bin/../lib/gcc/arm-elf/4.3.2/../../../../arm-elf/lib/libc.a(lib_a-mallocr.o)
                0x4000050c                __malloc_sbrk_base
                0x40000100                __malloc_av_
                0x40000508                __malloc_trim_threshold
 .data          0x40000510        0x0 /cygdrive/c/Users/Michael/Documents/CmpE 146/CmpE146Package/GNUARM/bin/../lib/gcc/arm-elf/4.3.2/../../../../arm-elf/lib/libc.a(lib_a-memcmp.o)
 .data          0x40000510        0x0 /cygdrive/c/Users/Michael/Documents/CmpE 146/CmpE146Package/GNUARM/bin/../lib/gcc/arm-elf/4.3.2/../../../../arm-elf/lib/libc.a(lib_a-memcpy.o)
 .data          0x40000510        0x0 /cygdrive/c/Users/Michael/Documents/CmpE 146/CmpE146Package/GNUARM/bin/../lib/gcc/arm-elf/4.3.2/../../../../arm-elf/lib/libc.a(lib_a-memset.o)
 .data          0x40000510        0x0 /cygdrive/c/Users/Michael/Documents/CmpE 146/CmpE146Package/GNUARM/bin/../lib/gcc/arm-elf/4.3.2/../../../../arm-elf/lib/libc.a(lib_a-mlock.o)
 .data          0x40000510        0x0 /cygdrive/c/Users/Michael/Documents/CmpE 146/CmpE146Package/GNUARM/bin/../lib/gcc/arm-elf/4.3.2/../../../../arm-elf/lib/libc.a(lib_a-siprintf.o)
 .data          0x40000510        0x0 /cygdrive/c/Users/Michael/Documents/CmpE 146/CmpE146Package/GNUARM/bin/../lib/gcc/arm-elf/4.3.2/../../../../arm-elf/lib/libc.a(lib_a-strcat.o)
 .data          0x40000510        0x0 /cygdrive/c/Users/Michael/Documents/CmpE 146/CmpE146Package/GNUARM/bin/../lib/gcc/arm-elf/4.3.2/../../../../arm-elf/lib/libc.a(lib_a-strcmp.o)
 .data          0x40000510        0x0 /cygdrive/c/Users/Michael/Documents/CmpE 146/CmpE146Package/GNUARM/bin/../lib/gcc/arm-elf/4.3.2/../../../../arm-elf/lib/libc.a(lib_a-strcpy.o)
 .data          0x40000510        0x0 /cygdrive/c/Users/Michael/Documents/CmpE 146/CmpE146Package/GNUARM/bin/../lib/gcc/arm-elf/4.3.2/../../../../arm-elf/lib/libc.a(lib_a-strlen.o)
 .data          0x40000510        0x0 /cygdrive/c/Users/Michael/Documents/CmpE 146/CmpE146Package/GNUARM/bin/../lib/gcc/arm-elf/4.3.2/../../../../arm-elf/lib/libc.a(lib_a-strncpy.o)
 .data          0x40000510        0x0 /cygdrive/c/Users/Michael/Documents/CmpE 146/CmpE146Package/GNUARM/bin/../lib/gcc/arm-elf/4.3.2/../../../../arm-elf/lib/libc.a(lib_a-strtok.o)
 .data          0x40000510        0x0 /cygdrive/c/Users/Michael/Documents/CmpE 146/CmpE146Package/GNUARM/bin/../lib/gcc/arm-elf/4.3.2/../../../../arm-elf/lib/libc.a(lib_a-strtok_r.o)
 .data          0x40000510        0x0 /cygdrive/c/Users/Michael/Documents/CmpE 146/CmpE146Package/GNUARM/bin/../lib/gcc/arm-elf/4.3.2/../../../../arm-elf/lib/libc.a(lib_a-strtol.o)
 .data          0x40000510        0x0 /cygdrive/c/Users/Michael/Documents/CmpE 146/CmpE146Package/GNUARM/bin/../lib/gcc/arm-elf/4.3.2/../../../../arm-elf/lib/libc.a(lib_a-vfiprintf.o)
 .data          0x40000510        0x0 /cygdrive/c/Users/Michael/Documents/CmpE 146/CmpE146Package/GNUARM/bin/../lib/gcc/arm-elf/4.3.2/../../../../arm-elf/lib/libc.a(lib_a-wsetup.o)
 .data          0x40000510        0x4 /cygdrive/c/Users/Michael/Documents/CmpE 146/CmpE146Package/GNUARM/bin/../lib/gcc/arm-elf/4.3.2/../../../../arm-elf/lib/libc.a(lib_a-ctype_.o)
                0x40000510                __ctype_ptr
 .data          0x40000514        0x0 /cygdrive/c/Users/Michael/Documents/CmpE 146/CmpE146Package/GNUARM/bin/../lib/gcc/arm-elf/4.3.2/../../../../arm-elf/lib/libc.a(lib_a-fflush.o)
 .data          0x40000514        0x0 /cygdrive/c/Users/Michael/Documents/CmpE 146/CmpE146Package/GNUARM/bin/../lib/gcc/arm-elf/4.3.2/../../../../arm-elf/lib/libc.a(lib_a-findfp.o)
 .data          0x40000514        0x0 /cygdrive/c/Users/Michael/Documents/CmpE 146/CmpE146Package/GNUARM/bin/../lib/gcc/arm-elf/4.3.2/../../../../arm-elf/lib/libc.a(lib_a-freer.o)
 .data          0x40000514        0x0 /cygdrive/c/Users/Michael/Documents/CmpE 146/CmpE146Package/GNUARM/bin/../lib/gcc/arm-elf/4.3.2/../../../../arm-elf/lib/libc.a(lib_a-fvwrite.o)
 .data          0x40000514        0x0 /cygdrive/c/Users/Michael/Documents/CmpE 146/CmpE146Package/GNUARM/bin/../lib/gcc/arm-elf/4.3.2/../../../../arm-elf/lib/libc.a(lib_a-fwalk.o)
 .data          0x40000514      0x404 /cygdrive/c/Users/Michael/Documents/CmpE 146/CmpE146Package/GNUARM/bin/../lib/gcc/arm-elf/4.3.2/../../../../arm-elf/lib/libc.a(lib_a-impure.o)
                0x40000514                _impure_ptr
 .data          0x40000918        0x0 /cygdrive/c/Users/Michael/Documents/CmpE 146/CmpE146Package/GNUARM/bin/../lib/gcc/arm-elf/4.3.2/../../../../arm-elf/lib/libc.a(lib_a-makebuf.o)
 .data          0x40000918        0x0 /cygdrive/c/Users/Michael/Documents/CmpE 146/CmpE146Package/GNUARM/bin/../lib/gcc/arm-elf/4.3.2/../../../../arm-elf/lib/libc.a(lib_a-memchr.o)
 .data          0x40000918        0x0 /cygdrive/c/Users/Michael/Documents/CmpE 146/CmpE146Package/GNUARM/bin/../lib/gcc/arm-elf/4.3.2/../../../../arm-elf/lib/libc.a(lib_a-memmove.o)
 .data          0x40000918        0x0 /cygdrive/c/Users/Michael/Documents/CmpE 146/CmpE146Package/GNUARM/bin/../lib/gcc/arm-elf/4.3.2/../../../../arm-elf/lib/libc.a(lib_a-reallocr.o)
 .data          0x40000918        0x0 /cygdrive/c/Users/Michael/Documents/CmpE 146/CmpE146Package/GNUARM/bin/../lib/gcc/arm-elf/4.3.2/../../../../arm-elf/lib/libc.a(lib_a-stdio.o)
 .data          0x40000918        0x0 /cygdrive/c/Users/Michael/Documents/CmpE 146/CmpE146Package/GNUARM/bin/../lib/gcc/arm-elf/4.3.2/../../../../arm-elf/lib/libc.a(lib_a-fclose.o)
                0x40000918                __data_end__ = .

.bss            0x40000918      0x17d
                0x40000918                __bss_beg__ = .
 *(.bss)
 .bss           0x40000918        0x0 ./Startup.o
 .bss           0x40000918        0x0 ./main.o
 .bss           0x40000918        0x1 ./fat/diskio.o
 *fill*         0x40000919        0x3 00
 .bss           0x4000091c        0x8 ./fat/ff.o
 .bss           0x40000924        0x0 ./fat/rtc.o
 .bss           0x40000924        0x0 ./fat/option/ccsbcs.o
 .bss           0x40000924        0x0 ./fat/option/reentrant.o
 .bss           0x40000924        0xc ./drivers/uart/uart0.o
 .bss           0x40000930       0x14 ./drivers/i2c.o
 .bss           0x40000944        0x0 ./drivers/pcm1774.o
 .bss           0x40000944        0x0 ./drivers/ssp_spi.o
 .bss           0x40000944        0x0 ./drivers/sta013.o
 .bss           0x40000944        0x0 ./System/cpu.o
 .bss           0x40000944        0x0 ./System/crash.o
 .bss           0x40000944        0x0 ./System/fiqISR.o
 .bss           0x40000944        0x4 ./System/rprintf.o
 .bss           0x40000948        0x4 ./System/syscalls.o
 .bss           0x4000094c        0x0 ./System/watchdog.o
 .bss           0x4000094c        0x0 ./General/userInterface.o
 .bss           0x4000094c        0x0 ./FreeRTOS/croutine.o
 .bss           0x4000094c        0x0 ./FreeRTOS/heap_3.o
 .bss           0x4000094c        0x0 ./FreeRTOS/list.o
 .bss           0x4000094c        0x0 ./FreeRTOS/port.o
 .bss           0x4000094c        0x0 ./FreeRTOS/portISR.o
 .bss           0x4000094c        0x0 ./FreeRTOS/queue.o
 .bss           0x4000094c      0x100 ./FreeRTOS/tasks.o
                0x4000094c                pxCurrentTCB
                0x40000954                ulISROverhead
                0x40000950                xTickCount
 .bss           0x40000a4c        0x0 ./FreeRTOS/hooks/hooks.o
 .bss           0x40000a4c        0x0 /cygdrive/c/Users/Michael/Documents/CmpE 146/CmpE146Package/GNUARM/bin/../lib/gcc/arm-elf/4.3.2/libgcc.a(_udivsi3.o)
 .bss           0x40000a4c        0x0 /cygdrive/c/Users/Michael/Documents/CmpE 146/CmpE146Package/GNUARM/bin/../lib/gcc/arm-elf/4.3.2/libgcc.a(_divsi3.o)
 .bss           0x40000a4c        0x0 /cygdrive/c/Users/Michael/Documents/CmpE 146/CmpE146Package/GNUARM/bin/../lib/gcc/arm-elf/4.3.2/libgcc.a(_umodsi3.o)
 .bss           0x40000a4c        0x0 /cygdrive/c/Users/Michael/Documents/CmpE 146/CmpE146Package/GNUARM/bin/../lib/gcc/arm-elf/4.3.2/libgcc.a(_dvmd_tls.o)
 .bss           0x40000a4c        0x0 /cygdrive/c/Users/Michael/Documents/CmpE 146/CmpE146Package/GNUARM/bin/../lib/gcc/arm-elf/4.3.2/libgcc.a(_divdi3.o)
 .bss           0x40000a4c        0x0 /cygdrive/c/Users/Michael/Documents/CmpE 146/CmpE146Package/GNUARM/bin/../lib/gcc/arm-elf/4.3.2/libgcc.a(_udivdi3.o)
 .bss           0x40000a4c        0x0 /cygdrive/c/Users/Michael/Documents/CmpE 146/CmpE146Package/GNUARM/bin/../lib/gcc/arm-elf/4.3.2/libgcc.a(_clz.o)
 .bss           0x40000a4c        0x0 /cygdrive/c/Users/Michael/Documents/CmpE 146/CmpE146Package/GNUARM/bin/../lib/gcc/arm-elf/4.3.2/../../../../arm-elf/lib/libc.a(lib_a-atoi.o)
 .bss           0x40000a4c        0x0 /cygdrive/c/Users/Michael/Documents/CmpE 146/CmpE146Package/GNUARM/bin/../lib/gcc/arm-elf/4.3.2/../../../../arm-elf/lib/libc.a(lib_a-iprintf.o)
 .bss           0x40000a4c        0x0 /cygdrive/c/Users/Michael/Documents/CmpE 146/CmpE146Package/GNUARM/bin/../lib/gcc/arm-elf/4.3.2/../../../../arm-elf/lib/libc.a(lib_a-malloc.o)
 .bss           0x40000a4c       0x34 /cygdrive/c/Users/Michael/Documents/CmpE 146/CmpE146Package/GNUARM/bin/../lib/gcc/arm-elf/4.3.2/../../../../arm-elf/lib/libc.a(lib_a-mallocr.o)
                0x40000a4c                __malloc_top_pad
                0x40000a50                __malloc_max_sbrked_mem
                0x40000a58                __malloc_current_mallinfo
                0x40000a54                __malloc_max_total_mem
 .bss           0x40000a80        0x0 /cygdrive/c/Users/Michael/Documents/CmpE 146/CmpE146Package/GNUARM/bin/../lib/gcc/arm-elf/4.3.2/../../../../arm-elf/lib/libc.a(lib_a-memcmp.o)
 .bss           0x40000a80        0x0 /cygdrive/c/Users/Michael/Documents/CmpE 146/CmpE146Package/GNUARM/bin/../lib/gcc/arm-elf/4.3.2/../../../../arm-elf/lib/libc.a(lib_a-memcpy.o)
 .bss           0x40000a80        0x0 /cygdrive/c/Users/Michael/Documents/CmpE 146/CmpE146Package/GNUARM/bin/../lib/gcc/arm-elf/4.3.2/../../../../arm-elf/lib/libc.a(lib_a-memset.o)
 .bss           0x40000a80        0x0 /cygdrive/c/Users/Michael/Documents/CmpE 146/CmpE146Package/GNUARM/bin/../lib/gcc/arm-elf/4.3.2/../../../../arm-elf/lib/libc.a(lib_a-mlock.o)
 .bss           0x40000a80        0x0 /cygdrive/c/Users/Michael/Documents/CmpE 146/CmpE146Package/GNUARM/bin/../lib/gcc/arm-elf/4.3.2/../../../../arm-elf/lib/libc.a(lib_a-siprintf.o)
 .bss           0x40000a80        0x0 /cygdrive/c/Users/Michael/Documents/CmpE 146/CmpE146Package/GNUARM/bin/../lib/gcc/arm-elf/4.3.2/../../../../arm-elf/lib/libc.a(lib_a-strcat.o)
 .bss           0x40000a80        0x0 /cygdrive/c/Users/Michael/Documents/CmpE 146/CmpE146Package/GNUARM/bin/../lib/gcc/arm-elf/4.3.2/../../../../arm-elf/lib/libc.a(lib_a-strcmp.o)
 .bss           0x40000a80        0x0 /cygdrive/c/Users/Michael/Documents/CmpE 146/CmpE146Package/GNUARM/bin/../lib/gcc/arm-elf/4.3.2/../../../../arm-elf/lib/libc.a(lib_a-strcpy.o)
 .bss           0x40000a80        0x0 /cygdrive/c/Users/Michael/Documents/CmpE 146/CmpE146Package/GNUARM/bin/../lib/gcc/arm-elf/4.3.2/../../../../arm-elf/lib/libc.a(lib_a-strlen.o)
 .bss           0x40000a80        0x0 /cygdrive/c/Users/Michael/Documents/CmpE 146/CmpE146Package/GNUARM/bin/../lib/gcc/arm-elf/4.3.2/../../../../arm-elf/lib/libc.a(lib_a-strncpy.o)
 .bss           0x40000a80        0x0 /cygdrive/c/Users/Michael/Documents/CmpE 146/CmpE146Package/GNUARM/bin/../lib/gcc/arm-elf/4.3.2/../../../../arm-elf/lib/libc.a(lib_a-strtok.o)
 .bss           0x40000a80        0x0 /cygdrive/c/Users/Michael/Documents/CmpE 146/CmpE146Package/GNUARM/bin/../lib/gcc/arm-elf/4.3.2/../../../../arm-elf/lib/libc.a(lib_a-strtok_r.o)
 .bss           0x40000a80        0x0 /cygdrive/c/Users/Michael/Documents/CmpE 146/CmpE146Package/GNUARM/bin/../lib/gcc/arm-elf/4.3.2/../../../../arm-elf/lib/libc.a(lib_a-strtol.o)
 .bss           0x40000a80        0x0 /cygdrive/c/Users/Michael/Documents/CmpE 146/CmpE146Package/GNUARM/bin/../lib/gcc/arm-elf/4.3.2/../../../../arm-elf/lib/libc.a(lib_a-vfiprintf.o)
 .bss           0x40000a80        0x0 /cygdrive/c/Users/Michael/Documents/CmpE 146/CmpE146Package/GNUARM/bin/../lib/gcc/arm-elf/4.3.2/../../../../arm-elf/lib/libc.a(lib_a-wsetup.o)
 .bss           0x40000a80        0x0 /cygdrive/c/Users/Michael/Documents/CmpE 146/CmpE146Package/GNUARM/bin/../lib/gcc/arm-elf/4.3.2/../../../../arm-elf/lib/libc.a(lib_a-ctype_.o)
 .bss           0x40000a80        0x0 /cygdrive/c/Users/Michael/Documents/CmpE 146/CmpE146Package/GNUARM/bin/../lib/gcc/arm-elf/4.3.2/../../../../arm-elf/lib/libc.a(lib_a-fflush.o)
 .bss           0x40000a80        0x0 /cygdrive/c/Users/Michael/Documents/CmpE 146/CmpE146Package/GNUARM/bin/../lib/gcc/arm-elf/4.3.2/../../../../arm-elf/lib/libc.a(lib_a-findfp.o)
 .bss           0x40000a80        0x0 /cygdrive/c/Users/Michael/Documents/CmpE 146/CmpE146Package/GNUARM/bin/../lib/gcc/arm-elf/4.3.2/../../../../arm-elf/lib/libc.a(lib_a-freer.o)
 .bss           0x40000a80        0x0 /cygdrive/c/Users/Michael/Documents/CmpE 146/CmpE146Package/GNUARM/bin/../lib/gcc/arm-elf/4.3.2/../../../../arm-elf/lib/libc.a(lib_a-fvwrite.o)
 .bss           0x40000a80        0x0 /cygdrive/c/Users/Michael/Documents/CmpE 146/CmpE146Package/GNUARM/bin/../lib/gcc/arm-elf/4.3.2/../../../../arm-elf/lib/libc.a(lib_a-fwalk.o)
 .bss           0x40000a80        0x0 /cygdrive/c/Users/Michael/Documents/CmpE 146/CmpE146Package/GNUARM/bin/../lib/gcc/arm-elf/4.3.2/../../../../arm-elf/lib/libc.a(lib_a-impure.o)
 .bss           0x40000a80        0x0 /cygdrive/c/Users/Michael/Documents/CmpE 146/CmpE146Package/GNUARM/bin/../lib/gcc/arm-elf/4.3.2/../../../../arm-elf/lib/libc.a(lib_a-makebuf.o)
 .bss           0x40000a80        0x0 /cygdrive/c/Users/Michael/Documents/CmpE 146/CmpE146Package/GNUARM/bin/../lib/gcc/arm-elf/4.3.2/../../../../arm-elf/lib/libc.a(lib_a-memchr.o)
 .bss           0x40000a80        0x0 /cygdrive/c/Users/Michael/Documents/CmpE 146/CmpE146Package/GNUARM/bin/../lib/gcc/arm-elf/4.3.2/../../../../arm-elf/lib/libc.a(lib_a-memmove.o)
 .bss           0x40000a80        0x0 /cygdrive/c/Users/Michael/Documents/CmpE 146/CmpE146Package/GNUARM/bin/../lib/gcc/arm-elf/4.3.2/../../../../arm-elf/lib/libc.a(lib_a-reallocr.o)
 .bss           0x40000a80        0x0 /cygdrive/c/Users/Michael/Documents/CmpE 146/CmpE146Package/GNUARM/bin/../lib/gcc/arm-elf/4.3.2/../../../../arm-elf/lib/libc.a(lib_a-stdio.o)
 .bss           0x40000a80        0x0 /cygdrive/c/Users/Michael/Documents/CmpE 146/CmpE146Package/GNUARM/bin/../lib/gcc/arm-elf/4.3.2/../../../../arm-elf/lib/libc.a(lib_a-fclose.o)
 COMMON         0x40000a80        0x9 ./fat/diskio.o
                0x40000a80                CardType
                0x40000a81                Timer2
                0x40000a84                SPIAccessSemaphore
                0x40000a88                Timer1
 *fill*         0x40000a89        0x3 00
 COMMON         0x40000a8c        0x8 ./drivers/i2c.o
                0x40000a8c                i2cReadCompleteSignal
                0x40000a90                i2cLock
 COMMON         0x40000a94        0x1 ./drivers/ssp_spi.o
                0x40000a94                sspSpiDummyByte
                0x40000a98                . = ALIGN (0x4)
                0x40000a98                . = ALIGN (0x4)
                0x40000a98                _end = .
                0x40000a98                _bss_end__ = .
                0x40000a98                __bss_end__ = .
                0x40000a98                __heap_beg__ = .
                0x40000a98                __heap_end__ = .
                0x40000a98                __end__ = .
                0x40000a98                PROVIDE (end, .)
OUTPUT(lpc2148_FreeRTOS_v6.elf elf32-littlearm)

.ARM.attributes
                0x00000000       0x10
 .ARM.attributes
                0x00000000       0x10 ./Startup.o
 .ARM.attributes
                0x00000010       0x10 ./main.o
 .ARM.attributes
                0x00000020       0x10 ./fat/diskio.o
 .ARM.attributes
                0x00000030       0x10 ./fat/ff.o
 .ARM.attributes
                0x00000040       0x10 ./fat/rtc.o
 .ARM.attributes
                0x00000050       0x10 ./fat/option/ccsbcs.o
 .ARM.attributes
                0x00000060       0x10 ./fat/option/reentrant.o
 .ARM.attributes
                0x00000070       0x10 ./drivers/uart/uart0.o
 .ARM.attributes
                0x00000080       0x10 ./drivers/i2c.o
 .ARM.attributes
                0x00000090       0x10 ./drivers/pcm1774.o
 .ARM.attributes
                0x000000a0       0x10 ./drivers/ssp_spi.o
 .ARM.attributes
                0x000000b0       0x10 ./drivers/sta013.o
 .ARM.attributes
                0x000000c0       0x10 ./System/cpu.o
 .ARM.attributes
                0x000000d0       0x10 ./System/crash.o
 .ARM.attributes
                0x000000e0       0x10 ./System/fiqISR.o
 .ARM.attributes
                0x000000f0       0x10 ./System/rprintf.o
 .ARM.attributes
                0x00000100       0x10 ./System/syscalls.o
 .ARM.attributes
                0x00000110       0x10 ./System/watchdog.o
 .ARM.attributes
                0x00000120       0x10 ./General/userInterface.o
 .ARM.attributes
                0x00000130       0x10 ./FreeRTOS/croutine.o
 .ARM.attributes
                0x00000140       0x10 ./FreeRTOS/heap_3.o
 .ARM.attributes
                0x00000150       0x10 ./FreeRTOS/list.o
 .ARM.attributes
                0x00000160       0x10 ./FreeRTOS/port.o
 .ARM.attributes
                0x00000170       0x10 ./FreeRTOS/portISR.o
 .ARM.attributes
                0x00000180       0x10 ./FreeRTOS/queue.o
 .ARM.attributes
                0x00000190       0x10 ./FreeRTOS/tasks.o
 .ARM.attributes
                0x000001a0       0x10 ./FreeRTOS/hooks/hooks.o
 .ARM.attributes
                0x000001b0       0x10 /cygdrive/c/Users/Michael/Documents/CmpE 146/CmpE146Package/GNUARM/bin/../lib/gcc/arm-elf/4.3.2/libgcc.a(_udivsi3.o)
 .ARM.attributes
                0x000001c0       0x10 /cygdrive/c/Users/Michael/Documents/CmpE 146/CmpE146Package/GNUARM/bin/../lib/gcc/arm-elf/4.3.2/libgcc.a(_divsi3.o)
 .ARM.attributes
                0x000001d0       0x10 /cygdrive/c/Users/Michael/Documents/CmpE 146/CmpE146Package/GNUARM/bin/../lib/gcc/arm-elf/4.3.2/libgcc.a(_umodsi3.o)
 .ARM.attributes
                0x000001e0       0x10 /cygdrive/c/Users/Michael/Documents/CmpE 146/CmpE146Package/GNUARM/bin/../lib/gcc/arm-elf/4.3.2/libgcc.a(_dvmd_tls.o)
 .ARM.attributes
                0x000001f0       0x10 /cygdrive/c/Users/Michael/Documents/CmpE 146/CmpE146Package/GNUARM/bin/../lib/gcc/arm-elf/4.3.2/libgcc.a(_divdi3.o)
 .ARM.attributes
                0x00000200       0x10 /cygdrive/c/Users/Michael/Documents/CmpE 146/CmpE146Package/GNUARM/bin/../lib/gcc/arm-elf/4.3.2/libgcc.a(_udivdi3.o)
 .ARM.attributes
                0x00000210       0x10 /cygdrive/c/Users/Michael/Documents/CmpE 146/CmpE146Package/GNUARM/bin/../lib/gcc/arm-elf/4.3.2/libgcc.a(_clz.o)
 .ARM.attributes
                0x00000220       0x10 /cygdrive/c/Users/Michael/Documents/CmpE 146/CmpE146Package/GNUARM/bin/../lib/gcc/arm-elf/4.3.2/../../../../arm-elf/lib/libc.a(lib_a-atoi.o)
 .ARM.attributes
                0x00000230       0x10 /cygdrive/c/Users/Michael/Documents/CmpE 146/CmpE146Package/GNUARM/bin/../lib/gcc/arm-elf/4.3.2/../../../../arm-elf/lib/libc.a(lib_a-iprintf.o)
 .ARM.attributes
                0x00000240       0x10 /cygdrive/c/Users/Michael/Documents/CmpE 146/CmpE146Package/GNUARM/bin/../lib/gcc/arm-elf/4.3.2/../../../../arm-elf/lib/libc.a(lib_a-malloc.o)
 .ARM.attributes
                0x00000250       0x10 /cygdrive/c/Users/Michael/Documents/CmpE 146/CmpE146Package/GNUARM/bin/../lib/gcc/arm-elf/4.3.2/../../../../arm-elf/lib/libc.a(lib_a-mallocr.o)
 .ARM.attributes
                0x00000260       0x10 /cygdrive/c/Users/Michael/Documents/CmpE 146/CmpE146Package/GNUARM/bin/../lib/gcc/arm-elf/4.3.2/../../../../arm-elf/lib/libc.a(lib_a-memcmp.o)
 .ARM.attributes
                0x00000270       0x10 /cygdrive/c/Users/Michael/Documents/CmpE 146/CmpE146Package/GNUARM/bin/../lib/gcc/arm-elf/4.3.2/../../../../arm-elf/lib/libc.a(lib_a-memcpy.o)
 .ARM.attributes
                0x00000280       0x10 /cygdrive/c/Users/Michael/Documents/CmpE 146/CmpE146Package/GNUARM/bin/../lib/gcc/arm-elf/4.3.2/../../../../arm-elf/lib/libc.a(lib_a-memset.o)
 .ARM.attributes
                0x00000290       0x10 /cygdrive/c/Users/Michael/Documents/CmpE 146/CmpE146Package/GNUARM/bin/../lib/gcc/arm-elf/4.3.2/../../../../arm-elf/lib/libc.a(lib_a-mlock.o)
 .ARM.attributes
                0x000002a0       0x10 /cygdrive/c/Users/Michael/Documents/CmpE 146/CmpE146Package/GNUARM/bin/../lib/gcc/arm-elf/4.3.2/../../../../arm-elf/lib/libc.a(lib_a-siprintf.o)
 .ARM.attributes
                0x000002b0       0x10 /cygdrive/c/Users/Michael/Documents/CmpE 146/CmpE146Package/GNUARM/bin/../lib/gcc/arm-elf/4.3.2/../../../../arm-elf/lib/libc.a(lib_a-strcat.o)
 .ARM.attributes
                0x000002c0       0x10 /cygdrive/c/Users/Michael/Documents/CmpE 146/CmpE146Package/GNUARM/bin/../lib/gcc/arm-elf/4.3.2/../../../../arm-elf/lib/libc.a(lib_a-strcmp.o)
 .ARM.attributes
                0x000002d0       0x10 /cygdrive/c/Users/Michael/Documents/CmpE 146/CmpE146Package/GNUARM/bin/../lib/gcc/arm-elf/4.3.2/../../../../arm-elf/lib/libc.a(lib_a-strcpy.o)
 .ARM.attributes
                0x000002e0       0x10 /cygdrive/c/Users/Michael/Documents/CmpE 146/CmpE146Package/GNUARM/bin/../lib/gcc/arm-elf/4.3.2/../../../../arm-elf/lib/libc.a(lib_a-strlen.o)
 .ARM.attributes
                0x000002f0       0x10 /cygdrive/c/Users/Michael/Documents/CmpE 146/CmpE146Package/GNUARM/bin/../lib/gcc/arm-elf/4.3.2/../../../../arm-elf/lib/libc.a(lib_a-strncpy.o)
 .ARM.attributes
                0x00000300       0x10 /cygdrive/c/Users/Michael/Documents/CmpE 146/CmpE146Package/GNUARM/bin/../lib/gcc/arm-elf/4.3.2/../../../../arm-elf/lib/libc.a(lib_a-strtok.o)
 .ARM.attributes
                0x00000310       0x10 /cygdrive/c/Users/Michael/Documents/CmpE 146/CmpE146Package/GNUARM/bin/../lib/gcc/arm-elf/4.3.2/../../../../arm-elf/lib/libc.a(lib_a-strtok_r.o)
 .ARM.attributes
                0x00000320       0x10 /cygdrive/c/Users/Michael/Documents/CmpE 146/CmpE146Package/GNUARM/bin/../lib/gcc/arm-elf/4.3.2/../../../../arm-elf/lib/libc.a(lib_a-strtol.o)
 .ARM.attributes
                0x00000330       0x10 /cygdrive/c/Users/Michael/Documents/CmpE 146/CmpE146Package/GNUARM/bin/../lib/gcc/arm-elf/4.3.2/../../../../arm-elf/lib/libc.a(lib_a-vfiprintf.o)
 .ARM.attributes
                0x00000340       0x10 /cygdrive/c/Users/Michael/Documents/CmpE 146/CmpE146Package/GNUARM/bin/../lib/gcc/arm-elf/4.3.2/../../../../arm-elf/lib/libc.a(lib_a-wsetup.o)
 .ARM.attributes
                0x00000350       0x10 /cygdrive/c/Users/Michael/Documents/CmpE 146/CmpE146Package/GNUARM/bin/../lib/gcc/arm-elf/4.3.2/../../../../arm-elf/lib/libc.a(lib_a-ctype_.o)
 .ARM.attributes
                0x00000360       0x10 /cygdrive/c/Users/Michael/Documents/CmpE 146/CmpE146Package/GNUARM/bin/../lib/gcc/arm-elf/4.3.2/../../../../arm-elf/lib/libc.a(lib_a-fflush.o)
 .ARM.attributes
                0x00000370       0x10 /cygdrive/c/Users/Michael/Documents/CmpE 146/CmpE146Package/GNUARM/bin/../lib/gcc/arm-elf/4.3.2/../../../../arm-elf/lib/libc.a(lib_a-findfp.o)
 .ARM.attributes
                0x00000380       0x10 /cygdrive/c/Users/Michael/Documents/CmpE 146/CmpE146Package/GNUARM/bin/../lib/gcc/arm-elf/4.3.2/../../../../arm-elf/lib/libc.a(lib_a-freer.o)
 .ARM.attributes
                0x00000390       0x10 /cygdrive/c/Users/Michael/Documents/CmpE 146/CmpE146Package/GNUARM/bin/../lib/gcc/arm-elf/4.3.2/../../../../arm-elf/lib/libc.a(lib_a-fvwrite.o)
 .ARM.attributes
                0x000003a0       0x10 /cygdrive/c/Users/Michael/Documents/CmpE 146/CmpE146Package/GNUARM/bin/../lib/gcc/arm-elf/4.3.2/../../../../arm-elf/lib/libc.a(lib_a-fwalk.o)
 .ARM.attributes
                0x000003b0       0x10 /cygdrive/c/Users/Michael/Documents/CmpE 146/CmpE146Package/GNUARM/bin/../lib/gcc/arm-elf/4.3.2/../../../../arm-elf/lib/libc.a(lib_a-impure.o)
 .ARM.attributes
                0x000003c0       0x10 /cygdrive/c/Users/Michael/Documents/CmpE 146/CmpE146Package/GNUARM/bin/../lib/gcc/arm-elf/4.3.2/../../../../arm-elf/lib/libc.a(lib_a-makebuf.o)
 .ARM.attributes
                0x000003d0       0x10 /cygdrive/c/Users/Michael/Documents/CmpE 146/CmpE146Package/GNUARM/bin/../lib/gcc/arm-elf/4.3.2/../../../../arm-elf/lib/libc.a(lib_a-memchr.o)
 .ARM.attributes
                0x000003e0       0x10 /cygdrive/c/Users/Michael/Documents/CmpE 146/CmpE146Package/GNUARM/bin/../lib/gcc/arm-elf/4.3.2/../../../../arm-elf/lib/libc.a(lib_a-memmove.o)
 .ARM.attributes
                0x000003f0       0x10 /cygdrive/c/Users/Michael/Documents/CmpE 146/CmpE146Package/GNUARM/bin/../lib/gcc/arm-elf/4.3.2/../../../../arm-elf/lib/libc.a(lib_a-reallocr.o)
 .ARM.attributes
                0x00000400       0x10 /cygdrive/c/Users/Michael/Documents/CmpE 146/CmpE146Package/GNUARM/bin/../lib/gcc/arm-elf/4.3.2/../../../../arm-elf/lib/libc.a(lib_a-stdio.o)
 .ARM.attributes
                0x00000410       0x10 /cygdrive/c/Users/Michael/Documents/CmpE 146/CmpE146Package/GNUARM/bin/../lib/gcc/arm-elf/4.3.2/../../../../arm-elf/lib/libc.a(lib_a-fclose.o)

.comment        0x00000000      0x44a
 .comment       0x00000000       0x12 ./main.o
 .comment       0x00000012       0x12 ./fat/diskio.o
 .comment       0x00000024       0x12 ./fat/ff.o
 .comment       0x00000036       0x12 ./fat/rtc.o
 .comment       0x00000048       0x12 ./fat/option/ccsbcs.o
 .comment       0x0000005a       0x12 ./fat/option/reentrant.o
 .comment       0x0000006c       0x12 ./drivers/uart/uart0.o
 .comment       0x0000007e       0x12 ./drivers/i2c.o
 .comment       0x00000090       0x12 ./drivers/pcm1774.o
 .comment       0x000000a2       0x12 ./drivers/ssp_spi.o
 .comment       0x000000b4       0x12 ./drivers/sta013.o
 .comment       0x000000c6       0x12 ./System/cpu.o
 .comment       0x000000d8       0x12 ./System/crash.o
 .comment       0x000000ea       0x12 ./System/fiqISR.o
 .comment       0x000000fc       0x12 ./System/rprintf.o
 .comment       0x0000010e       0x12 ./System/syscalls.o
 .comment       0x00000120       0x12 ./System/watchdog.o
 .comment       0x00000132       0x12 ./General/userInterface.o
 .comment       0x00000144       0x12 ./FreeRTOS/croutine.o
 .comment       0x00000156       0x12 ./FreeRTOS/heap_3.o
 .comment       0x00000168       0x12 ./FreeRTOS/list.o
 .comment       0x0000017a       0x12 ./FreeRTOS/port.o
 .comment       0x0000018c       0x12 ./FreeRTOS/portISR.o
 .comment       0x0000019e       0x12 ./FreeRTOS/queue.o
 .comment       0x000001b0       0x12 ./FreeRTOS/tasks.o