Archive member included because of file (symbol)

/cygdrive/c/CmpE146Package/GNUARM/bin/../lib/gcc/arm-elf/4.3.2/libgcc.a(_udivsi3.o)
                              ./fat/ff.o (__udivsi3)
/cygdrive/c/CmpE146Package/GNUARM/bin/../lib/gcc/arm-elf/4.3.2/libgcc.a(_divsi3.o)
                              ./fat/ff.o (__divsi3)
/cygdrive/c/CmpE146Package/GNUARM/bin/../lib/gcc/arm-elf/4.3.2/libgcc.a(_umodsi3.o)
                              ./System/rprintf.o (__umodsi3)
/cygdrive/c/CmpE146Package/GNUARM/bin/../lib/gcc/arm-elf/4.3.2/libgcc.a(_dvmd_tls.o)
                              /cygdrive/c/CmpE146Package/GNUARM/bin/../lib/gcc/arm-elf/4.3.2/libgcc.a(_udivsi3.o) (__div0)
/cygdrive/c/CmpE146Package/GNUARM/bin/../lib/gcc/arm-elf/4.3.2/libgcc.a(_divdi3.o)
                              ./FreeRTOS/tasks.o (__divdi3)
/cygdrive/c/CmpE146Package/GNUARM/bin/../lib/gcc/arm-elf/4.3.2/libgcc.a(_udivdi3.o)
                              ./FreeRTOS/tasks.o (__udivdi3)
/cygdrive/c/CmpE146Package/GNUARM/bin/../lib/gcc/arm-elf/4.3.2/libgcc.a(_clz.o)
                              /cygdrive/c/CmpE146Package/GNUARM/bin/../lib/gcc/arm-elf/4.3.2/libgcc.a(_divdi3.o) (__clz_tab)
/cygdrive/c/CmpE146Package/GNUARM/bin/../lib/gcc/arm-elf/4.3.2/../../../../arm-elf/lib/libc.a(lib_a-atoi.o)
                              ./General/userInterface.o (atoi)
/cygdrive/c/CmpE146Package/GNUARM/bin/../lib/gcc/arm-elf/4.3.2/../../../../arm-elf/lib/libc.a(lib_a-iprintf.o)
                              ./General/userInterface.o (iprintf)
/cygdrive/c/CmpE146Package/GNUARM/bin/../lib/gcc/arm-elf/4.3.2/../../../../arm-elf/lib/libc.a(lib_a-malloc.o)
                              ./FreeRTOS/heap_3.o (free)
/cygdrive/c/CmpE146Package/GNUARM/bin/../lib/gcc/arm-elf/4.3.2/../../../../arm-elf/lib/libc.a(lib_a-mallocr.o)
                              /cygdrive/c/CmpE146Package/GNUARM/bin/../lib/gcc/arm-elf/4.3.2/../../../../arm-elf/lib/libc.a(lib_a-malloc.o) (_malloc_r)
/cygdrive/c/CmpE146Package/GNUARM/bin/../lib/gcc/arm-elf/4.3.2/../../../../arm-elf/lib/libc.a(lib_a-memcmp.o)
                              ./FreeRTOS/tasks.o (memcmp)
/cygdrive/c/CmpE146Package/GNUARM/bin/../lib/gcc/arm-elf/4.3.2/../../../../arm-elf/lib/libc.a(lib_a-memcpy.o)
                              ./drivers/i2c.o (memcpy)
/cygdrive/c/CmpE146Package/GNUARM/bin/../lib/gcc/arm-elf/4.3.2/../../../../arm-elf/lib/libc.a(lib_a-memset.o)
                              ./System/crash.o (memset)
/cygdrive/c/CmpE146Package/GNUARM/bin/../lib/gcc/arm-elf/4.3.2/../../../../arm-elf/lib/libc.a(lib_a-mlock.o)
                              /cygdrive/c/CmpE146Package/GNUARM/bin/../lib/gcc/arm-elf/4.3.2/../../../../arm-elf/lib/libc.a(lib_a-mallocr.o) (__malloc_lock)
/cygdrive/c/CmpE146Package/GNUARM/bin/../lib/gcc/arm-elf/4.3.2/../../../../arm-elf/lib/libc.a(lib_a-siprintf.o)
                              ./FreeRTOS/tasks.o (siprintf)
/cygdrive/c/CmpE146Package/GNUARM/bin/../lib/gcc/arm-elf/4.3.2/../../../../arm-elf/lib/libc.a(lib_a-strcmp.o)
                              ./General/userInterface.o (strcmp)
/cygdrive/c/CmpE146Package/GNUARM/bin/../lib/gcc/arm-elf/4.3.2/../../../../arm-elf/lib/libc.a(lib_a-strlen.o)
                              ./FreeRTOS/tasks.o (strlen)
/cygdrive/c/CmpE146Package/GNUARM/bin/../lib/gcc/arm-elf/4.3.2/../../../../arm-elf/lib/libc.a(lib_a-strncpy.o)
                              ./FreeRTOS/tasks.o (strncpy)
/cygdrive/c/CmpE146Package/GNUARM/bin/../lib/gcc/arm-elf/4.3.2/../../../../arm-elf/lib/libc.a(lib_a-strtok.o)
                              ./General/userInterface.o (strtok)
/cygdrive/c/CmpE146Package/GNUARM/bin/../lib/gcc/arm-elf/4.3.2/../../../../arm-elf/lib/libc.a(lib_a-strtok_r.o)
                              /cygdrive/c/CmpE146Package/GNUARM/bin/../lib/gcc/arm-elf/4.3.2/../../../../arm-elf/lib/libc.a(lib_a-strtok.o) (__strtok_r)
/cygdrive/c/CmpE146Package/GNUARM/bin/../lib/gcc/arm-elf/4.3.2/../../../../arm-elf/lib/libc.a(lib_a-strtol.o)
                              /cygdrive/c/CmpE146Package/GNUARM/bin/../lib/gcc/arm-elf/4.3.2/../../../../arm-elf/lib/libc.a(lib_a-atoi.o) (_strtol_r)
/cygdrive/c/CmpE146Package/GNUARM/bin/../lib/gcc/arm-elf/4.3.2/../../../../arm-elf/lib/libc.a(lib_a-vfiprintf.o)
                              /cygdrive/c/CmpE146Package/GNUARM/bin/../lib/gcc/arm-elf/4.3.2/../../../../arm-elf/lib/libc.a(lib_a-iprintf.o) (_vfiprintf_r)
/cygdrive/c/CmpE146Package/GNUARM/bin/../lib/gcc/arm-elf/4.3.2/../../../../arm-elf/lib/libc.a(lib_a-wsetup.o)
                              /cygdrive/c/CmpE146Package/GNUARM/bin/../lib/gcc/arm-elf/4.3.2/../../../../arm-elf/lib/libc.a(lib_a-vfiprintf.o) (__swsetup_r)
/cygdrive/c/CmpE146Package/GNUARM/bin/../lib/gcc/arm-elf/4.3.2/../../../../arm-elf/lib/libc.a(lib_a-ctype_.o)
                              /cygdrive/c/CmpE146Package/GNUARM/bin/../lib/gcc/arm-elf/4.3.2/../../../../arm-elf/lib/libc.a(lib_a-strtol.o) (__ctype_ptr)
[...]
Memory Configuration

Name             Origin             Length             Attributes
flash            0x00001000         0x0007c000         xr
ram              0x40000000         0x00007fe0         rw
*default*        0x00000000         0xffffffff

Linker script and memory map

LOAD ./Startup.o
LOAD ./main.o
LOAD ./fat/diskio.o
LOAD ./fat/ff.o
LOAD ./fat/rtc.o
LOAD ./fat/option/ccsbcs.o
LOAD ./fat/option/reentrant.o
LOAD ./drivers/uart/uart0.o
LOAD ./drivers/i2c.o
LOAD ./drivers/pcm1774.o
LOAD ./drivers/ssp_spi.o
LOAD ./drivers/sta013.o
LOAD ./System/cpu.o
LOAD ./System/crash.o
LOAD ./System/fiqISR.o
LOAD ./System/rprintf.o
LOAD ./System/syscalls.o
LOAD ./System/watchdog.o
LOAD ./General/userInterface.o
LOAD ./FreeRTOS/croutine.o
LOAD ./FreeRTOS/heap_3.o
LOAD ./FreeRTOS/list.o
LOAD ./FreeRTOS/port.o
LOAD ./FreeRTOS/portISR.o
LOAD ./FreeRTOS/queue.o
LOAD ./FreeRTOS/tasks.o
LOAD ./FreeRTOS/hooks/hooks.o
START GROUP
LOAD /cygdrive/c/CmpE146Package/GNUARM/bin/../lib/gcc/arm-elf/4.3.2/libgcc.a
LOAD /cygdrive/c/CmpE146Package/GNUARM/bin/../lib/gcc/arm-elf/4.3.2/../../../../arm-elf/lib/libc.a
END GROUP
                0x40007fdc                __stack_end__ = 0x40007fdc
                0x00000000                . = 0x0

startup         0x00001000      0x168
                0x00001000                __start_of_startup__ = .
 *(.startup)
 .startup       0x00001000      0x168 ./Startup.o
                0x00001168                __end_of_startup__ = .

.ctors          0x00001168        0x0
                0x00001168                PROVIDE (__ctors_start__, .)
 *(SORT(.ctors.*))
 *(.ctors)
                0x00001168                PROVIDE (__ctors_end__, .)

.dtors          0x00001168        0x0
                0x00001168                PROVIDE (__dtors_start__, .)
 *(SORT(.dtors.*))
 *(.dtors)
                0x00001168                PROVIDE (__dtors_end__, .)
                0x00001168                . = ALIGN (0x4)

prog            0x00001168     0xfe08
                0x00001168                __start_of_text__ = .
                0x00001168                __start_of_prog__ = .
 *(.text)
 .text          0x00001168      0x144 ./Startup.o
                0x00001168                start
 .text          0x000012ac      0x120 ./main.o
                0x000013b8                diskTimer
                0x000012ac                main
 .text          0x000013cc      0xcc4 ./fat/diskio.o
                0x000015a4                wait_ready
                0x00001e94                disk_initialize
                0x00001460                disk_status
                0x00001b04                disk_ioctl
                0x000017b8                getSDCardInfo
                0x000016b4                xmit_datablock
                0x000013cc                diskio_initializeSPIMutex
                0x00001500                rcvr_datablock
                0x0000147c                disk_timerproc
                0x00001444                chk_power
                0x00001ad4                power_off
                0x00001774                get_spi
                0x000015e0                send_cmd
                0x000018cc                disk_write
                0x000013dc                initialize_SdCardSignals
                0x00001734                release_spi
                0x000019e4                disk_read
                0x00001440                power_on
 .text          0x00002090     0x3614 ./fat/ff.o
                0x00002ae8                get_fat
                0x00003d70                f_rename
                0x00004280                f_truncate
                0x000020b4                gen_numname
                0x00004128                f_unlink
                0x000053d4                f_close
                0x00004cf8                f_read
                0x0000457c                f_readdir
                0x00004074                f_chmod
                0x000052a4                f_sync
                0x00005630                f_mount
                0x00004638                f_opendir
                0x00002960                put_fat
                0x00004704                f_lseek
                0x000044f4                f_stat
                0x00002090                clust2sect
                0x00003fb8                f_utime
                0x000049b4                f_write
                0x000053ec                f_open
                0x00004fb0                f_mkdir
                0x00004384                f_getfree
 .text          0x000056a4      0x15c ./fat/rtc.o
                0x000056cc                rtc_gettime
                0x000056a4                initialize_RTC
                0x000057b0                get_fattime
                0x0000574c                rtc_settime
 .text          0x00005800       0xb4 ./fat/option/ccsbcs.o
                0x00005874                ff_wtoupper
                0x00005800                ff_convert
 .text          0x000058b4       0x5c ./fat/option/reentrant.o
                0x000058b4                ff_del_syncobj
                0x000058f4                ff_cre_syncobj
                0x000058bc                ff_rel_grant
                0x000058cc                ff_req_grant
 .text          0x00005910      0x460 ./drivers/uart/uart0.o
                0x0000596c                uart0GetChar
                0x00005944                uart0PutCharPolling
                0x00005a50                uart0Init
                0x00005910                uart0Deinit
                0x00005b90                uart0ISR
                0x0000599c                uart0PutChar
 .text          0x00005d70      0x744 ./drivers/i2c.o
                0x00006280                initialize_I2C0
                0x00006178                i2cWriteDeviceRegister
                0x00005d70                i2cStateMachine
                0x000061d8                i2cReadDeviceRegister
                0x0000610c                i2cKickOffTransfer
 .text          0x000064b4      0x748 ./drivers/pcm1774.o
                0x000065b4                pcm1774_bassBoost
                0x00006500                pcm1774_sendByte
                0x0000692c                pcm1774_LineOutputConfiguration
                0x00006ab0                pcm1774_ConnectDigitalOutputs
                0x000064b4                pcm1774_readByte
                0x0000691c                pcm1774_PowerUpVcom
                0x00006a50                pcm1774_DigitalInterfaceSelection
                0x00006a80                pcm1774_DigitalDeEmphasisFilter
                0x000069e4                pcm1774_PowerUpMixer
                0x000068dc                pcm1774_setShortCircuitProtectionRight
                0x00006810                pcm1774_redirectAnalogInputToLeftOutput
                0x000069d4                pcm1774_PowerUpAnalogBiasControl
                0x00006b60                pcm1774_3dSoundEffect
                0x000067d4                pcm1774_redirectAnalogInputToRightOutput
                0x000064e0                pcm1774_readShortCircuitStatusLeft
                0x00006604                pcm1774_DigitalVolume
                0x00006694                initialize_pcm1774
                0x00006514                pcm1774_trebleBoost
                0x00006ba4                pcm1774_Reset
                0x00006564                pcm1774_middleBoost
                0x00006a20                pcm1774_DigitalGainControl
                0x000068b0                pcm1774_PowerUpGainAmplifierAnalog
                0x00006788                pcm1774_bitMask
                0x0000697c                pcm1774_PowerUpAnalog
                0x000069a8                pcm1774_PowerUpDAC
                0x00006884                pcm1774_selectAnalogInput
                0x000068fc                pcm1774_setShortCircuitProtectionLeft
                0x0000664c                pcm1774_OutputVolume
                0x00006a10                pcm1774_DigitalOversamplingControl
                0x0000684c                pcm1774_gainAmplifierAnalogInput
                0x000064c0                pcm1774_readShortCircuitStatusRight
                0x00006adc                pcm1774_LoadDefaultDigitalConfiguration
 .text          0x00006bfc       0x88 ./drivers/ssp_spi.o
                0x00006bfc                initialize_SSPSPI
                0x00006c70                setSSPSPI_Divider
                0x00006c40                rxTxByteSSPSPI
 .text          0x00006c84      0x558 ./drivers/sta013.o
                0x0000708c                sta013GetAverageBitrate
                0x00006dbc                sta013SetVolume
                0x00006e90                sta013StopDecoder
                0x00006e40                sta013ResumeDecoder
                0x00006e68                sta013PauseDecoder
                0x00007034                sta013DownloadUpdate
                0x00006ec8                sta013StartDecoder
                0x00007080                sta013ReadReg
                0x00007138                initialize_sta013
                0x000070a8                sta013GetMP3Info
                0x00006c84                sta013HWReset
                0x00006cf8                sta013WriteReg
                0x00006d0c                sta013SetTone
 .text          0x000071dc      0x120 ./System/cpu.o
                0x00007280                cpuPrintMemoryInfo
                0x000071dc                cpuSetupHardware
                0x0000727c                cpuSetupFIQISR
 .text          0x000072fc      0x4f8 ./System/crash.o
                0x0000735c                clearCrashInfo
                0x000072fc                didSystemCrash
                0x00007340                performPABORTCrash
                0x000073b8                printCrashInfo
                0x0000734c                performDABORTCrash
                0x00007338                performUndefinedInstructionCrash
 .text          0x000077f4        0x4 ./System/fiqISR.o
                0x000077f4                fiqISR
 .text          0x000077f8      0x264 ./System/rprintf.o
                0x000077f8                rprintf_devopen
                0x00007848                rprintf
 .text          0x00007a5c      0x128 ./System/syscalls.o
                0x00007a64                _lseek_r
                0x00007b54                _kill_r
                0x00007a6c                _fstat_r
                0x00007a7c                isatty
                0x00007b6c                _getpid_r
                0x00007a84                _sbrk_r
                0x00007b14                _read_r
                0x00007a5c                _close_r
                0x00007ad8                _write_r
 .text          0x00007b84       0xd4 ./System/watchdog.o
                0x00007bb4                watchdog_Start
                0x00007b84                watchdog_Reset
                0x00007b9c                watchdog_Feed
                0x00007bfc                watchdogDelayUs
                0x00007bdc                watchdog_Stop
 .text          0x00007c58      0x77c ./General/userInterface.o
                0x00007cfc                printLine
                0x00007d08                uartUI
                0x00007c58                getUartLine
 .text          0x000083d4        0x0 ./FreeRTOS/croutine.o
 .text          0x000083d4       0x4c ./FreeRTOS/heap_3.o
                0x000083d4                vPortFree
                0x000083f4                pvPortMalloc
 .text          0x00008420       0xf4 ./FreeRTOS/list.o
                0x00008450                vListInsertEnd
                0x000084d8                vListRemove
                0x00008444                vListInitialiseItem
                0x00008420                vListInitialise
                0x00008484                vListInsert
 .text          0x00008514      0x1c0 ./FreeRTOS/port.o
                0x00008668                xPortStartScheduler
                0x00008664                vPortEndScheduler
                0x00008514                pxPortInitialiseStack
 .text          0x000086d4      0x228 ./FreeRTOS/portISR.o
                0x000087c4                vTickISR
                0x000088b0                vPortExitCritical
                0x00008720                vPortYieldProcessor
                0x000086d4                vPortISRStartFirstTask
                0x00008884                vPortEnterCritical
 .text          0x000088fc      0x6f8 ./FreeRTOS/queue.o
                0x00008d30                xQueueGenericSendFromISR
                0x00008f58                xQueueCreate
                0x0000892c                vQueueDelete
                0x00008da0                xQueueGenericSend
                0x00008964                xQueueReceiveFromISR
                0x00008914                xQueueIsQueueFullFromISR
                0x00008948                uxQueueMessagesWaiting
                0x00008ab0                xQueueGenericReceive
                0x000088fc                uxQueueMessagesWaitingFromISR
                0x00008904                xQueueIsQueueEmptyFromISR
                0x00008ee8                xQueueCreateMutex
 .text          0x00008ff4     0x163c ./FreeRTOS/tasks.o
                0x00009fbc                vTaskGetRunTimeStats
                0x00009a80                uxTaskPriorityGet
                0x00009994                vTaskPrioritySet
                0x0000a30c                vTaskEndScheduler
                0x00009ab0                vTaskPlaceOnEventList
                0x0000a340                xTaskGenericCreate
                0x00008ff4                xTaskIsTaskSuspended
                0x00009100                uxTaskGetStackHighWaterMark
                0x00009408                xTaskResumeFromISR
                0x00009094                runTimeStatISRExit
                0x0000956c                ulTaskEndTrace
                0x000095fc                xTaskGetTickCount
                0x0000924c                xTaskRemoveFromEventList
                0x000095a8                vTaskStartTrace
                0x000094d0                xTaskCheckForTimeOut
                0x00009030                vTaskSuspendAll
                0x00009144                vTaskPriorityDisinherit
                0x000091ac                vTaskPriorityInherit
                0x00009860                vTaskResume
                0x00009c8c                vTaskSwitchContext
                0x0000991c                vTaskSuspend
                0x00009048                uxTaskGetNumberOfTasks
                0x000092f0                vTaskIncrementTick
                0x00009764                uxTaskGetIdlePercentage
                0x0000a228                vTaskList
                0x00009bc4                vTaskDelayUntil
                0x00009134                xTaskGetCurrentTaskHandle
                0x0000961c                xTaskResumeAll
                0x0000a590                vTaskStartScheduler
                0x000090ec                vTaskMissedYield
                0x00009058                runTimeStatISREntry
                0x00009b3c                vTaskDelay
                0x000090cc                vTaskSetTimeOutState
 .text          0x0000a630       0x6c ./FreeRTOS/hooks/hooks.o
                0x0000a648                vApplicationMallocFailedHook
                0x0000a668                vApplicationStackOverflowHook
                0x0000a630                vApplicationIdleHook
 .text          0x0000a69c      0x110 /cygdrive/c/CmpE146Package/GNUARM/bin/../lib/gcc/arm-elf/4.3.2/libgcc.a(_udivsi3.o)
                0x0000a69c                __udivsi3
                0x0000a69c                __aeabi_uidiv
                0x0000a794                __aeabi_uidivmod
 .text          0x0000a7ac      0x140 /cygdrive/c/CmpE146Package/GNUARM/bin/../lib/gcc/arm-elf/4.3.2/libgcc.a(_divsi3.o)
                0x0000a7ac                __aeabi_idiv
                0x0000a7ac                __divsi3
                0x0000a8d4                __aeabi_idivmod
 .text          0x0000a8ec       0xcc /cygdrive/c/CmpE146Package/GNUARM/bin/../lib/gcc/arm-elf/4.3.2/libgcc.a(_umodsi3.o)
                0x0000a8ec                __umodsi3
 .text          0x0000a9b8        0x4 /cygdrive/c/CmpE146Package/GNUARM/bin/../lib/gcc/arm-elf/4.3.2/libgcc.a(_dvmd_tls.o)
                0x0000a9b8                __aeabi_ldiv0
                0x0000a9b8                __div0
                0x0000a9b8                __aeabi_idiv0
 .text          0x0000a9bc      0x590 /cygdrive/c/CmpE146Package/GNUARM/bin/../lib/gcc/arm-elf/4.3.2/libgcc.a(_divdi3.o)
                0x0000a9bc                __divdi3
 .text          0x0000af4c      0x520 /cygdrive/c/CmpE146Package/GNUARM/bin/../lib/gcc/arm-elf/4.3.2/libgcc.a(_udivdi3.o)
                0x0000af4c                __udivdi3
 .text          0x0000b46c        0x0 /cygdrive/c/CmpE146Package/GNUARM/bin/../lib/gcc/arm-elf/4.3.2/libgcc.a(_clz.o)
 .text          0x0000b46c       0x18 /cygdrive/c/CmpE146Package/GNUARM/bin/../lib/gcc/arm-elf/4.3.2/../../../../arm-elf/lib/libc.a(lib_a-atoi.o)
                0x0000b46c                _atoi_r
                0x0000b478                atoi
 .text          0x0000b484       0x54 /cygdrive/c/CmpE146Package/GNUARM/bin/../lib/gcc/arm-elf/4.3.2/../../../../arm-elf/lib/libc.a(lib_a-iprintf.o)
                0x0000b484                _iprintf_r
                0x0000b4a8                iprintf
 .text          0x0000b4d8       0x28 /cygdrive/c/CmpE146Package/GNUARM/bin/../lib/gcc/arm-elf/4.3.2/../../../../arm-elf/lib/libc.a(lib_a-malloc.o)
                0x0000b4ec                malloc
                0x0000b4d8                free
 .text          0x0000b500      0x734 /cygdrive/c/CmpE146Package/GNUARM/bin/../lib/gcc/arm-elf/4.3.2/../../../../arm-elf/lib/libc.a(lib_a-mallocr.o)
                0x0000b500                _malloc_r
 .text          0x0000bc34       0xac /cygdrive/c/CmpE146Package/GNUARM/bin/../lib/gcc/arm-elf/4.3.2/../../../../arm-elf/lib/libc.a(lib_a-memcmp.o)
                0x0000bc34                memcmp
 .text          0x0000bce0       0xfc /cygdrive/c/CmpE146Package/GNUARM/bin/../lib/gcc/arm-elf/4.3.2/../../../../arm-elf/lib/libc.a(lib_a-memcpy.o)
                0x0000bce0                memcpy
 .text          0x0000bddc       0xd0 /cygdrive/c/CmpE146Package/GNUARM/bin/../lib/gcc/arm-elf/4.3.2/../../../../arm-elf/lib/libc.a(lib_a-memset.o)
                0x0000bddc                memset
 .text          0x0000beac        0x8 /cygdrive/c/CmpE146Package/GNUARM/bin/../lib/gcc/arm-elf/4.3.2/../../../../arm-elf/lib/libc.a(lib_a-mlock.o)
                0x0000beb0                __malloc_unlock
                0x0000beac                __malloc_lock
 .text          0x0000beb4       0xcc /cygdrive/c/CmpE146Package/GNUARM/bin/../lib/gcc/arm-elf/4.3.2/../../../../arm-elf/lib/libc.a(lib_a-siprintf.o)
                0x0000bf20                _siprintf_r
                0x0000beb4                siprintf
 .text          0x0000bf80       0xe8 /cygdrive/c/CmpE146Package/GNUARM/bin/../lib/gcc/arm-elf/4.3.2/../../../../arm-elf/lib/libc.a(lib_a-strcmp.o)
                0x0000bf80                strcmp
 .text          0x0000c068       0x9c /cygdrive/c/CmpE146Package/GNUARM/bin/../lib/gcc/arm-elf/4.3.2/../../../../arm-elf/lib/libc.a(lib_a-strlen.o)
                0x0000c068                strlen
 .text          0x0000c104      0x10c /cygdrive/c/CmpE146Package/GNUARM/bin/../lib/gcc/arm-elf/4.3.2/../../../../arm-elf/lib/libc.a(lib_a-strncpy.o)
                0x0000c104                strncpy
 .text          0x0000c210       0x18 /cygdrive/c/CmpE146Package/GNUARM/bin/../lib/gcc/arm-elf/4.3.2/../../../../arm-elf/lib/libc.a(lib_a-strtok.o)
                0x0000c210                strtok
 .text          0x0000c228       0xd0 /cygdrive/c/CmpE146Package/GNUARM/bin/../lib/gcc/arm-elf/4.3.2/../../../../arm-elf/lib/libc.a(lib_a-strtok_r.o)
                0x0000c2f0                strtok_r
                0x0000c228                __strtok_r
 .text          0x0000c2f8      0x1e0 /cygdrive/c/CmpE146Package/GNUARM/bin/../lib/gcc/arm-elf/4.3.2/../../../../arm-elf/lib/libc.a(lib_a-strtol.o)
                0x0000c4ac                strtol
                0x0000c2f8                _strtol_r
 .text          0x0000c4d8      0xff0 /cygdrive/c/CmpE146Package/GNUARM/bin/../lib/gcc/arm-elf/4.3.2/../../../../arm-elf/lib/libc.a(lib_a-vfiprintf.o)
                0x0000d49c                vfiprintf
                0x0000c508                _vfiprintf_r
 .text          0x0000d4c8      0x144 /cygdrive/c/CmpE146Package/GNUARM/bin/../lib/gcc/arm-elf/4.3.2/../../../../arm-elf/lib/libc.a(lib_a-wsetup.o)
                0x0000d4c8                __swsetup_r
 .text          0x0000d60c        0x0 /cygdrive/c/CmpE146Package/GNUARM/bin/../lib/gcc/arm-elf/4.3.2/../../../../arm-elf/lib/libc.a(lib_a-ctype_.o)
 .text          0x0000d60c      0x1dc /cygdrive/c/CmpE146Package/GNUARM/bin/../lib/gcc/arm-elf/4.3.2/../../../../arm-elf/lib/libc.a(lib_a-fflush.o)
                0x0000d7b4                fflush
                0x0000d60c                _fflush_r
 .text          0x0000d7e8      0x2ac /cygdrive/c/CmpE146Package/GNUARM/bin/../lib/gcc/arm-elf/4.3.2/../../../../arm-elf/lib/libc.a(lib_a-findfp.o)
                0x0000d7e8                __sinit
                0x0000d978                __sfmoreglue
                0x0000d960                _cleanup
                0x0000d954                _cleanup_r
                0x0000d93c                __fp_lock_all
                0x0000d904                __sfp_lock_acquire
                0x0000d9c0                __sfp
                0x0000d910                __sinit_lock_release
                0x0000d924                __fp_unlock_all
                0x0000d908                __sfp_lock_release
                0x0000d90c                __sinit_lock_acquire
 .text          0x0000da94      0x370 /cygdrive/c/CmpE146Package/GNUARM/bin/../lib/gcc/arm-elf/4.3.2/../../../../arm-elf/lib/libc.a(lib_a-freer.o)
                0x0000db8c                _free_r
                0x0000da94                _malloc_trim_r
 .text          0x0000de04      0x46c /cygdrive/c/CmpE146Package/GNUARM/bin/../lib/gcc/arm-elf/4.3.2/../../../../arm-elf/lib/libc.a(lib_a-fvwrite.o)
                0x0000de04                __sfvwrite_r
 .text          0x0000e270      0x10c /cygdrive/c/CmpE146Package/GNUARM/bin/../lib/gcc/arm-elf/4.3.2/../../../../arm-elf/lib/libc.a(lib_a-fwalk.o)
                0x0000e2f8                _fwalk
                0x0000e270                _fwalk_reent
 .text          0x0000e37c        0x0 /cygdrive/c/CmpE146Package/GNUARM/bin/../lib/gcc/arm-elf/4.3.2/../../../../arm-elf/lib/libc.a(lib_a-impure.o)
 .text          0x0000e37c      0x164 /cygdrive/c/CmpE146Package/GNUARM/bin/../lib/gcc/arm-elf/4.3.2/../../../../arm-elf/lib/libc.a(lib_a-makebuf.o)
                0x0000e37c                __smakebuf_r
 .text          0x0000e4e0      0x118 /cygdrive/c/CmpE146Package/GNUARM/bin/../lib/gcc/arm-elf/4.3.2/../../../../arm-elf/lib/libc.a(lib_a-memchr.o)
                0x0000e4e0                memchr
 .text          0x0000e5f8      0x144 /cygdrive/c/CmpE146Package/GNUARM/bin/../lib/gcc/arm-elf/4.3.2/../../../../arm-elf/lib/libc.a(lib_a-memmove.o)
                0x0000e5f8                memmove
 .text          0x0000e73c      0x510 /cygdrive/c/CmpE146Package/GNUARM/bin/../lib/gcc/arm-elf/4.3.2/../../../../arm-elf/lib/libc.a(lib_a-reallocr.o)
                0x0000e73c                _realloc_r
 .text          0x0000ec4c       0xc0 /cygdrive/c/CmpE146Package/GNUARM/bin/../lib/gcc/arm-elf/4.3.2/../../../../arm-elf/lib/libc.a(lib_a-stdio.o)
                0x0000ec54                __sseek
                0x0000ecdc                __sread
                0x0000ec4c                __sclose
                0x0000ec88                __swrite
 .text          0x0000ed0c      0x118 /cygdrive/c/CmpE146Package/GNUARM/bin/../lib/gcc/arm-elf/4.3.2/../../../../arm-elf/lib/libc.a(lib_a-fclose.o)
                0x0000ed0c                _fclose_r
                0x0000ee10                fclose
                0x0000ee24                __end_of_prog__ = .
                0x0000ee24                __start_of_rodata__ = .
 *(.rodata)
 .rodata        0x0000ee24       0x8d ./fat/ff.o
 *fill*         0x0000eeb1        0x1 00
 .rodata        0x0000eeb2      0x4c0 ./fat/option/ccsbcs.o
 .rodata        0x0000f372       0x19 ./drivers/pcm1774.o
 .rodata        0x0000f38b      0xfe0 ./drivers/sta013.o
                0x0000f3bb                STA013_UpdateData
                0x0000f38b                MP3_Bitrates
                0x0000f3ab                MP3_SamplingFrequencies
 .rodata        0x0001036b       0x14 ./FreeRTOS/tasks.o
 .rodata        0x0001037f      0x100 /cygdrive/c/CmpE146Package/GNUARM/bin/../lib/gcc/arm-elf/4.3.2/libgcc.a(_clz.o)
                0x0001037f                __clz_tab
 .rodata        0x0001047f       0x20 /cygdrive/c/CmpE146Package/GNUARM/bin/../lib/gcc/arm-elf/4.3.2/../../../../arm-elf/lib/libc.a(lib_a-vfiprintf.o)
 .rodata        0x0001049f      0x101 /cygdrive/c/CmpE146Package/GNUARM/bin/../lib/gcc/arm-elf/4.3.2/../../../../arm-elf/lib/libc.a(lib_a-ctype_.o)
                0x0001049f                _ctype_
 .rodata        0x000105a0        0x4 /cygdrive/c/CmpE146Package/GNUARM/bin/../lib/gcc/arm-elf/4.3.2/../../../../arm-elf/lib/libc.a(lib_a-impure.o)
                0x000105a0                _global_impure_ptr
 *(.rodata*)
 .rodata.str1.1
                0x000105a4       0x85 ./main.o
 .rodata.str1.1
                0x00010629       0x10 ./fat/ff.o
 .rodata.str1.1
                0x00010639       0x7d ./System/cpu.o
                                 0x9f (size before relaxing)
 .rodata.str1.1
                0x000106b6      0x214 ./System/crash.o
 .rodata.str1.1
                0x000108ca       0x14 ./System/syscalls.o
 .rodata.str1.1
                0x000108de      0x520 ./General/userInterface.o
                                0x52c (size before relaxing)
 .rodata.str1.1
                0x00010dfe       0x94 ./FreeRTOS/tasks.o
 .rodata.str1.1
                0x00010e92       0x8d ./FreeRTOS/hooks/hooks.o
 *fill*         0x00010f1f        0x1 00
 .rodata.str1.4
                0x00010f20       0x4a /cygdrive/c/CmpE146Package/GNUARM/bin/../lib/gcc/arm-elf/4.3.2/../../../../arm-elf/lib/libc.a(lib_a-vfiprintf.o)
                                 0x4c (size before relaxing)
 *fill*         0x00010f6a        0x2 00
 .rodata.str1.4
                0x00010f6c        0x4 /cygdrive/c/CmpE146Package/GNUARM/bin/../lib/gcc/arm-elf/4.3.2/../../../../arm-elf/lib/libc.a(lib_a-impure.o)
                0x00010f70                __end_of_rodata__ = .
                0x00010f70                __start_of_glue7__ = .
 *(.glue_7)
 .glue_7        0x00010f70        0x0 ./Startup.o
 .glue_7        0x00010f70        0x0 ./main.o
 .glue_7        0x00010f70        0x0 ./fat/diskio.o
 .glue_7        0x00010f70        0x0 ./fat/ff.o
 .glue_7        0x00010f70        0x0 ./fat/rtc.o
 .glue_7        0x00010f70        0x0 ./fat/option/ccsbcs.o
 .glue_7        0x00010f70        0x0 ./fat/option/reentrant.o
 .glue_7        0x00010f70        0x0 ./drivers/uart/uart0.o
 .glue_7        0x00010f70        0x0 ./drivers/i2c.o
 .glue_7        0x00010f70        0x0 ./drivers/pcm1774.o
 .glue_7        0x00010f70        0x0 ./drivers/ssp_spi.o
 .glue_7        0x00010f70        0x0 ./drivers/sta013.o
 .glue_7        0x00010f70        0x0 ./System/cpu.o
 .glue_7        0x00010f70        0x0 ./System/crash.o
 .glue_7        0x00010f70        0x0 ./System/fiqISR.o
 .glue_7        0x00010f70        0x0 ./System/rprintf.o
 .glue_7        0x00010f70        0x0 ./System/syscalls.o
 .glue_7        0x00010f70        0x0 ./System/watchdog.o
 .glue_7        0x00010f70        0x0 ./General/userInterface.o
 .glue_7        0x00010f70        0x0 ./FreeRTOS/croutine.o
 .glue_7        0x00010f70        0x0 ./FreeRTOS/heap_3.o
 .glue_7        0x00010f70        0x0 ./FreeRTOS/list.o
 .glue_7        0x00010f70        0x0 ./FreeRTOS/port.o
 .glue_7        0x00010f70        0x0 ./FreeRTOS/portISR.o
 .glue_7        0x00010f70        0x0 ./FreeRTOS/queue.o
 .glue_7        0x00010f70        0x0 ./FreeRTOS/tasks.o
 .glue_7        0x00010f70        0x0 ./FreeRTOS/hooks/hooks.o
 .glue_7        0x00010f70        0x0 /cygdrive/c/CmpE146Package/GNUARM/bin/../lib/gcc/arm-elf/4.3.2/libgcc.a(_udivsi3.o)
 .glue_7        0x00010f70        0x0 /cygdrive/c/CmpE146Package/GNUARM/bin/../lib/gcc/arm-elf/4.3.2/libgcc.a(_divsi3.o)
 .glue_7        0x00010f70        0x0 /cygdrive/c/CmpE146Package/GNUARM/bin/../lib/gcc/arm-elf/4.3.2/libgcc.a(_umodsi3.o)
 .glue_7        0x00010f70        0x0 /cygdrive/c/CmpE146Package/GNUARM/bin/../lib/gcc/arm-elf/4.3.2/libgcc.a(_dvmd_tls.o)
 .glue_7        0x00010f70        0x0 /cygdrive/c/CmpE146Package/GNUARM/bin/../lib/gcc/arm-elf/4.3.2/libgcc.a(_divdi3.o)
 .glue_7        0x00010f70        0x0 /cygdrive/c/CmpE146Package/GNUARM/bin/../lib/gcc/arm-elf/4.3.2/libgcc.a(_udivdi3.o)
 .glue_7        0x00010f70        0x0 /cygdrive/c/CmpE146Package/GNUARM/bin/../lib/gcc/arm-elf/4.3.2/libgcc.a(_clz.o)
 .glue_7        0x00010f70        0x0 /cygdrive/c/CmpE146Package/GNUARM/bin/../lib/gcc/arm-elf/4.3.2/../../../../arm-elf/lib/libc.a(lib_a-atoi.o)
 .glue_7        0x00010f70        0x0 /cygdrive/c/CmpE146Package/GNUARM/bin/../lib/gcc/arm-elf/4.3.2/../../../../arm-elf/lib/libc.a(lib_a-iprintf.o)
 .glue_7        0x00010f70        0x0 /cygdrive/c/CmpE146Package/GNUARM/bin/../lib/gcc/arm-elf/4.3.2/../../../../arm-elf/lib/libc.a(lib_a-malloc.o)
 .glue_7        0x00010f70        0x0 /cygdrive/c/CmpE146Package/GNUARM/bin/../lib/gcc/arm-elf/4.3.2/../../../../arm-elf/lib/libc.a(lib_a-mallocr.o)
 .glue_7        0x00010f70        0x0 /cygdrive/c/CmpE146Package/GNUARM/bin/../lib/gcc/arm-elf/4.3.2/../../../../arm-elf/lib/libc.a(lib_a-memcmp.o)
 .glue_7        0x00010f70        0x0 /cygdrive/c/CmpE146Package/GNUARM/bin/../lib/gcc/arm-elf/4.3.2/../../../../arm-elf/lib/libc.a(lib_a-memcpy.o)
 .glue_7        0x00010f70        0x0 /cygdrive/c/CmpE146Package/GNUARM/bin/../lib/gcc/arm-elf/4.3.2/../../../../arm-elf/lib/libc.a(lib_a-memset.o)
 .glue_7        0x00010f70        0x0 /cygdrive/c/CmpE146Package/GNUARM/bin/../lib/gcc/arm-elf/4.3.2/../../../../arm-elf/lib/libc.a(lib_a-mlock.o)
 .glue_7        0x00010f70        0x0 /cygdrive/c/CmpE146Package/GNUARM/bin/../lib/gcc/arm-elf/4.3.2/../../../../arm-elf/lib/libc.a(lib_a-siprintf.o)
 .glue_7        0x00010f70        0x0 /cygdrive/c/CmpE146Package/GNUARM/bin/../lib/gcc/arm-elf/4.3.2/../../../../arm-elf/lib/libc.a(lib_a-strcmp.o)
 .glue_7        0x00010f70        0x0 /cygdrive/c/CmpE146Package/GNUARM/bin/../lib/gcc/arm-elf/4.3.2/../../../../arm-elf/lib/libc.a(lib_a-strlen.o)
 .glue_7        0x00010f70        0x0 /cygdrive/c/CmpE146Package/GNUARM/bin/../lib/gcc/arm-elf/4.3.2/../../../../arm-elf/lib/libc.a(lib_a-strncpy.o)
 .glue_7        0x00010f70        0x0 /cygdrive/c/CmpE146Package/GNUARM/bin/../lib/gcc/arm-elf/4.3.2/../../../../arm-elf/lib/libc.a(lib_a-strtok.o)
 .glue_7        0x00010f70        0x0 /cygdrive/c/CmpE146Package/GNUARM/bin/../lib/gcc/arm-elf/4.3.2/../../../../arm-elf/lib/libc.a(lib_a-strtok_r.o)
 .glue_7        0x00010f70        0x0 /cygdrive/c/CmpE146Package/GNUARM/bin/../lib/gcc/arm-elf/4.3.2/../../../../arm-elf/lib/libc.a(lib_a-strtol.o)
 .glue_7        0x00010f70        0x0 /cygdrive/c/CmpE146Package/GNUARM/bin/../lib/gcc/arm-elf/4.3.2/../../../../arm-elf/lib/libc.a(lib_a-vfiprintf.o)
 .glue_7        0x00010f70        0x0 /cygdrive/c/CmpE146Package/GNUARM/bin/../lib/gcc/arm-elf/4.3.2/../../../../arm-elf/lib/libc.a(lib_a-wsetup.o)
 .glue_7        0x00010f70        0x0 /cygdrive/c/CmpE146Package/GNUARM/bin/../lib/gcc/arm-elf/4.3.2/../../../../arm-elf/lib/libc.a(lib_a-ctype_.o)
 .glue_7        0x00010f70        0x0 /cygdrive/c/CmpE146Package/GNUARM/bin/../lib/gcc/arm-elf/4.3.2/../../../../arm-elf/lib/libc.a(lib_a-fflush.o)
 .glue_7        0x00010f70        0x0 /cygdrive/c/CmpE146Package/GNUARM/bin/../lib/gcc/arm-elf/4.3.2/../../../../arm-elf/lib/libc.a(lib_a-findfp.o)
 .glue_7        0x00010f70        0x0 /cygdrive/c/CmpE146Package/GNUARM/bin/../lib/gcc/arm-elf/4.3.2/../../../../arm-elf/lib/libc.a(lib_a-freer.o)
 .glue_7        0x00010f70        0x0 /cygdrive/c/CmpE146Package/GNUARM/bin/../lib/gcc/arm-elf/4.3.2/../../../../arm-elf/lib/libc.a(lib_a-fvwrite.o)
 .glue_7        0x00010f70        0x0 /cygdrive/c/CmpE146Package/GNUARM/bin/../lib/gcc/arm-elf/4.3.2/../../../../arm-elf/lib/libc.a(lib_a-fwalk.o)
 .glue_7        0x00010f70        0x0 /cygdrive/c/CmpE146Package/GNUARM/bin/../lib/gcc/arm-elf/4.3.2/../../../../arm-elf/lib/libc.a(lib_a-impure.o)
 .glue_7        0x00010f70        0x0 /cygdrive/c/CmpE146Package/GNUARM/bin/../lib/gcc/arm-elf/4.3.2/../../../../arm-elf/lib/libc.a(lib_a-makebuf.o)
 .glue_7        0x00010f70        0x0 /cygdrive/c/CmpE146Package/GNUARM/bin/../lib/gcc/arm-elf/4.3.2/../../../../arm-elf/lib/libc.a(lib_a-memchr.o)
 .glue_7        0x00010f70        0x0 /cygdrive/c/CmpE146Package/GNUARM/bin/../lib/gcc/arm-elf/4.3.2/../../../../arm-elf/lib/libc.a(lib_a-memmove.o)
 .glue_7        0x00010f70        0x0 /cygdrive/c/CmpE146Package/GNUARM/bin/../lib/gcc/arm-elf/4.3.2/../../../../arm-elf/lib/libc.a(lib_a-reallocr.o)
 .glue_7        0x00010f70        0x0 /cygdrive/c/CmpE146Package/GNUARM/bin/../lib/gcc/arm-elf/4.3.2/../../../../arm-elf/lib/libc.a(lib_a-stdio.o)
 .glue_7        0x00010f70        0x0 /cygdrive/c/CmpE146Package/GNUARM/bin/../lib/gcc/arm-elf/4.3.2/../../../../arm-elf/lib/libc.a(lib_a-fclose.o)
 *(.glue_7t)
 .glue_7t       0x00010f70        0x0 ./Startup.o
 .glue_7t       0x00010f70        0x0 ./main.o
 .glue_7t       0x00010f70        0x0 ./fat/diskio.o
 .glue_7t       0x00010f70        0x0 ./fat/ff.o
 .glue_7t       0x00010f70        0x0 ./fat/rtc.o
 .glue_7t       0x00010f70        0x0 ./fat/option/ccsbcs.o
 .glue_7t       0x00010f70        0x0 ./fat/option/reentrant.o
 .glue_7t       0x00010f70        0x0 ./drivers/uart/uart0.o
 .glue_7t       0x00010f70        0x0 ./drivers/i2c.o
 .glue_7t       0x00010f70        0x0 ./drivers/pcm1774.o
 .glue_7t       0x00010f70        0x0 ./drivers/ssp_spi.o
 .glue_7t       0x00010f70        0x0 ./drivers/sta013.o
 .glue_7t       0x00010f70        0x0 ./System/cpu.o
 .glue_7t       0x00010f70        0x0 ./System/crash.o
 .glue_7t       0x00010f70        0x0 ./System/fiqISR.o
 .glue_7t       0x00010f70        0x0 ./System/rprintf.o
 .glue_7t       0x00010f70        0x0 ./System/syscalls.o
 .glue_7t       0x00010f70        0x0 ./System/watchdog.o
 .glue_7t       0x00010f70        0x0 ./General/userInterface.o
 .glue_7t       0x00010f70        0x0 ./FreeRTOS/croutine.o
 .glue_7t       0x00010f70        0x0 ./FreeRTOS/heap_3.o
 .glue_7t       0x00010f70        0x0 ./FreeRTOS/list.o
 .glue_7t       0x00010f70        0x0 ./FreeRTOS/port.o
 .glue_7t       0x00010f70        0x0 ./FreeRTOS/portISR.o
 .glue_7t       0x00010f70        0x0 ./FreeRTOS/queue.o
 .glue_7t       0x00010f70        0x0 ./FreeRTOS/tasks.o
 .glue_7t       0x00010f70        0x0 ./FreeRTOS/hooks/hooks.o
 .glue_7t       0x00010f70        0x0 /cygdrive/c/CmpE146Package/GNUARM/bin/../lib/gcc/arm-elf/4.3.2/libgcc.a(_udivsi3.o)
 .glue_7t       0x00010f70        0x0 /cygdrive/c/CmpE146Package/GNUARM/bin/../lib/gcc/arm-elf/4.3.2/libgcc.a(_divsi3.o)
 .glue_7t       0x00010f70        0x0 /cygdrive/c/CmpE146Package/GNUARM/bin/../lib/gcc/arm-elf/4.3.2/libgcc.a(_umodsi3.o)
 .glue_7t       0x00010f70        0x0 /cygdrive/c/CmpE146Package/GNUARM/bin/../lib/gcc/arm-elf/4.3.2/libgcc.a(_dvmd_tls.o)
 .glue_7t       0x00010f70        0x0 /cygdrive/c/CmpE146Package/GNUARM/bin/../lib/gcc/arm-elf/4.3.2/libgcc.a(_divdi3.o)
 .glue_7t       0x00010f70        0x0 /cygdrive/c/CmpE146Package/GNUARM/bin/../lib/gcc/arm-elf/4.3.2/libgcc.a(_udivdi3.o)
 .glue_7t       0x00010f70        0x0 /cygdrive/c/CmpE146Package/GNUARM/bin/../lib/gcc/arm-elf/4.3.2/libgcc.a(_clz.o)
 .glue_7t       0x00010f70        0x0 /cygdrive/c/CmpE146Package/GNUARM/bin/../lib/gcc/arm-elf/4.3.2/../../../../arm-elf/lib/libc.a(lib_a-atoi.o)
 .glue_7t       0x00010f70        0x0 /cygdrive/c/CmpE146Package/GNUARM/bin/../lib/gcc/arm-elf/4.3.2/../../../../arm-elf/lib/libc.a(lib_a-iprintf.o)
 .glue_7t       0x00010f70        0x0 /cygdrive/c/CmpE146Package/GNUARM/bin/../lib/gcc/arm-elf/4.3.2/../../../../arm-elf/lib/libc.a(lib_a-malloc.o)
 .glue_7t       0x00010f70        0x0 /cygdrive/c/CmpE146Package/GNUARM/bin/../lib/gcc/arm-elf/4.3.2/../../../../arm-elf/lib/libc.a(lib_a-mallocr.o)
 .glue_7t       0x00010f70        0x0 /cygdrive/c/CmpE146Package/GNUARM/bin/../lib/gcc/arm-elf/4.3.2/../../../../arm-elf/lib/libc.a(lib_a-memcmp.o)
 .glue_7t       0x00010f70        0x0 /cygdrive/c/CmpE146Package/GNUARM/bin/../lib/gcc/arm-elf/4.3.2/../../../../arm-elf/lib/libc.a(lib_a-memcpy.o)
 .glue_7t       0x00010f70        0x0 /cygdrive/c/CmpE146Package/GNUARM/bin/../lib/gcc/arm-elf/4.3.2/../../../../arm-elf/lib/libc.a(lib_a-memset.o)
 .glue_7t       0x00010f70        0x0 /cygdrive/c/CmpE146Package/GNUARM/bin/../lib/gcc/arm-elf/4.3.2/../../../../arm-elf/lib/libc.a(lib_a-mlock.o)
 .glue_7t       0x00010f70        0x0 /cygdrive/c/CmpE146Package/GNUARM/bin/../lib/gcc/arm-elf/4.3.2/../../../../arm-elf/lib/libc.a(lib_a-siprintf.o)
 .glue_7t       0x00010f70        0x0 /cygdrive/c/CmpE146Package/GNUARM/bin/../lib/gcc/arm-elf/4.3.2/../../../../arm-elf/lib/libc.a(lib_a-strcmp.o)
 .glue_7t       0x00010f70        0x0 /cygdrive/c/CmpE146Package/GNUARM/bin/../lib/gcc/arm-elf/4.3.2/../../../../arm-elf/lib/libc.a(lib_a-strlen.o)
 .glue_7t       0x00010f70        0x0 /cygdrive/c/CmpE146Package/GNUARM/bin/../lib/gcc/arm-elf/4.3.2/../../../../arm-elf/lib/libc.a(lib_a-strncpy.o)
 .glue_7t       0x00010f70        0x0 /cygdrive/c/CmpE146Package/GNUARM/bin/../lib/gcc/arm-elf/4.3.2/../../../../arm-elf/lib/libc.a(lib_a-strtok.o)
 .glue_7t       0x00010f70        0x0 /cygdrive/c/CmpE146Package/GNUARM/bin/../lib/gcc/arm-elf/4.3.2/../../../../arm-elf/lib/libc.a(lib_a-strtok_r.o)
 .glue_7t       0x00010f70        0x0 /cygdrive/c/CmpE146Package/GNUARM/bin/../lib/gcc/arm-elf/4.3.2/../../../../arm-elf/lib/libc.a(lib_a-strtol.o)
 .glue_7t       0x00010f70        0x0 /cygdrive/c/CmpE146Package/GNUARM/bin/../lib/gcc/arm-elf/4.3.2/../../../../arm-elf/lib/libc.a(lib_a-vfiprintf.o)
 .glue_7t       0x00010f70        0x0 /cygdrive/c/CmpE146Package/GNUARM/bin/../lib/gcc/arm-elf/4.3.2/../../../../arm-elf/lib/libc.a(lib_a-wsetup.o)
 .glue_7t       0x00010f70        0x0 /cygdrive/c/CmpE146Package/GNUARM/bin/../lib/gcc/arm-elf/4.3.2/../../../../arm-elf/lib/libc.a(lib_a-ctype_.o)
 .glue_7t       0x00010f70        0x0 /cygdrive/c/CmpE146Package/GNUARM/bin/../lib/gcc/arm-elf/4.3.2/../../../../arm-elf/lib/libc.a(lib_a-fflush.o)
 .glue_7t       0x00010f70        0x0 /cygdrive/c/CmpE146Package/GNUARM/bin/../lib/gcc/arm-elf/4.3.2/../../../../arm-elf/lib/libc.a(lib_a-findfp.o)
 .glue_7t       0x00010f70        0x0 /cygdrive/c/CmpE146Package/GNUARM/bin/../lib/gcc/arm-elf/4.3.2/../../../../arm-elf/lib/libc.a(lib_a-freer.o)
 .glue_7t       0x00010f70        0x0 /cygdrive/c/CmpE146Package/GNUARM/bin/../lib/gcc/arm-elf/4.3.2/../../../../arm-elf/lib/libc.a(lib_a-fvwrite.o)
 .glue_7t       0x00010f70        0x0 /cygdrive/c/CmpE146Package/GNUARM/bin/../lib/gcc/arm-elf/4.3.2/../../../../arm-elf/lib/libc.a(lib_a-fwalk.o)
 .glue_7t       0x00010f70        0x0 /cygdrive/c/CmpE146Package/GNUARM/bin/../lib/gcc/arm-elf/4.3.2/../../../../arm-elf/lib/libc.a(lib_a-impure.o)
 .glue_7t       0x00010f70        0x0 /cygdrive/c/CmpE146Package/GNUARM/bin/../lib/gcc/arm-elf/4.3.2/../../../../arm-elf/lib/libc.a(lib_a-makebuf.o)
 .glue_7t       0x00010f70        0x0 /cygdrive/c/CmpE146Package/GNUARM/bin/../lib/gcc/arm-elf/4.3.2/../../../../arm-elf/lib/libc.a(lib_a-memchr.o)
 .glue_7t       0x00010f70        0x0 /cygdrive/c/CmpE146Package/GNUARM/bin/../lib/gcc/arm-elf/4.3.2/../../../../arm-elf/lib/libc.a(lib_a-memmove.o)
 .glue_7t       0x00010f70        0x0 /cygdrive/c/CmpE146Package/GNUARM/bin/../lib/gcc/arm-elf/4.3.2/../../../../arm-elf/lib/libc.a(lib_a-reallocr.o)
 .glue_7t       0x00010f70        0x0 /cygdrive/c/CmpE146Package/GNUARM/bin/../lib/gcc/arm-elf/4.3.2/../../../../arm-elf/lib/libc.a(lib_a-stdio.o)
 .glue_7t       0x00010f70        0x0 /cygdrive/c/CmpE146Package/GNUARM/bin/../lib/gcc/arm-elf/4.3.2/../../../../arm-elf/lib/libc.a(lib_a-fclose.o)
                0x00010f70                __end_of_glue7__ = .
                0x00010f70                __end_of_text__ = .

.intvects       0x40000000       0x40 load address 0x00010f70
                0x40000000                __intvects_beg__ = .
                0x00010f70                __intvects_beg_src__ = __end_of_text__
 *(.intvects)
 .intvects      0x40000000       0x40 ./Startup.o
                0x40000000                __intvects
                0x40000040                __intvects_end__ = .
                0x00010fb0                __end_of_intvects__ = (__end_of_text__ + (__intvects_end__ - __intvects_beg__))

.vfp11_veneer   0x00010fb0        0x0 load address 0x40000040
 .vfp11_veneer  0x00010fb0        0x0 ./Startup.o
 .vfp11_veneer  0x00010fb0        0x0 ./main.o
 .vfp11_veneer  0x00010fb0        0x0 ./fat/diskio.o
 .vfp11_veneer  0x00010fb0        0x0 ./fat/ff.o
 .vfp11_veneer  0x00010fb0        0x0 ./fat/rtc.o
 .vfp11_veneer  0x00010fb0        0x0 ./fat/option/ccsbcs.o
 .vfp11_veneer  0x00010fb0        0x0 ./fat/option/reentrant.o
 .vfp11_veneer  0x00010fb0        0x0 ./drivers/uart/uart0.o
 .vfp11_veneer  0x00010fb0        0x0 ./drivers/i2c.o
 .vfp11_veneer  0x00010fb0        0x0 ./drivers/pcm1774.o
 .vfp11_veneer  0x00010fb0        0x0 ./drivers/ssp_spi.o
 .vfp11_veneer  0x00010fb0        0x0 ./drivers/sta013.o
 .vfp11_veneer  0x00010fb0        0x0 ./System/cpu.o
 .vfp11_veneer  0x00010fb0        0x0 ./System/crash.o
 .vfp11_veneer  0x00010fb0        0x0 ./System/fiqISR.o
 .vfp11_veneer  0x00010fb0        0x0 ./System/rprintf.o
 .vfp11_veneer  0x00010fb0        0x0 ./System/syscalls.o
 .vfp11_veneer  0x00010fb0        0x0 ./System/watchdog.o
 .vfp11_veneer  0x00010fb0        0x0 ./General/userInterface.o
 .vfp11_veneer  0x00010fb0        0x0 ./FreeRTOS/croutine.o
 .vfp11_veneer  0x00010fb0        0x0 ./FreeRTOS/heap_3.o
 .vfp11_veneer  0x00010fb0        0x0 ./FreeRTOS/list.o
 .vfp11_veneer  0x00010fb0        0x0 ./FreeRTOS/port.o
 .vfp11_veneer  0x00010fb0        0x0 ./FreeRTOS/portISR.o
 .vfp11_veneer  0x00010fb0        0x0 ./FreeRTOS/queue.o
 .vfp11_veneer  0x00010fb0        0x0 ./FreeRTOS/tasks.o
 .vfp11_veneer  0x00010fb0        0x0 ./FreeRTOS/hooks/hooks.o
 .vfp11_veneer  0x00010fb0        0x0 /cygdrive/c/CmpE146Package/GNUARM/bin/../lib/gcc/arm-elf/4.3.2/libgcc.a(_udivsi3.o)
 .vfp11_veneer  0x00010fb0        0x0 /cygdrive/c/CmpE146Package/GNUARM/bin/../lib/gcc/arm-elf/4.3.2/libgcc.a(_divsi3.o)
 .vfp11_veneer  0x00010fb0        0x0 /cygdrive/c/CmpE146Package/GNUARM/bin/../lib/gcc/arm-elf/4.3.2/libgcc.a(_umodsi3.o)
 .vfp11_veneer  0x00010fb0        0x0 /cygdrive/c/CmpE146Package/GNUARM/bin/../lib/gcc/arm-elf/4.3.2/libgcc.a(_dvmd_tls.o)
 .vfp11_veneer  0x00010fb0        0x0 /cygdrive/c/CmpE146Package/GNUARM/bin/../lib/gcc/arm-elf/4.3.2/libgcc.a(_divdi3.o)
 .vfp11_veneer  0x00010fb0        0x0 /cygdrive/c/CmpE146Package/GNUARM/bin/../lib/gcc/arm-elf/4.3.2/libgcc.a(_udivdi3.o)
 .vfp11_veneer  0x00010fb0        0x0 /cygdrive/c/CmpE146Package/GNUARM/bin/../lib/gcc/arm-elf/4.3.2/libgcc.a(_clz.o)
 .vfp11_veneer  0x00010fb0        0x0 /cygdrive/c/CmpE146Package/GNUARM/bin/../lib/gcc/arm-elf/4.3.2/../../../../arm-elf/lib/libc.a(lib_a-atoi.o)
 .vfp11_veneer  0x00010fb0        0x0 /cygdrive/c/CmpE146Package/GNUARM/bin/../lib/gcc/arm-elf/4.3.2/../../../../arm-elf/lib/libc.a(lib_a-iprintf.o)
 .vfp11_veneer  0x00010fb0        0x0 /cygdrive/c/CmpE146Package/GNUARM/bin/../lib/gcc/arm-elf/4.3.2/../../../../arm-elf/lib/libc.a(lib_a-malloc.o)
 .vfp11_veneer  0x00010fb0        0x0 /cygdrive/c/CmpE146Package/GNUARM/bin/../lib/gcc/arm-elf/4.3.2/../../../../arm-elf/lib/libc.a(lib_a-mallocr.o)
 .vfp11_veneer  0x00010fb0        0x0 /cygdrive/c/CmpE146Package/GNUARM/bin/../lib/gcc/arm-elf/4.3.2/../../../../arm-elf/lib/libc.a(lib_a-memcmp.o)
 .vfp11_veneer  0x00010fb0        0x0 /cygdrive/c/CmpE146Package/GNUARM/bin/../lib/gcc/arm-elf/4.3.2/../../../../arm-elf/lib/libc.a(lib_a-memcpy.o)
 .vfp11_veneer  0x00010fb0        0x0 /cygdrive/c/CmpE146Package/GNUARM/bin/../lib/gcc/arm-elf/4.3.2/../../../../arm-elf/lib/libc.a(lib_a-memset.o)
 .vfp11_veneer  0x00010fb0        0x0 /cygdrive/c/CmpE146Package/GNUARM/bin/../lib/gcc/arm-elf/4.3.2/../../../../arm-elf/lib/libc.a(lib_a-mlock.o)
 .vfp11_veneer  0x00010fb0        0x0 /cygdrive/c/CmpE146Package/GNUARM/bin/../lib/gcc/arm-elf/4.3.2/../../../../arm-elf/lib/libc.a(lib_a-siprintf.o)
 .vfp11_veneer  0x00010fb0        0x0 /cygdrive/c/CmpE146Package/GNUARM/bin/../lib/gcc/arm-elf/4.3.2/../../../../arm-elf/lib/libc.a(lib_a-strcmp.o)
 .vfp11_veneer  0x00010fb0        0x0 /cygdrive/c/CmpE146Package/GNUARM/bin/../lib/gcc/arm-elf/4.3.2/../../../../arm-elf/lib/libc.a(lib_a-strlen.o)
 .vfp11_veneer  0x00010fb0        0x0 /cygdrive/c/CmpE146Package/GNUARM/bin/../lib/gcc/arm-elf/4.3.2/../../../../arm-elf/lib/libc.a(lib_a-strncpy.o)
 .vfp11_veneer  0x00010fb0        0x0 /cygdrive/c/CmpE146Package/GNUARM/bin/../lib/gcc/arm-elf/4.3.2/../../../../arm-elf/lib/libc.a(lib_a-strtok.o)
 .vfp11_veneer  0x00010fb0        0x0 /cygdrive/c/CmpE146Package/GNUARM/bin/../lib/gcc/arm-elf/4.3.2/../../../../arm-elf/lib/libc.a(lib_a-strtok_r.o)
 .vfp11_veneer  0x00010fb0        0x0 /cygdrive/c/CmpE146Package/GNUARM/bin/../lib/gcc/arm-elf/4.3.2/../../../../arm-elf/lib/libc.a(lib_a-strtol.o)
 .vfp11_veneer  0x00010fb0        0x0 /cygdrive/c/CmpE146Package/GNUARM/bin/../lib/gcc/arm-elf/4.3.2/../../../../arm-elf/lib/libc.a(lib_a-vfiprintf.o)
 .vfp11_veneer  0x00010fb0        0x0 /cygdrive/c/CmpE146Package/GNUARM/bin/../lib/gcc/arm-elf/4.3.2/../../../../arm-elf/lib/libc.a(lib_a-wsetup.o)
 .vfp11_veneer  0x00010fb0        0x0 /cygdrive/c/CmpE146Package/GNUARM/bin/../lib/gcc/arm-elf/4.3.2/../../../../arm-elf/lib/libc.a(lib_a-ctype_.o)
 .vfp11_veneer  0x00010fb0        0x0 /cygdrive/c/CmpE146Package/GNUARM/bin/../lib/gcc/arm-elf/4.3.2/../../../../arm-elf/lib/libc.a(lib_a-fflush.o)
 .vfp11_veneer  0x00010fb0        0x0 /cygdrive/c/CmpE146Package/GNUARM/bin/../lib/gcc/arm-elf/4.3.2/../../../../arm-elf/lib/libc.a(lib_a-findfp.o)
 .vfp11_veneer  0x00010fb0        0x0 /cygdrive/c/CmpE146Package/GNUARM/bin/../lib/gcc/arm-elf/4.3.2/../../../../arm-elf/lib/libc.a(lib_a-freer.o)
 .vfp11_veneer  0x00010fb0        0x0 /cygdrive/c/CmpE146Package/GNUARM/bin/../lib/gcc/arm-elf/4.3.2/../../../../arm-elf/lib/libc.a(lib_a-fvwrite.o)
 .vfp11_veneer  0x00010fb0        0x0 /cygdrive/c/CmpE146Package/GNUARM/bin/../lib/gcc/arm-elf/4.3.2/../../../../arm-elf/lib/libc.a(lib_a-fwalk.o)
 .vfp11_veneer  0x00010fb0        0x0 /cygdrive/c/CmpE146Package/GNUARM/bin/../lib/gcc/arm-elf/4.3.2/../../../../arm-elf/lib/libc.a(lib_a-impure.o)
 .vfp11_veneer  0x00010fb0        0x0 /cygdrive/c/CmpE146Package/GNUARM/bin/../lib/gcc/arm-elf/4.3.2/../../../../arm-elf/lib/libc.a(lib_a-makebuf.o)
 .vfp11_veneer  0x00010fb0        0x0 /cygdrive/c/CmpE146Package/GNUARM/bin/../lib/gcc/arm-elf/4.3.2/../../../../arm-elf/lib/libc.a(lib_a-memchr.o)
 .vfp11_veneer  0x00010fb0        0x0 /cygdrive/c/CmpE146Package/GNUARM/bin/../lib/gcc/arm-elf/4.3.2/../../../../arm-elf/lib/libc.a(lib_a-memmove.o)
 .vfp11_veneer  0x00010fb0        0x0 /cygdrive/c/CmpE146Package/GNUARM/bin/../lib/gcc/arm-elf/4.3.2/../../../../arm-elf/lib/libc.a(lib_a-reallocr.o)
 .vfp11_veneer  0x00010fb0        0x0 /cygdrive/c/CmpE146Package/GNUARM/bin/../lib/gcc/arm-elf/4.3.2/../../../../arm-elf/lib/libc.a(lib_a-stdio.o)
 .vfp11_veneer  0x00010fb0        0x0 /cygdrive/c/CmpE146Package/GNUARM/bin/../lib/gcc/arm-elf/4.3.2/../../../../arm-elf/lib/libc.a(lib_a-fclose.o)

.v4_bx          0x00010fb0        0x0 load address 0x40000040
 .v4_bx         0x00010fb0        0x0 ./Startup.o
 .v4_bx         0x00010fb0        0x0 ./main.o
 .v4_bx         0x00010fb0        0x0 ./fat/diskio.o
 .v4_bx         0x00010fb0        0x0 ./fat/ff.o
 .v4_bx         0x00010fb0        0x0 ./fat/rtc.o
 .v4_bx         0x00010fb0        0x0 ./fat/option/ccsbcs.o
 .v4_bx         0x00010fb0        0x0 ./fat/option/reentrant.o
 .v4_bx         0x00010fb0        0x0 ./drivers/uart/uart0.o
 .v4_bx         0x00010fb0        0x0 ./drivers/i2c.o
 .v4_bx         0x00010fb0        0x0 ./drivers/pcm1774.o
 .v4_bx         0x00010fb0        0x0 ./drivers/ssp_spi.o
 .v4_bx         0x00010fb0        0x0 ./drivers/sta013.o
 .v4_bx         0x00010fb0        0x0 ./System/cpu.o
 .v4_bx         0x00010fb0        0x0 ./System/crash.o
 .v4_bx         0x00010fb0        0x0 ./System/fiqISR.o
 .v4_bx         0x00010fb0        0x0 ./System/rprintf.o
 .v4_bx         0x00010fb0        0x0 ./System/syscalls.o
 .v4_bx         0x00010fb0        0x0 ./System/watchdog.o
 .v4_bx         0x00010fb0        0x0 ./General/userInterface.o
 .v4_bx         0x00010fb0        0x0 ./FreeRTOS/croutine.o
 .v4_bx         0x00010fb0        0x0 ./FreeRTOS/heap_3.o
 .v4_bx         0x00010fb0        0x0 ./FreeRTOS/list.o
 .v4_bx         0x00010fb0        0x0 ./FreeRTOS/port.o
 .v4_bx         0x00010fb0        0x0 ./FreeRTOS/portISR.o
 .v4_bx         0x00010fb0        0x0 ./FreeRTOS/queue.o
 .v4_bx         0x00010fb0        0x0 ./FreeRTOS/tasks.o
 .v4_bx         0x00010fb0        0x0 ./FreeRTOS/hooks/hooks.o
 .v4_bx         0x00010fb0        0x0 /cygdrive/c/CmpE146Package/GNUARM/bin/../lib/gcc/arm-elf/4.3.2/libgcc.a(_udivsi3.o)
 .v4_bx         0x00010fb0        0x0 /cygdrive/c/CmpE146Package/GNUARM/bin/../lib/gcc/arm-elf/4.3.2/libgcc.a(_divsi3.o)
 .v4_bx         0x00010fb0        0x0 /cygdrive/c/CmpE146Package/GNUARM/bin/../lib/gcc/arm-elf/4.3.2/libgcc.a(_umodsi3.o)
 .v4_bx         0x00010fb0        0x0 /cygdrive/c/CmpE146Package/GNUARM/bin/../lib/gcc/arm-elf/4.3.2/libgcc.a(_dvmd_tls.o)
 .v4_bx         0x00010fb0        0x0 /cygdrive/c/CmpE146Package/GNUARM/bin/../lib/gcc/arm-elf/4.3.2/libgcc.a(_divdi3.o)
 .v4_bx         0x00010fb0        0x0 /cygdrive/c/CmpE146Package/GNUARM/bin/../lib/gcc/arm-elf/4.3.2/libgcc.a(_udivdi3.o)
 .v4_bx         0x00010fb0        0x0 /cygdrive/c/CmpE146Package/GNUARM/bin/../lib/gcc/arm-elf/4.3.2/libgcc.a(_clz.o)
 .v4_bx         0x00010fb0        0x0 /cygdrive/c/CmpE146Package/GNUARM/bin/../lib/gcc/arm-elf/4.3.2/../../../../arm-elf/lib/libc.a(lib_a-atoi.o)
 .v4_bx         0x00010fb0        0x0 /cygdrive/c/CmpE146Package/GNUARM/bin/../lib/gcc/arm-elf/4.3.2/../../../../arm-elf/lib/libc.a(lib_a-iprintf.o)
 .v4_bx         0x00010fb0        0x0 /cygdrive/c/CmpE146Package/GNUARM/bin/../lib/gcc/arm-elf/4.3.2/../../../../arm-elf/lib/libc.a(lib_a-malloc.o)
 .v4_bx         0x00010fb0        0x0 /cygdrive/c/CmpE146Package/GNUARM/bin/../lib/gcc/arm-elf/4.3.2/../../../../arm-elf/lib/libc.a(lib_a-mallocr.o)
 .v4_bx         0x00010fb0        0x0 /cygdrive/c/CmpE146Package/GNUARM/bin/../lib/gcc/arm-elf/4.3.2/../../../../arm-elf/lib/libc.a(lib_a-memcmp.o)
 .v4_bx         0x00010fb0        0x0 /cygdrive/c/CmpE146Package/GNUARM/bin/../lib/gcc/arm-elf/4.3.2/../../../../arm-elf/lib/libc.a(lib_a-memcpy.o)
 .v4_bx         0x00010fb0        0x0 /cygdrive/c/CmpE146Package/GNUARM/bin/../lib/gcc/arm-elf/4.3.2/../../../../arm-elf/lib/libc.a(lib_a-memset.o)
 .v4_bx         0x00010fb0        0x0 /cygdrive/c/CmpE146Package/GNUARM/bin/../lib/gcc/arm-elf/4.3.2/../../../../arm-elf/lib/libc.a(lib_a-mlock.o)
 .v4_bx         0x00010fb0        0x0 /cygdrive/c/CmpE146Package/GNUARM/bin/../lib/gcc/arm-elf/4.3.2/../../../../arm-elf/lib/libc.a(lib_a-siprintf.o)
 .v4_bx         0x00010fb0        0x0 /cygdrive/c/CmpE146Package/GNUARM/bin/../lib/gcc/arm-elf/4.3.2/../../../../arm-elf/lib/libc.a(lib_a-strcmp.o)
 .v4_bx         0x00010fb0        0x0 /cygdrive/c/CmpE146Package/GNUARM/bin/../lib/gcc/arm-elf/4.3.2/../../../../arm-elf/lib/libc.a(lib_a-strlen.o)
 .v4_bx         0x00010fb0        0x0 /cygdrive/c/CmpE146Package/GNUARM/bin/../lib/gcc/arm-elf/4.3.2/../../../../arm-elf/lib/libc.a(lib_a-strncpy.o)
 .v4_bx         0x00010fb0        0x0 /cygdrive/c/CmpE146Package/GNUARM/bin/../lib/gcc/arm-elf/4.3.2/../../../../arm-elf/lib/libc.a(lib_a-strtok.o)
 .v4_bx         0x00010fb0        0x0 /cygdrive/c/CmpE146Package/GNUARM/bin/../lib/gcc/arm-elf/4.3.2/../../../../arm-elf/lib/libc.a(lib_a-strtok_r.o)
 .v4_bx         0x00010fb0        0x0 /cygdrive/c/CmpE146Package/GNUARM/bin/../lib/gcc/arm-elf/4.3.2/../../../../arm-elf/lib/libc.a(lib_a-strtol.o)
 .v4_bx         0x00010fb0        0x0 /cygdrive/c/CmpE146Package/GNUARM/bin/../lib/gcc/arm-elf/4.3.2/../../../../arm-elf/lib/libc.a(lib_a-vfiprintf.o)
 .v4_bx         0x00010fb0        0x0 /cygdrive/c/CmpE146Package/GNUARM/bin/../lib/gcc/arm-elf/4.3.2/../../../../arm-elf/lib/libc.a(lib_a-wsetup.o)
 .v4_bx         0x00010fb0        0x0 /cygdrive/c/CmpE146Package/GNUARM/bin/../lib/gcc/arm-elf/4.3.2/../../../../arm-elf/lib/libc.a(lib_a-ctype_.o)
 .v4_bx         0x00010fb0        0x0 /cygdrive/c/CmpE146Package/GNUARM/bin/../lib/gcc/arm-elf/4.3.2/../../../../arm-elf/lib/libc.a(lib_a-fflush.o)
 .v4_bx         0x00010fb0        0x0 /cygdrive/c/CmpE146Package/GNUARM/bin/../lib/gcc/arm-elf/4.3.2/../../../../arm-elf/lib/libc.a(lib_a-findfp.o)
 .v4_bx         0x00010fb0        0x0 /cygdrive/c/CmpE146Package/GNUARM/bin/../lib/gcc/arm-elf/4.3.2/../../../../arm-elf/lib/libc.a(lib_a-freer.o)
 .v4_bx         0x00010fb0        0x0 /cygdrive/c/CmpE146Package/GNUARM/bin/../lib/gcc/arm-elf/4.3.2/../../../../arm-elf/lib/libc.a(lib_a-fvwrite.o)
 .v4_bx         0x00010fb0        0x0 /cygdrive/c/CmpE146Package/GNUARM/bin/../lib/gcc/arm-elf/4.3.2/../../../../arm-elf/lib/libc.a(lib_a-fwalk.o)
 .v4_bx         0x00010fb0        0x0 /cygdrive/c/CmpE146Package/GNUARM/bin/../lib/gcc/arm-elf/4.3.2/../../../../arm-elf/lib/libc.a(lib_a-impure.o)
 .v4_bx         0x00010fb0        0x0 /cygdrive/c/CmpE146Package/GNUARM/bin/../lib/gcc/arm-elf/4.3.2/../../../../arm-elf/lib/libc.a(lib_a-makebuf.o)
 .v4_bx         0x00010fb0        0x0 /cygdrive/c/CmpE146Package/GNUARM/bin/../lib/gcc/arm-elf/4.3.2/../../../../arm-elf/lib/libc.a(lib_a-memchr.o)
 .v4_bx         0x00010fb0        0x0 /cygdrive/c/CmpE146Package/GNUARM/bin/../lib/gcc/arm-elf/4.3.2/../../../../arm-elf/lib/libc.a(lib_a-memmove.o)
 .v4_bx         0x00010fb0        0x0 /cygdrive/c/CmpE146Package/GNUARM/bin/../lib/gcc/arm-elf/4.3.2/../../../../arm-elf/lib/libc.a(lib_a-reallocr.o)
 .v4_bx         0x00010fb0        0x0 /cygdrive/c/CmpE146Package/GNUARM/bin/../lib/gcc/arm-elf/4.3.2/../../../../arm-elf/lib/libc.a(lib_a-stdio.o)
 .v4_bx         0x00010fb0        0x0 /cygdrive/c/CmpE146Package/GNUARM/bin/../lib/gcc/arm-elf/4.3.2/../../../../arm-elf/lib/libc.a(lib_a-fclose.o)

.protected      0x40000040       0x78
                0x40000040                __protected_beg__ = .
 *(.protected)
 .protected     0x40000040       0x78 ./Startup.o
                0x40000040                __abort_dat
                0x400000b8                __protected_end__ = .

.data           0x400000b8      0x860 load address 0x00010fb0
                0x400000b8                __data_beg__ = .
                0x00010fb0                __data_beg_src__ = __end_of_intvects__
 *(.data)
 .data          0x400000b8       0x3c ./Startup.o
                0x400000c8                __stack_beg_fiq
                0x400000c0                __stack_beg_abt
                0x400000b8                __stack_beg_und
                0x400000d8                __stack_beg_svc
                0x400000d0                __stack_beg_irq
                0x400000cc                __stack_end_fiq
                0x400000c4                __stack_end_abt
                0x400000ec                __heap_beg
                0x400000dc                __stack_end_svc
                0x400000e0                __stack_beg_sys
                0x400000f0                __heap_end
                0x400000bc                __stack_end_und
                0x400000e4                __stack_end_sys
                0x400000e8                __heap_max
                0x400000d4                __stack_end_irq
 .data          0x400000f4        0x0 ./main.o
 .data          0x400000f4        0x1 ./fat/diskio.o
                0x400000f4                Stat
 .data          0x400000f5        0x0 ./fat/ff.o
 .data          0x400000f5        0x0 ./fat/rtc.o
 .data          0x400000f5        0x0 ./fat/option/ccsbcs.o
 .data          0x400000f5        0x0 ./fat/option/reentrant.o
 .data          0x400000f5        0x0 ./drivers/uart/uart0.o
 .data          0x400000f5        0x0 ./drivers/i2c.o
 .data          0x400000f5        0x0 ./drivers/pcm1774.o
 .data          0x400000f5        0x0 ./drivers/ssp_spi.o
 .data          0x400000f5        0x0 ./drivers/sta013.o
 .data          0x400000f5        0x0 ./System/cpu.o
 .data          0x400000f5        0x0 ./System/crash.o
 .data          0x400000f5        0x0 ./System/fiqISR.o
 .data          0x400000f5        0x0 ./System/rprintf.o
 .data          0x400000f5        0x0 ./System/syscalls.o
 .data          0x400000f5        0x0 ./System/watchdog.o
 .data          0x400000f5        0x0 ./General/userInterface.o
 .data          0x400000f5        0x0 ./FreeRTOS/croutine.o
 .data          0x400000f5        0x0 ./FreeRTOS/heap_3.o
 .data          0x400000f5        0x0 ./FreeRTOS/list.o
 .data          0x400000f5        0x0 ./FreeRTOS/port.o
 *fill*         0x400000f5        0x3 00
 .data          0x400000f8        0x4 ./FreeRTOS/portISR.o
                0x400000f8                ulCriticalNesting
 .data          0x400000fc        0x0 ./FreeRTOS/queue.o
 .data          0x400000fc        0x4 ./FreeRTOS/tasks.o
 .data          0x40000100        0x0 ./FreeRTOS/hooks/hooks.o
 .data          0x40000100        0x0 /cygdrive/c/CmpE146Package/GNUARM/bin/../lib/gcc/arm-elf/4.3.2/libgcc.a(_udivsi3.o)
 .data          0x40000100        0x0 /cygdrive/c/CmpE146Package/GNUARM/bin/../lib/gcc/arm-elf/4.3.2/libgcc.a(_divsi3.o)
 .data          0x40000100        0x0 /cygdrive/c/CmpE146Package/GNUARM/bin/../lib/gcc/arm-elf/4.3.2/libgcc.a(_umodsi3.o)
 .data          0x40000100        0x0 /cygdrive/c/CmpE146Package/GNUARM/bin/../lib/gcc/arm-elf/4.3.2/libgcc.a(_dvmd_tls.o)
 .data          0x40000100        0x0 /cygdrive/c/CmpE146Package/GNUARM/bin/../lib/gcc/arm-elf/4.3.2/libgcc.a(_divdi3.o)
 .data          0x40000100        0x0 /cygdrive/c/CmpE146Package/GNUARM/bin/../lib/gcc/arm-elf/4.3.2/libgcc.a(_udivdi3.o)
 .data          0x40000100        0x0 /cygdrive/c/CmpE146Package/GNUARM/bin/../lib/gcc/arm-elf/4.3.2/libgcc.a(_clz.o)
 .data          0x40000100        0x0 /cygdrive/c/CmpE146Package/GNUARM/bin/../lib/gcc/arm-elf/4.3.2/../../../../arm-elf/lib/libc.a(lib_a-atoi.o)
 .data          0x40000100        0x0 /cygdrive/c/CmpE146Package/GNUARM/bin/../lib/gcc/arm-elf/4.3.2/../../../../arm-elf/lib/libc.a(lib_a-iprintf.o)
 .data          0x40000100        0x0 /cygdrive/c/CmpE146Package/GNUARM/bin/../lib/gcc/arm-elf/4.3.2/../../../../arm-elf/lib/libc.a(lib_a-malloc.o)
 .data          0x40000100      0x410 /cygdrive/c/CmpE146Package/GNUARM/bin/../lib/gcc/arm-elf/4.3.2/../../../../arm-elf/lib/libc.a(lib_a-mallocr.o)
                0x4000050c                __malloc_sbrk_base
                0x40000100                __malloc_av_
                0x40000508                __malloc_trim_threshold
 .data          0x40000510        0x0 /cygdrive/c/CmpE146Package/GNUARM/bin/../lib/gcc/arm-elf/4.3.2/../../../../arm-elf/lib/libc.a(lib_a-memcmp.o)
 .data          0x40000510        0x0 /cygdrive/c/CmpE146Package/GNUARM/bin/../lib/gcc/arm-elf/4.3.2/../../../../arm-elf/lib/libc.a(lib_a-memcpy.o)
 .data          0x40000510        0x0 /cygdrive/c/CmpE146Package/GNUARM/bin/../lib/gcc/arm-elf/4.3.2/../../../../arm-elf/lib/libc.a(lib_a-memset.o)
 .data          0x40000510        0x0 /cygdrive/c/CmpE146Package/GNUARM/bin/../lib/gcc/arm-elf/4.3.2/../../../../arm-elf/lib/libc.a(lib_a-mlock.o)
 .data          0x40000510        0x0 /cygdrive/c/CmpE146Package/GNUARM/bin/../lib/gcc/arm-elf/4.3.2/../../../../arm-elf/lib/libc.a(lib_a-siprintf.o)
 .data          0x40000510        0x0 /cygdrive/c/CmpE146Package/GNUARM/bin/../lib/gcc/arm-elf/4.3.2/../../../../arm-elf/lib/libc.a(lib_a-strcmp.o)
 .data          0x40000510        0x0 /cygdrive/c/CmpE146Package/GNUARM/bin/../lib/gcc/arm-elf/4.3.2/../../../../arm-elf/lib/libc.a(lib_a-strlen.o)
 .data          0x40000510        0x0 /cygdrive/c/CmpE146Package/GNUARM/bin/../lib/gcc/arm-elf/4.3.2/../../../../arm-elf/lib/libc.a(lib_a-strncpy.o)
 .data          0x40000510        0x0 /cygdrive/c/CmpE146Package/GNUARM/bin/../lib/gcc/arm-elf/4.3.2/../../../../arm-elf/lib/libc.a(lib_a-strtok.o)
 .data          0x40000510        0x0 /cygdrive/c/CmpE146Package/GNUARM/bin/../lib/gcc/arm-elf/4.3.2/../../../../arm-elf/lib/libc.a(lib_a-strtok_r.o)
 .data          0x40000510        0x0 /cygdrive/c/CmpE146Package/GNUARM/bin/../lib/gcc/arm-elf/4.3.2/../../../../arm-elf/lib/libc.a(lib_a-strtol.o)
 .data          0x40000510        0x0 /cygdrive/c/CmpE146Package/GNUARM/bin/../lib/gcc/arm-elf/4.3.2/../../../../arm-elf/lib/libc.a(lib_a-vfiprintf.o)
 .data          0x40000510        0x0 /cygdrive/c/CmpE146Package/GNUARM/bin/../lib/gcc/arm-elf/4.3.2/../../../../arm-elf/lib/libc.a(lib_a-wsetup.o)
 .data          0x40000510        0x4 /cygdrive/c/CmpE146Package/GNUARM/bin/../lib/gcc/arm-elf/4.3.2/../../../../arm-elf/lib/libc.a(lib_a-ctype_.o)
                0x40000510                __ctype_ptr
 .data          0x40000514        0x0 /cygdrive/c/CmpE146Package/GNUARM/bin/../lib/gcc/arm-elf/4.3.2/../../../../arm-elf/lib/libc.a(lib_a-fflush.o)
 .data          0x40000514        0x0 /cygdrive/c/CmpE146Package/GNUARM/bin/../lib/gcc/arm-elf/4.3.2/../../../../arm-elf/lib/libc.a(lib_a-findfp.o)
 .data          0x40000514        0x0 /cygdrive/c/CmpE146Package/GNUARM/bin/../lib/gcc/arm-elf/4.3.2/../../../../arm-elf/lib/libc.a(lib_a-freer.o)
 .data          0x40000514        0x0 /cygdrive/c/CmpE146Package/GNUARM/bin/../lib/gcc/arm-elf/4.3.2/../../../../arm-elf/lib/libc.a(lib_a-fvwrite.o)
 .data          0x40000514        0x0 /cygdrive/c/CmpE146Package/GNUARM/bin/../lib/gcc/arm-elf/4.3.2/../../../../arm-elf/lib/libc.a(lib_a-fwalk.o)
 .data          0x40000514      0x404 /cygdrive/c/CmpE146Package/GNUARM/bin/../lib/gcc/arm-elf/4.3.2/../../../../arm-elf/lib/libc.a(lib_a-impure.o)
                0x40000514                _impure_ptr
 .data          0x40000918        0x0 /cygdrive/c/CmpE146Package/GNUARM/bin/../lib/gcc/arm-elf/4.3.2/../../../../arm-elf/lib/libc.a(lib_a-makebuf.o)
 .data          0x40000918        0x0 /cygdrive/c/CmpE146Package/GNUARM/bin/../lib/gcc/arm-elf/4.3.2/../../../../arm-elf/lib/libc.a(lib_a-memchr.o)
 .data          0x40000918        0x0 /cygdrive/c/CmpE146Package/GNUARM/bin/../lib/gcc/arm-elf/4.3.2/../../../../arm-elf/lib/libc.a(lib_a-memmove.o)
 .data          0x40000918        0x0 /cygdrive/c/CmpE146Package/GNUARM/bin/../lib/gcc/arm-elf/4.3.2/../../../../arm-elf/lib/libc.a(lib_a-reallocr.o)
 .data          0x40000918        0x0 /cygdrive/c/CmpE146Package/GNUARM/bin/../lib/gcc/arm-elf/4.3.2/../../../../arm-elf/lib/libc.a(lib_a-stdio.o)
 .data          0x40000918        0x0 /cygdrive/c/CmpE146Package/GNUARM/bin/../lib/gcc/arm-elf/4.3.2/../../../../arm-elf/lib/libc.a(lib_a-fclose.o)
                0x40000918                __data_end__ = .

.bss            0x40000918      0x17d
                0x40000918                __bss_beg__ = .
 *(.bss)
 .bss           0x40000918        0x0 ./Startup.o
 .bss           0x40000918        0x0 ./main.o
 .bss           0x40000918        0x1 ./fat/diskio.o
 *fill*         0x40000919        0x3 00
 .bss           0x4000091c        0x8 ./fat/ff.o
 .bss           0x40000924        0x0 ./fat/rtc.o
 .bss           0x40000924        0x0 ./fat/option/ccsbcs.o
 .bss           0x40000924        0x0 ./fat/option/reentrant.o
 .bss           0x40000924        0xc ./drivers/uart/uart0.o
 .bss           0x40000930       0x14 ./drivers/i2c.o
 .bss           0x40000944        0x0 ./drivers/pcm1774.o
 .bss           0x40000944        0x0 ./drivers/ssp_spi.o
 .bss           0x40000944        0x0 ./drivers/sta013.o
 .bss           0x40000944        0x0 ./System/cpu.o
 .bss           0x40000944        0x0 ./System/crash.o
 .bss           0x40000944        0x0 ./System/fiqISR.o
 .bss           0x40000944        0x4 ./System/rprintf.o
 .bss           0x40000948        0x4 ./System/syscalls.o
 .bss           0x4000094c        0x0 ./System/watchdog.o
 .bss           0x4000094c        0x0 ./General/userInterface.o
 .bss           0x4000094c        0x0 ./FreeRTOS/croutine.o
 .bss           0x4000094c        0x0 ./FreeRTOS/heap_3.o
 .bss           0x4000094c        0x0 ./FreeRTOS/list.o
 .bss           0x4000094c        0x0 ./FreeRTOS/port.o
 .bss           0x4000094c        0x0 ./FreeRTOS/portISR.o
 .bss           0x4000094c        0x0 ./FreeRTOS/queue.o
 .bss           0x4000094c      0x100 ./FreeRTOS/tasks.o
                0x4000094c                pxCurrentTCB
                0x40000954                ulISROverhead
                0x40000950                xTickCount
 .bss           0x40000a4c        0x0 ./FreeRTOS/hooks/hooks.o
 .bss           0x40000a4c        0x0 /cygdrive/c/CmpE146Package/GNUARM/bin/../lib/gcc/arm-elf/4.3.2/libgcc.a(_udivsi3.o)
 .bss           0x40000a4c        0x0 /cygdrive/c/CmpE146Package/GNUARM/bin/../lib/gcc/arm-elf/4.3.2/libgcc.a(_divsi3.o)
 .bss           0x40000a4c        0x0 /cygdrive/c/CmpE146Package/GNUARM/bin/../lib/gcc/arm-elf/4.3.2/libgcc.a(_umodsi3.o)
 .bss           0x40000a4c        0x0 /cygdrive/c/CmpE146Package/GNUARM/bin/../lib/gcc/arm-elf/4.3.2/libgcc.a(_dvmd_tls.o)
 .bss           0x40000a4c        0x0 /cygdrive/c/CmpE146Package/GNUARM/bin/../lib/gcc/arm-elf/4.3.2/libgcc.a(_divdi3.o)
 .bss           0x40000a4c        0x0 /cygdrive/c/CmpE146Package/GNUARM/bin/../lib/gcc/arm-elf/4.3.2/libgcc.a(_udivdi3.o)
 .bss           0x40000a4c        0x0 /cygdrive/c/CmpE146Package/GNUARM/bin/../lib/gcc/arm-elf/4.3.2/libgcc.a(_clz.o)
 .bss           0x40000a4c        0x0 /cygdrive/c/CmpE146Package/GNUARM/bin/../lib/gcc/arm-elf/4.3.2/../../../../arm-elf/lib/libc.a(lib_a-atoi.o)
 .bss           0x40000a4c        0x0 /cygdrive/c/CmpE146Package/GNUARM/bin/../lib/gcc/arm-elf/4.3.2/../../../../arm-elf/lib/libc.a(lib_a-iprintf.o)
 .bss           0x40000a4c        0x0 /cygdrive/c/CmpE146Package/GNUARM/bin/../lib/gcc/arm-elf/4.3.2/../../../../arm-elf/lib/libc.a(lib_a-malloc.o)
 .bss           0x40000a4c       0x34 /cygdrive/c/CmpE146Package/GNUARM/bin/../lib/gcc/arm-elf/4.3.2/../../../../arm-elf/lib/libc.a(lib_a-mallocr.o)
                0x40000a4c                __malloc_top_pad
                0x40000a50                __malloc_max_sbrked_mem
                0x40000a58                __malloc_current_mallinfo
                0x40000a54                __malloc_max_total_mem
 .bss           0x40000a80        0x0 /cygdrive/c/CmpE146Package/GNUARM/bin/../lib/gcc/arm-elf/4.3.2/../../../../arm-elf/lib/libc.a(lib_a-memcmp.o)
 .bss           0x40000a80        0x0 /cygdrive/c/CmpE146Package/GNUARM/bin/../lib/gcc/arm-elf/4.3.2/../../../../arm-elf/lib/libc.a(lib_a-memcpy.o)
 .bss           0x40000a80        0x0 /cygdrive/c/CmpE146Package/GNUARM/bin/../lib/gcc/arm-elf/4.3.2/../../../../arm-elf/lib/libc.a(lib_a-memset.o)
 .bss           0x40000a80        0x0 /cygdrive/c/CmpE146Package/GNUARM/bin/../lib/gcc/arm-elf/4.3.2/../../../../arm-elf/lib/libc.a(lib_a-mlock.o)
 .bss           0x40000a80        0x0 /cygdrive/c/CmpE146Package/GNUARM/bin/../lib/gcc/arm-elf/4.3.2/../../../../arm-elf/lib/libc.a(lib_a-siprintf.o)
 .bss           0x40000a80        0x0 /cygdrive/c/CmpE146Package/GNUARM/bin/../lib/gcc/arm-elf/4.3.2/../../../../arm-elf/lib/libc.a(lib_a-strcmp.o)
 .bss           0x40000a80        0x0 /cygdrive/c/CmpE146Package/GNUARM/bin/../lib/gcc/arm-elf/4.3.2/../../../../arm-elf/lib/libc.a(lib_a-strlen.o)
 .bss           0x40000a80        0x0 /cygdrive/c/CmpE146Package/GNUARM/bin/../lib/gcc/arm-elf/4.3.2/../../../../arm-elf/lib/libc.a(lib_a-strncpy.o)
 .bss           0x40000a80        0x0 /cygdrive/c/CmpE146Package/GNUARM/bin/../lib/gcc/arm-elf/4.3.2/../../../../arm-elf/lib/libc.a(lib_a-strtok.o)
 .bss           0x40000a80        0x0 /cygdrive/c/CmpE146Package/GNUARM/bin/../lib/gcc/arm-elf/4.3.2/../../../../arm-elf/lib/libc.a(lib_a-strtok_r.o)
 .bss           0x40000a80        0x0 /cygdrive/c/CmpE146Package/GNUARM/bin/../lib/gcc/arm-elf/4.3.2/../../../../arm-elf/lib/libc.a(lib_a-strtol.o)
 .bss           0x40000a80        0x0 /cygdrive/c/CmpE146Package/GNUARM/bin/../lib/gcc/arm-elf/4.3.2/../../../../arm-elf/lib/libc.a(lib_a-vfiprintf.o)
 .bss           0x40000a80        0x0 /cygdrive/c/CmpE146Package/GNUARM/bin/../lib/gcc/arm-elf/4.3.2/../../../../arm-elf/lib/libc.a(lib_a-wsetup.o)
 .bss           0x40000a80        0x0 /cygdrive/c/CmpE146Package/GNUARM/bin/../lib/gcc/arm-elf/4.3.2/../../../../arm-elf/lib/libc.a(lib_a-ctype_.o)
 .bss           0x40000a80        0x0 /cygdrive/c/CmpE146Package/GNUARM/bin/../lib/gcc/arm-elf/4.3.2/../../../../arm-elf/lib/libc.a(lib_a-fflush.o)
 .bss           0x40000a80        0x0 /cygdrive/c/CmpE146Package/GNUARM/bin/../lib/gcc/arm-elf/4.3.2/../../../../arm-elf/lib/libc.a(lib_a-findfp.o)
 .bss           0x40000a80        0x0 /cygdrive/c/CmpE146Package/GNUARM/bin/../lib/gcc/arm-elf/4.3.2/../../../../arm-elf/lib/libc.a(lib_a-freer.o)
 .bss           0x40000a80        0x0 /cygdrive/c/CmpE146Package/GNUARM/bin/../lib/gcc/arm-elf/4.3.2/../../../../arm-elf/lib/libc.a(lib_a-fvwrite.o)
 .bss           0x40000a80        0x0 /cygdrive/c/CmpE146Package/GNUARM/bin/../lib/gcc/arm-elf/4.3.2/../../../../arm-elf/lib/libc.a(lib_a-fwalk.o)
 .bss           0x40000a80        0x0 /cygdrive/c/CmpE146Package/GNUARM/bin/../lib/gcc/arm-elf/4.3.2/../../../../arm-elf/lib/libc.a(lib_a-impure.o)
 .bss           0x40000a80        0x0 /cygdrive/c/CmpE146Package/GNUARM/bin/../lib/gcc/arm-elf/4.3.2/../../../../arm-elf/lib/libc.a(lib_a-makebuf.o)
 .bss           0x40000a80        0x0 /cygdrive/c/CmpE146Package/GNUARM/bin/../lib/gcc/arm-elf/4.3.2/../../../../arm-elf/lib/libc.a(lib_a-memchr.o)
 .bss           0x40000a80        0x0 /cygdrive/c/CmpE146Package/GNUARM/bin/../lib/gcc/arm-elf/4.3.2/../../../../arm-elf/lib/libc.a(lib_a-memmove.o)
 .bss           0x40000a80        0x0 /cygdrive/c/CmpE146Package/GNUARM/bin/../lib/gcc/arm-elf/4.3.2/../../../../arm-elf/lib/libc.a(lib_a-reallocr.o)
 .bss           0x40000a80        0x0 /cygdrive/c/CmpE146Package/GNUARM/bin/../lib/gcc/arm-elf/4.3.2/../../../../arm-elf/lib/libc.a(lib_a-stdio.o)
 .bss           0x40000a80        0x0 /cygdrive/c/CmpE146Package/GNUARM/bin/../lib/gcc/arm-elf/4.3.2/../../../../arm-elf/lib/libc.a(lib_a-fclose.o)
 COMMON         0x40000a80        0x9 ./fat/diskio.o
                0x40000a80                CardType
                0x40000a81                Timer2
                0x40000a84                SPIAccessSemaphore
                0x40000a88                Timer1
 *fill*         0x40000a89        0x3 00
 COMMON         0x40000a8c        0x8 ./drivers/i2c.o
                0x40000a8c                i2cReadCompleteSignal
                0x40000a90                i2cLock
 COMMON         0x40000a94        0x1 ./drivers/ssp_spi.o
                0x40000a94                sspSpiDummyByte
                0x40000a98                . = ALIGN (0x4)
                0x40000a98                . = ALIGN (0x4)
                0x40000a98                _end = .
                0x40000a98                _bss_end__ = .
                0x40000a98                __bss_end__ = .
                0x40000a98                __heap_beg__ = .
                0x40000a98                __heap_end__ = .
                0x40000a98                __end__ = .
                0x40000a98                PROVIDE (end, .)
OUTPUT(lpc2148_FreeRTOS_v6_SD.elf elf32-littlearm)

.ARM.attributes
                0x00000000       0x10
 .ARM.attributes
                0x00000000       0x10 ./Startup.o
 .ARM.attributes
                0x00000010       0x10 ./main.o
 .ARM.attributes
                0x00000020       0x10 ./fat/diskio.o
 .ARM.attributes
                0x00000030       0x10 ./fat/ff.o
 .ARM.attributes
                0x00000040       0x10 ./fat/rtc.o
 .ARM.attributes
                0x00000050       0x10 ./fat/option/ccsbcs.o
 .ARM.attributes
                0x00000060       0x10 ./fat/option/reentrant.o
 .ARM.attributes
                0x00000070       0x10 ./drivers/uart/uart0.o
 .ARM.attributes
                0x00000080       0x10 ./drivers/i2c.o
 .ARM.attributes
                0x00000090       0x10 ./drivers/pcm1774.o
 .ARM.attributes
                0x000000a0       0x10 ./drivers/ssp_spi.o
 .ARM.attributes
                0x000000b0       0x10 ./drivers/sta013.o
 .ARM.attributes
                0x000000c0       0x10 ./System/cpu.o
 .ARM.attributes
                0x000000d0       0x10 ./System/crash.o
 .ARM.attributes
                0x000000e0       0x10 ./System/fiqISR.o
 .ARM.attributes
                0x000000f0       0x10 ./System/rprintf.o
 .ARM.attributes
                0x00000100       0x10 ./System/syscalls.o
 .ARM.attributes
                0x00000110       0x10 ./System/watchdog.o
 .ARM.attributes
                0x00000120       0x10 ./General/userInterface.o
 .ARM.attributes
                0x00000130       0x10 ./FreeRTOS/croutine.o
 .ARM.attributes
                0x00000140       0x10 ./FreeRTOS/heap_3.o
 .ARM.attributes
                0x00000150       0x10 ./FreeRTOS/list.o
 .ARM.attributes
                0x00000160       0x10 ./FreeRTOS/port.o
 .ARM.attributes
                0x00000170       0x10 ./FreeRTOS/portISR.o
 .ARM.attributes
                0x00000180       0x10 ./FreeRTOS/queue.o
 .ARM.attributes
                0x00000190       0x10 ./FreeRTOS/tasks.o
 .ARM.attributes
                0x000001a0       0x10 ./FreeRTOS/hooks/hooks.o
 .ARM.attributes
                0x000001b0       0x10 /cygdrive/c/CmpE146Package/GNUARM/bin/../lib/gcc/arm-elf/4.3.2/libgcc.a(_udivsi3.o)
 .ARM.attributes
                0x000001c0       0x10 /cygdrive/c/CmpE146Package/GNUARM/bin/../lib/gcc/arm-elf/4.3.2/libgcc.a(_divsi3.o)
 .ARM.attributes
                0x000001d0       0x10 /cygdrive/c/CmpE146Package/GNUARM/bin/../lib/gcc/arm-elf/4.3.2/libgcc.a(_umodsi3.o)
 .ARM.attributes
                0x000001e0       0x10 /cygdrive/c/CmpE146Package/GNUARM/bin/../lib/gcc/arm-elf/4.3.2/libgcc.a(_dvmd_tls.o)
 .ARM.attributes
                0x000001f0       0x10 /cygdrive/c/CmpE146Package/GNUARM/bin/../lib/gcc/arm-elf/4.3.2/libgcc.a(_divdi3.o)
 .ARM.attributes
                0x00000200       0x10 /cygdrive/c/CmpE146Package/GNUARM/bin/../lib/gcc/arm-elf/4.3.2/libgcc.a(_udivdi3.o)
 .ARM.attributes
                0x00000210       0x10 /cygdrive/c/CmpE146Package/GNUARM/bin/../lib/gcc/arm-elf/4.3.2/libgcc.a(_clz.o)
 .ARM.attributes
                0x00000220       0x10 /cygdrive/c/CmpE146Package/GNUARM/bin/../lib/gcc/arm-elf/4.3.2/../../../../arm-elf/lib/libc.a(lib_a-atoi.o)
 .ARM.attributes
                0x00000230       0x10 /cygdrive/c/CmpE146Package/GNUARM/bin/../lib/gcc/arm-elf/4.3.2/../../../../arm-elf/lib/libc.a(lib_a-iprintf.o)
 .ARM.attributes
                0x00000240       0x10 /cygdrive/c/CmpE146Package/GNUARM/bin/../lib/gcc/arm-elf/4.3.2/../../../../arm-elf/lib/libc.a(lib_a-malloc.o)
 .ARM.attributes
                0x00000250       0x10 /cygdrive/c/CmpE146Package/GNUARM/bin/../lib/gcc/arm-elf/4.3.2/../../../../arm-elf/lib/libc.a(lib_a-mallocr.o)
 .ARM.attributes
                0x00000260       0x10 /cygdrive/c/CmpE146Package/GNUARM/bin/../lib/gcc/arm-elf/4.3.2/../../../../arm-elf/lib/libc.a(lib_a-memcmp.o)
 .ARM.attributes
                0x00000270       0x10 /cygdrive/c/CmpE146Package/GNUARM/bin/../lib/gcc/arm-elf/4.3.2/../../../../arm-elf/lib/libc.a(lib_a-memcpy.o)
 .ARM.attributes
                0x00000280       0x10 /cygdrive/c/CmpE146Package/GNUARM/bin/../lib/gcc/arm-elf/4.3.2/../../../../arm-elf/lib/libc.a(lib_a-memset.o)
 .ARM.attributes
                0x00000290       0x10 /cygdrive/c/CmpE146Package/GNUARM/bin/../lib/gcc/arm-elf/4.3.2/../../../../arm-elf/lib/libc.a(lib_a-mlock.o)
 .ARM.attributes
                0x000002a0       0x10 /cygdrive/c/CmpE146Package/GNUARM/bin/../lib/gcc/arm-elf/4.3.2/../../../../arm-elf/lib/libc.a(lib_a-siprintf.o)
 .ARM.attributes
                0x000002b0       0x10 /cygdrive/c/CmpE146Package/GNUARM/bin/../lib/gcc/arm-elf/4.3.2/../../../../arm-elf/lib/libc.a(lib_a-strcmp.o)
 .ARM.attributes
                0x000002c0       0x10 /cygdrive/c/CmpE146Package/GNUARM/bin/../lib/gcc/arm-elf/4.3.2/../../../../arm-elf/lib/libc.a(lib_a-strlen.o)
 .ARM.attributes
                0x000002d0       0x10 /cygdrive/c/CmpE146Package/GNUARM/bin/../lib/gcc/arm-elf/4.3.2/../../../../arm-elf/lib/libc.a(lib_a-strncpy.o)
 .ARM.attributes
                0x000002e0       0x10 /cygdrive/c/CmpE146Package/GNUARM/bin/../lib/gcc/arm-elf/4.3.2/../../../../arm-elf/lib/libc.a(lib_a-strtok.o)
 .ARM.attributes
                0x000002f0       0x10 /cygdrive/c/CmpE146Package/GNUARM/bin/../lib/gcc/arm-elf/4.3.2/../../../../arm-elf/lib/libc.a(lib_a-strtok_r.o)
 .ARM.attributes
                0x00000300       0x10 /cygdrive/c/CmpE146Package/GNUARM/bin/../lib/gcc/arm-elf/4.3.2/../../../../arm-elf/lib/libc.a(lib_a-strtol.o)
 .ARM.attributes
                0x00000310       0x10 /cygdrive/c/CmpE146Package/GNUARM/bin/../lib/gcc/arm-elf/4.3.2/../../../../arm-elf/lib/libc.a(lib_a-vfiprintf.o)
 .ARM.attributes
                0x00000320       0x10 /cygdrive/c/CmpE146Package/GNUARM/bin/../lib/gcc/arm-elf/4.3.2/../../../../arm-elf/lib/libc.a(lib_a-wsetup.o)
 .ARM.attributes
                0x00000330       0x10 /cygdrive/c/CmpE146Package/GNUARM/bin/../lib/gcc/arm-elf/4.3.2/../../../../arm-elf/lib/libc.a(lib_a-ctype_.o)
 .ARM.attributes
                0x00000340       0x10 /cygdrive/c/CmpE146Package/GNUARM/bin/../lib/gcc/arm-elf/4.3.2/../../../../arm-elf/lib/libc.a(lib_a-fflush.o)
 .ARM.attributes
                0x00000350       0x10 /cygdrive/c/CmpE146Package/GNUARM/bin/../lib/gcc/arm-elf/4.3.2/../../../../arm-elf/lib/libc.a(lib_a-findfp.o)
 .ARM.attributes
                0x00000360       0x10 /cygdrive/c/CmpE146Package/GNUARM/bin/../lib/gcc/arm-elf/4.3.2/../../../../arm-elf/lib/libc.a(lib_a-freer.o)
 .ARM.attributes
                0x00000370       0x10 /cygdrive/c/CmpE146Package/GNUARM/bin/../lib/gcc/arm-elf/4.3.2/../../../../arm-elf/lib/libc.a(lib_a-fvwrite.o)
 .ARM.attributes
                0x00000380       0x10 /cygdrive/c/CmpE146Package/GNUARM/bin/../lib/gcc/arm-elf/4.3.2/../../../../arm-elf/lib/libc.a(lib_a-fwalk.o)
 .ARM.attributes
                0x00000390       0x10 /cygdrive/c/CmpE146Package/GNUARM/bin/../lib/gcc/arm-elf/4.3.2/../../../../arm-elf/lib/libc.a(lib_a-impure.o)
 .ARM.attributes
                0x000003a0       0x10 /cygdrive/c/CmpE146Package/GNUARM/bin/../lib/gcc/arm-elf/4.3.2/../../../../arm-elf/lib/libc.a(lib_a-makebuf.o)
 .ARM.attributes
                0x000003b0       0x10 /cygdrive/c/CmpE146Package/GNUARM/bin/../lib/gcc/arm-elf/4.3.2/../../../../arm-elf/lib/libc.a(lib_a-memchr.o)
 .ARM.attributes
                0x000003c0       0x10 /cygdrive/c/CmpE146Package/GNUARM/bin/../lib/gcc/arm-elf/4.3.2/../../../../arm-elf/lib/libc.a(lib_a-memmove.o)
 .ARM.attributes
                0x000003d0       0x10 /cygdrive/c/CmpE146Package/GNUARM/bin/../lib/gcc/arm-elf/4.3.2/../../../../arm-elf/lib/libc.a(lib_a-reallocr.o)
 .ARM.attributes
                0x000003e0       0x10 /cygdrive/c/CmpE146Package/GNUARM/bin/../lib/gcc/arm-elf/4.3.2/../../../../arm-elf/lib/libc.a(lib_a-stdio.o)
 .ARM.attributes
                0x000003f0       0x10 /cygdrive/c/CmpE146Package/GNUARM/bin/../lib/gcc/arm-elf/4.3.2/../../../../arm-elf/lib/libc.a(lib_a-fclose.o)

.comment        0x00000000      0x426
 .comment       0x00000000       0x12 ./main.o
 .comment       0x00000012       0x12 ./fat/diskio.o
 .comment       0x00000024       0x12 ./fat/ff.o
 .comment       0x00000036       0x12 ./fat/rtc.o
 .comment       0x00000048       0x12 ./fat/option/ccsbcs.o
 .comment       0x0000005a       0x12 ./fat/option/reentrant.o
 .comment       0x0000006c       0x12 ./drivers/uart/uart0.o
 .comment       0x0000007e       0x12 ./drivers/i2c.o
 .comment       0x00000090       0x12 ./drivers/pcm1774.o
 .comment       0x000000a2       0x12 ./drivers/ssp_spi.o
 .comment       0x000000b4       0x12 ./drivers/sta013.o
 .comment       0x000000c6       0x12 ./System/cpu.o
 .comment       0x000000d8       0x12 ./System/crash.o
 .comment       0x000000ea       0x12 ./System/fiqISR.o
 .comment       0x000000fc       0x12 ./System/rprintf.o
 .comment       0x0000010e       0x12 ./System/syscalls.o
 .comment       0x00000120       0x12 ./System/watchdog.o
 .comment       0x00000132       0x12 ./General/userInterface.o
 .comment       0x00000144       0x12 ./FreeRTOS/croutine.o
 .comment       0x00000156       0x12 ./FreeRTOS/heap_3.o
 .comment       0x00000168       0x12 ./FreeRTOS/list.o
 .comment       0x0000017a       0x12 ./FreeRTOS/port.o
 .comment       0x0000018c       0x12 ./FreeRTOS/portISR.o
 .comment       0x0000019e       0x12 ./FreeRTOS/queue.o
 .comment       0x000001b0       0x12 ./FreeRTOS/tasks.o
 .comment       0x000001c2       0x12 ./FreeRTOS/hooks/hooks.o
 .comment       0x000001d4       0x12 /cygdrive/c/CmpE146Package/GNUARM/bin/../lib/gcc/arm-elf/4.3.2/libgcc.a(_divdi3.o)
 .comment       0x000001e6       0x12 /cygdrive/c/CmpE146Package/GNUARM/bin/../lib/gcc/arm-elf/4.3.2/libgcc.a(_udivdi3.o)
 .comment       0x000001f8       0x12 /cygdrive/c/CmpE146Package/GNUARM/bin/../lib/gcc/arm-elf/4.3.2/libgcc.a(_clz.o)
 .comment       0x0000020a       0x12 /cygdrive/c/CmpE146Package/GNUARM/bin/../lib/gcc/arm-elf/4.3.2/../../../../arm-elf/lib/libc.a(lib_a-atoi.o)
 .comment       0x0000021c       0x12 /cygdrive/c/CmpE146Package/GNUARM/bin/../lib/gcc/arm-elf/4.3.2/../../../../arm-elf/lib/libc.a(lib_a-iprintf.o)
 .comment       0x0000022e       0x12 /cygdrive/c/CmpE146Package/GNUARM/bin/../lib/gcc/arm-elf/4.3.2/../../../../arm-elf/lib/libc.a(lib_a-malloc.o)
 .comment       0x00000240       0x12 /cygdrive/c/CmpE146Package/GNUARM/bin/../lib/gcc/arm-elf/4.3.2/../../../../arm-elf/lib/libc.a(lib_a-mallocr.o)
 .comment       0x00000252       0x12 /cygdrive/c/CmpE146Package/GNUARM/bin/../lib/gcc/arm-elf/4.3.2/../../../../arm-elf/lib/libc.a(lib_a-memcmp.o)
 .comment       0x00000264       0x12 /cygdrive/c/CmpE146Package/GNUARM/bin/../lib/gcc/arm-elf/4.3.2/../../../../arm-elf/lib/libc.a(lib_a-memcpy.o)
 .comment       0x00000276       0x12 /cygdrive/c/CmpE146Package/GNUARM/bin/../lib/gcc/arm-elf/4.3.2/../../../../arm-elf/lib/libc.a(lib_a-memset.o)
 .comment       0x00000288       0x12 /cygdrive/c/CmpE146Package/GNUARM/bin/../lib/gcc/arm-elf/4.3.2/../../../../arm-elf/lib/libc.a(lib_a-mlock.o)
 .comment       0x0000029a       0x12 /cygdrive/c/CmpE146Package/GNUARM/bin/../lib/gcc/arm-elf/4.3.2/../../../../arm-elf/lib/libc.a(lib_a-siprintf.o)
 .comment       0x000002ac       0x12 /cygdrive/c/CmpE146Package/GNUARM/bin/../lib/gcc/arm-elf/4.3.2/../../../../arm-elf/lib/libc.a(lib_a-strcmp.o)
 .comment       0x000002be       0x12 /cygdrive/c/CmpE146Package/GNUARM/bin/../lib/gcc/arm-elf/4.3.2/../../../../arm-elf/lib/libc.a(lib_a-strlen.o)
 .comment       0x000002d0       0x12 /cygdrive/c/CmpE146Package/GNUARM/bin/../lib/gcc/arm-elf/4.3.2/../../../../arm-elf/lib/libc.a(lib_a-strncpy.o)
 .comment       0x000002e2       0x12 /cygdrive/c/CmpE146Package/GNUARM/bin/../lib/gcc/arm-elf/4.3.2/../../../../arm-elf/lib/libc.a(lib_a-strtok.o)
 .comment       0x000002f4       0x12 /cygdrive/c/CmpE146Package/GNUARM/bin/../lib/gcc/arm-elf/4.3.2/../../../../arm-elf/lib/libc.a(lib_a-strtok_r.o)
 .comment       0x00000306       0x12 /cygdrive/c/CmpE146Package/GNUARM/bin/../lib/gcc/arm-elf/4.3.2/../../../../arm-elf/lib/libc.a(lib_a-strtol.o)
 .comment       0x00000318       0x12 /cygdrive/c/CmpE146Package/GNUARM/bin/../lib/gcc/arm-elf/4.3.2/../../../../arm-elf/lib/libc.a(lib_a-vfiprintf.o)
 .comment       0x0000032a       0x12 /cygdrive/c/CmpE146Package/GNUARM/bin/../lib/gcc/arm-elf/4.3.2/../../../../arm-elf/lib/libc.a(lib_a-wsetup.o)
 .comment       0x0000033c       0x12 /cygdrive/c/CmpE146Package/GNUARM/bin/../lib/gcc/arm-elf/4.3.2/../../../../arm-elf/lib/libc.a(lib_a-ctype_.o)
 .comment       0x0000034e       0x12 /cygdrive/c/CmpE146Package/GNUARM/bin/../lib/gcc/arm-elf/4.3.2/../../../../arm-elf/lib/libc.a(lib_a-fflush.o)
 .comment       0x00000360       0x12 /cygdrive/c/CmpE146Package/GNUARM/bin/../lib/gcc/arm-elf/4.3.2/../../../../arm-elf/lib/libc.a(lib_a-findfp.o)
 .comment       0x00000372       0x12 /cygdrive/c/CmpE146Package/GNUARM/bin/../lib/gcc/arm-elf/4.3.2/../../../../arm-elf/lib/libc.a(lib_a-freer.o)
 .comment       0x00000384       0x12 /cygdrive/c/CmpE146Package/GNUARM/bin/../lib/gcc/arm-elf/4.3.2/../../../../arm-elf/lib/libc.a(lib_a-fvwrite.o)
 .comment       0x00000396       0x12 /cygdrive/c/CmpE146Package/GNUARM/bin/../lib/gcc/arm-elf/4.3.2/../../../../arm-elf/lib/libc.a(lib_a-fwalk.o)
 .comment       0x000003a8       0x12 /cygdrive/c/CmpE146Package/GNUARM/bin/../lib/gcc/arm-elf/4.3.2/../../../../arm-elf/lib/libc.a(lib_a-impure.o)
 .comment       0x000003ba       0x12 /cygdrive/c/CmpE146Package/GNUARM/bin/../lib/gcc/arm-elf/4.3.2/../../../../arm-elf/lib/libc.a(lib_a-makebuf.o)
 .comment       0x000003cc       0x12 /cygdrive/c/CmpE146Package/GNUARM/bin/../lib/gcc/arm-elf/4.3.2/../../../../arm-elf/lib/libc.a(lib_a-memchr.o)
 .comment       0x000003de       0x12 /cygdrive/c/CmpE146Package/GNUARM/bin/../lib/gcc/arm-elf/4.3.2/../../../../arm-elf/lib/libc.a(lib_a-memmove.o)
 .comment       0x000003f0       0x12 /cygdrive/c/CmpE146Package/GNUARM/bin/../lib/gcc/arm-elf/4.3.2/../../../../arm-elf/lib/libc.a(lib_a-reallocr.o)
 .comment       0x00000402       0x12 /cygdrive/c/CmpE146Package/GNUARM/bin/../lib/gcc/arm-elf/4.3.2/../../../../arm-elf/lib/libc.a(lib_a-stdio.o)
 .comment       0x00000414       0x12 /cygdrive/c/CmpE146Package/GNUARM/bin/../lib/gcc/arm-elf/4.3.2/../../../../arm-elf/lib/libc.a(lib_a-fclose.o)

.debug_frame    0x00000000      0x818
 .debug_frame   0x00000000       0x28 /cygdrive/c/CmpE146Package/GNUARM/bin/../lib/gcc/arm-elf/4.3.2/libgcc.a(_udivsi3.o)
 .debug_frame   0x00000028       0x28 /cygdrive/c/CmpE146Package/GNUARM/bin/../lib/gcc/arm-elf/4.3.2/libgcc.a(_divsi3.o)
 .debug_frame   0x00000050       0x28 /cygdrive/c/CmpE146Package/GNUARM/bin/../lib/gcc/arm-elf/4.3.2/libgcc.a(_umodsi3.o)
 .debug_frame   0x00000078       0x38 /cygdrive/c/CmpE146Package/GNUARM/bin/../lib/gcc/arm-elf/4.3.2/libgcc.a(_divdi3.o)
 .debug_frame   0x000000b0       0x38 /cygdrive/c/CmpE146Package/GNUARM/bin/../lib/gcc/arm-elf/4.3.2/libgcc.a(_udivdi3.o)
 .debug_frame   0x000000e8       0x30 /cygdrive/c/CmpE146Package/GNUARM/bin/../lib/gcc/arm-elf/4.3.2/../../../../arm-elf/lib/libc.a(lib_a-atoi.o)
 .debug_frame   0x00000118       0x50 /cygdrive/c/CmpE146Package/GNUARM/bin/../lib/gcc/arm-elf/4.3.2/../../../../arm-elf/lib/libc.a(lib_a-iprintf.o)
 .debug_frame   0x00000168       0x30 /cygdrive/c/CmpE146Package/GNUARM/bin/../lib/gcc/arm-elf/4.3.2/../../../../arm-elf/lib/libc.a(lib_a-malloc.o)
 .debug_frame   0x00000198       0x38 /cygdrive/c/CmpE146Package/GNUARM/bin/../lib/gcc/arm-elf/4.3.2/../../../../arm-elf/lib/libc.a(lib_a-mallocr.o)
 .debug_frame   0x000001d0       0x2c /cygdrive/c/CmpE146Package/GNUARM/bin/../lib/gcc/arm-elf/4.3.2/../../../../arm-elf/lib/libc.a(lib_a-memcmp.o)
 .debug_frame   0x000001fc       0x2c /cygdrive/c/CmpE146Package/GNUARM/bin/../lib/gcc/arm-elf/4.3.2/../../../../arm-elf/lib/libc.a(lib_a-memcpy.o)
 .debug_frame   0x00000228       0x28 /cygdrive/c/CmpE146Package/GNUARM/bin/../lib/gcc/arm-elf/4.3.2/../../../../arm-elf/lib/libc.a(lib_a-memset.o)
 .debug_frame   0x00000250       0x30 /cygdrive/c/CmpE146Package/GNUARM/bin/../lib/gcc/arm-elf/4.3.2/../../../../arm-elf/lib/libc.a(lib_a-mlock.o)
 .debug_frame   0x00000280       0x58 /cygdrive/c/CmpE146Package/GNUARM/bin/../lib/gcc/arm-elf/4.3.2/../../../../arm-elf/lib/libc.a(lib_a-siprintf.o)
 .debug_frame   0x000002d8       0x20 /cygdrive/c/CmpE146Package/GNUARM/bin/../lib/gcc/arm-elf/4.3.2/../../../../arm-elf/lib/libc.a(lib_a-strcmp.o)
 .debug_frame   0x000002f8       0x20 /cygdrive/c/CmpE146Package/GNUARM/bin/../lib/gcc/arm-elf/4.3.2/../../../../arm-elf/lib/libc.a(lib_a-strlen.o)
 .debug_frame   0x00000318       0x28 /cygdrive/c/CmpE146Package/GNUARM/bin/../lib/gcc/arm-elf/4.3.2/../../../../arm-elf/lib/libc.a(lib_a-strncpy.o)
 .debug_frame   0x00000340       0x20 /cygdrive/c/CmpE146Package/GNUARM/bin/../lib/gcc/arm-elf/4.3.2/../../../../arm-elf/lib/libc.a(lib_a-strtok.o)
 .debug_frame   0x00000360       0x3c /cygdrive/c/CmpE146Package/GNUARM/bin/../lib/gcc/arm-elf/4.3.2/../../../../arm-elf/lib/libc.a(lib_a-strtok_r.o)
 .debug_frame   0x0000039c       0x50 /cygdrive/c/CmpE146Package/GNUARM/bin/../lib/gcc/arm-elf/4.3.2/../../../../arm-elf/lib/libc.a(lib_a-strtol.o)
 .debug_frame   0x000003ec       0x6c /cygdrive/c/CmpE146Package/GNUARM/bin/../lib/gcc/arm-elf/4.3.2/../../../../arm-elf/lib/libc.a(lib_a-vfiprintf.o)
 .debug_frame   0x00000458       0x2c /cygdrive/c/CmpE146Package/GNUARM/bin/../lib/gcc/arm-elf/4.3.2/../../../../arm-elf/lib/libc.a(lib_a-wsetup.o)
 .debug_frame   0x00000484       0x40 /cygdrive/c/CmpE146Package/GNUARM/bin/../lib/gcc/arm-elf/4.3.2/../../../../arm-elf/lib/libc.a(lib_a-fflush.o)
 .debug_frame   0x000004c4      0x10c /cygdrive/c/CmpE146Package/GNUARM/bin/../lib/gcc/arm-elf/4.3.2/../../../../arm-elf/lib/libc.a(lib_a-findfp.o)
 .debug_frame   0x000005d0       0x50 /cygdrive/c/CmpE146Package/GNUARM/bin/../lib/gcc/arm-elf/4.3.2/../../../../arm-elf/lib/libc.a(lib_a-freer.o)
 .debug_frame   0x00000620       0x38 /cygdrive/c/CmpE146Package/GNUARM/bin/../lib/gcc/arm-elf/4.3.2/../../../../arm-elf/lib/libc.a(lib_a-fvwrite.o)
 .debug_frame   0x00000658       0x58 /cygdrive/c/CmpE146Package/GNUARM/bin/../lib/gcc/arm-elf/4.3.2/../../../../arm-elf/lib/libc.a(lib_a-fwalk.o)
 .debug_frame   0x000006b0       0x30 /cygdrive/c/CmpE146Package/GNUARM/bin/../lib/gcc/arm-elf/4.3.2/../../../../arm-elf/lib/libc.a(lib_a-makebuf.o)
 .debug_frame   0x000006e0       0x28 /cygdrive/c/CmpE146Package/GNUARM/bin/../lib/gcc/arm-elf/4.3.2/../../../../arm-elf/lib/libc.a(lib_a-memchr.o)
 .debug_frame   0x00000708       0x2c /cygdrive/c/CmpE146Package/GNUARM/bin/../lib/gcc/arm-elf/4.3.2/../../../../arm-elf/lib/libc.a(lib_a-memmove.o)
 .debug_frame   0x00000734       0x38 /cygdrive/c/CmpE146Package/GNUARM/bin/../lib/gcc/arm-elf/4.3.2/../../../../arm-elf/lib/libc.a(lib_a-reallocr.o)
 .debug_frame   0x0000076c       0x70 /cygdrive/c/CmpE146Package/GNUARM/bin/../lib/gcc/arm-elf/4.3.2/../../../../arm-elf/lib/libc.a(lib_a-stdio.o)
 .debug_frame   0x000007dc       0x3c /cygdrive/c/CmpE146Package/GNUARM/bin/../lib/gcc/arm-elf/4.3.2/../../../../arm-elf/lib/libc.a(lib_a-fclose.o)

.debug_line     0x00000000     0x2902
 .debug_line    0x00000000       0x96 /cygdrive/c/CmpE146Package/GNUARM/bin/../lib/gcc/arm-elf/4.3.2/libgcc.a(_udivsi3.o)
 .debug_line    0x00000096       0xa2 /cygdrive/c/CmpE146Package/GNUARM/bin/../lib/gcc/arm-elf/4.3.2/libgcc.a(_divsi3.o)
 .debug_line    0x00000138       0x7f /cygdrive/c/CmpE146Package/GNUARM/bin/../lib/gcc/arm-elf/4.3.2/libgcc.a(_umodsi3.o)
 .debug_line    0x000001b7       0x6a /cygdrive/c/CmpE146Package/GNUARM/bin/../lib/gcc/arm-elf/4.3.2/libgcc.a(_dvmd_tls.o)
 .debug_line    0x00000221      0x10e /cygdrive/c/CmpE146Package/GNUARM/bin/../lib/gcc/arm-elf/4.3.2/libgcc.a(_divdi3.o)
 .debug_line    0x0000032f       0xf3 /cygdrive/c/CmpE146Package/GNUARM/bin/../lib/gcc/arm-elf/4.3.2/libgcc.a(_udivdi3.o)
 .debug_line    0x00000422       0x58 /cygdrive/c/CmpE146Package/GNUARM/bin/../lib/gcc/arm-elf/4.3.2/libgcc.a(_clz.o)
 .debug_line    0x0000047a       0xf2 /cygdrive/c/CmpE146Package/GNUARM/bin/../lib/gcc/arm-elf/4.3.2/../../../../arm-elf/lib/libc.a(lib_a-atoi.o)
 .debug_line    0x0000056c       0xfe /cygdrive/c/CmpE146Package/GNUARM/bin/../lib/gcc/arm-elf/4.3.2/../../../../arm-elf/lib/libc.a(lib_a-iprintf.o)
 .debug_line    0x0000066a       0xf8 /cygdrive/c/CmpE146Package/GNUARM/bin/../lib/gcc/arm-elf/4.3.2/../../../../arm-elf/lib/libc.a(lib_a-malloc.o)
 .debug_line    0x00000762      0x227 /cygdrive/c/CmpE146Package/GNUARM/bin/../lib/gcc/arm-elf/4.3.2/../../../../arm-elf/lib/libc.a(lib_a-mallocr.o)
 .debug_line    0x00000989       0xc3 /cygdrive/c/CmpE146Package/GNUARM/bin/../lib/gcc/arm-elf/4.3.2/../../../../arm-elf/lib/libc.a(lib_a-memcmp.o)
 .debug_line    0x00000a4c       0xda /cygdrive/c/CmpE146Package/GNUARM/bin/../lib/gcc/arm-elf/4.3.2/../../../../arm-elf/lib/libc.a(lib_a-memcpy.o)
 .debug_line    0x00000b26       0xe1 /cygdrive/c/CmpE146Package/GNUARM/bin/../lib/gcc/arm-elf/4.3.2/../../../../arm-elf/lib/libc.a(lib_a-memset.o)
 .debug_line    0x00000c07       0xec /cygdrive/c/CmpE146Package/GNUARM/bin/../lib/gcc/arm-elf/4.3.2/../../../../arm-elf/lib/libc.a(lib_a-mlock.o)
 .debug_line    0x00000cf3      0x15f /cygdrive/c/CmpE146Package/GNUARM/bin/../lib/gcc/arm-elf/4.3.2/../../../../arm-elf/lib/libc.a(lib_a-siprintf.o)
 .debug_line    0x00000e52       0x86 /cygdrive/c/CmpE146Package/GNUARM/bin/../lib/gcc/arm-elf/4.3.2/../../../../arm-elf/lib/libc.a(lib_a-strcmp.o)
 .debug_line    0x00000ed8       0xac /cygdrive/c/CmpE146Package/GNUARM/bin/../lib/gcc/arm-elf/4.3.2/../../../../arm-elf/lib/libc.a(lib_a-strlen.o)
 .debug_line    0x00000f84       0xd3 /cygdrive/c/CmpE146Package/GNUARM/bin/../lib/gcc/arm-elf/4.3.2/../../../../arm-elf/lib/libc.a(lib_a-strncpy.o)
 .debug_line    0x00001057       0xee /cygdrive/c/CmpE146Package/GNUARM/bin/../lib/gcc/arm-elf/4.3.2/../../../../arm-elf/lib/libc.a(lib_a-strtok.o)
 .debug_line    0x00001145       0x9f /cygdrive/c/CmpE146Package/GNUARM/bin/../lib/gcc/arm-elf/4.3.2/../../../../arm-elf/lib/libc.a(lib_a-strtok_r.o)
 .debug_line    0x000011e4      0x174 /cygdrive/c/CmpE146Package/GNUARM/bin/../lib/gcc/arm-elf/4.3.2/../../../../arm-elf/lib/libc.a(lib_a-strtol.o)
 .debug_line    0x00001358      0x382 /cygdrive/c/CmpE146Package/GNUARM/bin/../lib/gcc/arm-elf/4.3.2/../../../../arm-elf/lib/libc.a(lib_a-vfiprintf.o)
 .debug_line    0x000016da      0x14a /cygdrive/c/CmpE146Package/GNUARM/bin/../lib/gcc/arm-elf/4.3.2/../../../../arm-elf/lib/libc.a(lib_a-wsetup.o)
 .debug_line    0x00001824       0x58 /cygdrive/c/CmpE146Package/GNUARM/bin/../lib/gcc/arm-elf/4.3.2/../../../../arm-elf/lib/libc.a(lib_a-ctype_.o)